Component: ARM Compiler 5.05 update 1 (build 106) Tool: armlink [4d0efa]

==============================================================================

Section Cross References

    main.o(i.AutoReloadCallback) refers to types.o(i.Send_data) for Send_data
    main.o(i.KEY_task) refers to key.o(i.KEY_Scan) for KEY_Scan
    main.o(i.KEY_task) refers to key.o(i.FAN_set) for FAN_set
    main.o(i.KEY_task) refers to tasks.o(i.vTaskDelay) for vTaskDelay
    main.o(i.KEY_task) refers to key.o(.data) for SYS_STA
    main.o(i.UART1_task) refers to queue.o(i.xQueueGenericReceive) for xQueueGenericReceive
    main.o(i.UART1_task) refers to malloc.o(i.mymemcpy) for mymemcpy
    main.o(i.UART1_task) refers to types.o(i.CommandProcess) for CommandProcess
    main.o(i.UART1_task) refers to rt_memclr.o(.text) for __aeabi_memclr
    main.o(i.UART1_task) refers to rt_memclr_w.o(.text) for __aeabi_memclr4
    main.o(i.UART1_task) refers to tasks.o(i.vTaskDelay) for vTaskDelay
    main.o(i.UART1_task) refers to main.o(.data) for .data
    main.o(i.UART1_task) refers to usart.o(.data) for USART_RX_STA
    main.o(i.UART1_task) refers to usart.o(.bss) for USART_RX_BUF
    main.o(i.UART2_task) refers to queue.o(i.xQueueGenericReceive) for xQueueGenericReceive
    main.o(i.UART2_task) refers to malloc.o(i.mymemcpy) for mymemcpy
    main.o(i.UART2_task) refers to rt_memclr.o(.text) for __aeabi_memclr
    main.o(i.UART2_task) refers to tasks.o(i.vTaskDelay) for vTaskDelay
    main.o(i.UART2_task) refers to main.o(.data) for .data
    main.o(i.UART2_task) refers to usart.o(.data) for USART2_RX_STA
    main.o(i.UART2_task) refers to usart.o(.bss) for USART2_RX_BUF
    main.o(i.UART2_task) refers to types.o(.bss) for PM25_data
    main.o(i.main) refers to misc.o(i.NVIC_PriorityGroupConfig) for NVIC_PriorityGroupConfig
    main.o(i.main) refers to delay.o(i.delay_init) for delay_init
    main.o(i.main) refers to usart.o(i.myuart_init) for myuart_init
    main.o(i.main) refers to led.o(i.LED_Init) for LED_Init
    main.o(i.main) refers to key.o(i.KEY_Init) for KEY_Init
    main.o(i.main) refers to beep.o(i.BEEP_Init) for BEEP_Init
    main.o(i.main) refers to sht3x.o(i.SHT3X_Init) for SHT3X_Init
    main.o(i.main) refers to malloc.o(i.my_mem_init) for my_mem_init
    main.o(i.main) refers to stmflash.o(i.STMFLASH_Read) for STMFLASH_Read
    main.o(i.main) refers to tasks.o(i.xTaskCreate) for xTaskCreate
    main.o(i.main) refers to tasks.o(i.vTaskStartScheduler) for vTaskStartScheduler
    main.o(i.main) refers to types.o(.data) for DEV_ID
    main.o(i.main) refers to main.o(.data) for .data
    main.o(i.main) refers to main.o(i.start_task) for start_task
    main.o(i.start_task) refers to port.o(i.vPortEnterCritical) for vPortEnterCritical
    main.o(i.start_task) refers to queue.o(i.xQueueGenericCreate) for xQueueGenericCreate
    main.o(i.start_task) refers to timers.o(i.xTimerCreate) for xTimerCreate
    main.o(i.start_task) refers to tasks.o(i.xTaskGetTickCount) for xTaskGetTickCount
    main.o(i.start_task) refers to timers.o(i.xTimerGenericCommand) for xTimerGenericCommand
    main.o(i.start_task) refers to tasks.o(i.xTaskCreate) for xTaskCreate
    main.o(i.start_task) refers to tasks.o(i.vTaskDelete) for vTaskDelete
    main.o(i.start_task) refers to port.o(i.vPortExitCritical) for vPortExitCritical
    main.o(i.start_task) refers to main.o(.data) for .data
    main.o(i.start_task) refers to main.o(i.AutoReloadCallback) for AutoReloadCallback
    main.o(i.start_task) refers to main.o(i.UART2_task) for UART2_task
    main.o(i.start_task) refers to main.o(i.UART1_task) for UART1_task
    main.o(i.start_task) refers to main.o(i.KEY_task) for KEY_task
    system_stm32f10x.o(i.SystemCoreClockUpdate) refers to system_stm32f10x.o(.data) for .data
    system_stm32f10x.o(i.SystemInit) refers to system_stm32f10x.o(i.SetSysClockTo72) for SetSysClockTo72
    types.o(i.CommandProcess) refers to malloc.o(i.mymemcpy) for mymemcpy
    types.o(i.CommandProcess) refers to key.o(i.FAN_set) for FAN_set
    types.o(i.CommandProcess) refers to stmflash.o(i.STMFLASH_Write) for STMFLASH_Write
    types.o(i.CommandProcess) refers to usart.o(i.myuart_send) for myuart_send
    types.o(i.CommandProcess) refers to types.o(.bss) for .bss
    types.o(i.CommandProcess) refers to types.o(.data) for .data
    types.o(i.Send_data) refers to malloc.o(i.mymemcpy) for mymemcpy
    types.o(i.Send_data) refers to sht3x.o(i.SHT3X_GetTempAndHumi) for SHT3X_GetTempAndHumi
    types.o(i.Send_data) refers to ffix.o(x$fpl$ffix) for __aeabi_f2iz
    types.o(i.Send_data) refers to usart.o(i.myuart_send) for myuart_send
    types.o(i.Send_data) refers to types.o(.data) for .data
    types.o(i.Send_data) refers to types.o(.bss) for .bss
    led.o(i.LED_Init) refers to stm32f10x_rcc.o(i.RCC_APB2PeriphClockCmd) for RCC_APB2PeriphClockCmd
    led.o(i.LED_Init) refers to stm32f10x_gpio.o(i.GPIO_Init) for GPIO_Init
[...]
    i.prvHeapInit                            0x08001fc8   Section        0  heap_4.o(i.prvHeapInit)
    prvHeapInit                              0x08001fc9   Thumb Code    66  heap_4.o(i.prvHeapInit)
    i.prvIdleTask                            0x08002014   Section        0  tasks.o(i.prvIdleTask)
    prvIdleTask                              0x08002015   Thumb Code    82  tasks.o(i.prvIdleTask)
    i.prvInitialiseNewTask                   0x08002098   Section        0  tasks.o(i.prvInitialiseNewTask)
    prvInitialiseNewTask                     0x08002099   Thumb Code   156  tasks.o(i.prvInitialiseNewTask)
    i.prvInsertBlockIntoFreeList             0x08002158   Section        0  heap_4.o(i.prvInsertBlockIntoFreeList)
    prvInsertBlockIntoFreeList               0x08002159   Thumb Code    72  heap_4.o(i.prvInsertBlockIntoFreeList)
    i.prvInsertTimerInActiveList             0x080021a4   Section        0  timers.o(i.prvInsertTimerInActiveList)
    prvInsertTimerInActiveList               0x080021a5   Thumb Code    52  timers.o(i.prvInsertTimerInActiveList)
    i.prvIsQueueEmpty                        0x080021dc   Section        0  queue.o(i.prvIsQueueEmpty)
    prvIsQueueEmpty                          0x080021dd   Thumb Code    26  queue.o(i.prvIsQueueEmpty)
    i.prvNotifyQueueSetContainer             0x080021f8   Section        0  queue.o(i.prvNotifyQueueSetContainer)
    prvNotifyQueueSetContainer               0x080021f9   Thumb Code   108  queue.o(i.prvNotifyQueueSetContainer)
    i.prvProcessExpiredTimer                 0x08002288   Section        0  timers.o(i.prvProcessExpiredTimer)
    prvProcessExpiredTimer                   0x08002289   Thumb Code    86  timers.o(i.prvProcessExpiredTimer)
    i.prvProcessReceivedCommands             0x080022e8   Section        0  timers.o(i.prvProcessReceivedCommands)
    prvProcessReceivedCommands               0x080022e9   Thumb Code   196  timers.o(i.prvProcessReceivedCommands)
    i.prvProcessTimerOrBlockTask             0x080023d8   Section        0  timers.o(i.prvProcessTimerOrBlockTask)
    prvProcessTimerOrBlockTask               0x080023d9   Thumb Code    98  timers.o(i.prvProcessTimerOrBlockTask)
    i.prvResetNextTaskUnblockTime            0x08002444   Section        0  tasks.o(i.prvResetNextTaskUnblockTime)
    prvResetNextTaskUnblockTime              0x08002445   Thumb Code    26  tasks.o(i.prvResetNextTaskUnblockTime)
    i.prvSampleTimeNow                       0x08002464   Section        0  timers.o(i.prvSampleTimeNow)
    prvSampleTimeNow                         0x08002465   Thumb Code    36  timers.o(i.prvSampleTimeNow)
    i.prvSwitchTimerLists                    0x0800248c   Section        0  timers.o(i.prvSwitchTimerLists)
    prvSwitchTimerLists                      0x0800248d   Thumb Code   100  timers.o(i.prvSwitchTimerLists)
    i.prvTaskExitError                       0x080024f8   Section        0  port.o(i.prvTaskExitError)
    prvTaskExitError                         0x080024f9   Thumb Code    34  port.o(i.prvTaskExitError)
    i.prvTimerTask                           0x0800255c   Section        0  timers.o(i.prvTimerTask)
    prvTimerTask                             0x0800255d   Thumb Code    34  timers.o(i.prvTimerTask)
    i.prvUnlockQueue                         0x08002584   Section        0  queue.o(i.prvUnlockQueue)
    prvUnlockQueue                           0x08002585   Thumb Code   120  queue.o(i.prvUnlockQueue)
    i.pvPortMalloc                           0x080025fc   Section        0  heap_4.o(i.pvPortMalloc)
    i.pvTaskIncrementMutexHeldCount          0x08002710   Section        0  tasks.o(i.pvTaskIncrementMutexHeldCount)
    i.pxPortInitialiseStack                  0x08002728   Section        0  port.o(i.pxPortInitialiseStack)
    i.start_task                             0x0800274c   Section        0  main.o(i.start_task)
    i.uart_init                              0x08002834   Section        0  usart.o(i.uart_init)
    i.uart_init2                             0x080028d8   Section        0  usart.o(i.uart_init2)
    i.uxListRemove                           0x0800297c   Section        0  list.o(i.uxListRemove)
    i.vListInitialise                        0x080029a0   Section        0  list.o(i.vListInitialise)
    i.vListInitialiseItem                    0x080029b6   Section        0  list.o(i.vListInitialiseItem)
    i.vListInsert                            0x080029bc   Section        0  list.o(i.vListInsert)
    i.vListInsertEnd                         0x080029ec   Section        0  list.o(i.vListInsertEnd)
    i.vPortEnterCritical                     0x08002a04   Section        0  port.o(i.vPortEnterCritical)
    i.vPortExitCritical                      0x08002a7c   Section        0  port.o(i.vPortExitCritical)
    i.vPortFree                              0x08002ae0   Section        0  heap_4.o(i.vPortFree)
    i.vPortSetupTimerInterrupt               0x08002b7c   Section        0  port.o(i.vPortSetupTimerInterrupt)
    i.vPortSuppressTicksAndSleep             0x08002bc0   Section        0  port.o(i.vPortSuppressTicksAndSleep)
    i.vPortValidateInterruptPriority         0x08002ca8   Section        0  port.o(i.vPortValidateInterruptPriority)
    i.vQueueAddToRegistry                    0x08002d34   Section        0  queue.o(i.vQueueAddToRegistry)
    i.vQueueWaitForMessageRestricted         0x08002d58   Section        0  queue.o(i.vQueueWaitForMessageRestricted)
    i.vTaskDelay                             0x08002d9c   Section        0  tasks.o(i.vTaskDelay)
    i.vTaskDelete                            0x08002e08   Section        0  tasks.o(i.vTaskDelete)
    i.vTaskMissedYield                       0x08002ed4   Section        0  tasks.o(i.vTaskMissedYield)
    i.vTaskPlaceOnEventList                  0x08002ee0   Section        0  tasks.o(i.vTaskPlaceOnEventList)
    i.vTaskPlaceOnEventListRestricted        0x08002f34   Section        0  tasks.o(i.vTaskPlaceOnEventListRestricted)
    i.vTaskPriorityInherit                   0x08002f90   Section        0  tasks.o(i.vTaskPriorityInherit)
    i.vTaskSetTimeOutState                   0x08003014   Section        0  tasks.o(i.vTaskSetTimeOutState)
    i.vTaskStartScheduler                    0x0800305c   Section        0  tasks.o(i.vTaskStartScheduler)
    i.vTaskStepTick                          0x080030f4   Section        0  tasks.o(i.vTaskStepTick)
    i.vTaskSuspendAll                        0x08003140   Section        0  tasks.o(i.vTaskSuspendAll)
    i.vTaskSwitchContext                     0x08003150   Section        0  tasks.o(i.vTaskSwitchContext)
    i.xPortStartScheduler                    0x080031ec   Section        0  port.o(i.xPortStartScheduler)
    i.xPortSysTickHandler                    0x08003264   Section        0  port.o(i.xPortSysTickHandler)
    i.xQueueGenericCreate                    0x08003290   Section        0  queue.o(i.xQueueGenericCreate)
    i.xQueueGenericReceive                   0x08003308   Section        0  queue.o(i.xQueueGenericReceive)
    i.xQueueGenericReset                     0x0800348c   Section        0  queue.o(i.xQueueGenericReset)
    i.xQueueGenericSend                      0x08003534   Section        0  queue.o(i.xQueueGenericSend)
    i.xQueueGenericSendFromISR               0x080036bc   Section        0  queue.o(i.xQueueGenericSendFromISR)
    i.xQueueGiveFromISR                      0x0800379c   Section        0  queue.o(i.xQueueGiveFromISR)
    i.xTaskCheckForTimeOut                   0x08003864   Section        0  tasks.o(i.xTaskCheckForTimeOut)
    i.xTaskCreate                            0x080038ec   Section        0  tasks.o(i.xTaskCreate)
    i.xTaskGetSchedulerState                 0x08003944   Section        0  tasks.o(i.xTaskGetSchedulerState)
    i.xTaskGetTickCount                      0x08003960   Section        0  tasks.o(i.xTaskGetTickCount)
    i.xTaskIncrementTick                     0x0800396c   Section        0  tasks.o(i.xTaskIncrementTick)
    i.xTaskPriorityDisinherit                0x08003a54   Section        0  tasks.o(i.xTaskPriorityDisinherit)
    i.xTaskRemoveFromEventList               0x08003b08   Section        0  tasks.o(i.xTaskRemoveFromEventList)
    i.xTaskResumeAll                         0x08003ba4   Section        0  tasks.o(i.xTaskResumeAll)
    i.xTimerCreate                           0x08003c88   Section        0  timers.o(i.xTimerCreate)
    i.xTimerCreateTimerTask                  0x08003cfc   Section        0  timers.o(i.xTimerCreateTimerTask)
    i.xTimerGenericCommand                   0x08003d70   Section        0  timers.o(i.xTimerGenericCommand)
    x$fpl$fadd                               0x08003e00   Section      196  faddsub_clz.o(x$fpl$fadd)
    _fadd1                                   0x08003e0f   Thumb Code     0  faddsub_clz.o(x$fpl$fadd)
    x$fpl$fdiv                               0x08003ec4   Section      388  fdiv.o(x$fpl$fdiv)
    _fdiv1                                   0x08003ec5   Thumb Code     0  fdiv.o(x$fpl$fdiv)
    x$fpl$ffix                               0x08004048   Section       54  ffix.o(x$fpl$ffix)
    x$fpl$ffltu                              0x08004080   Section       38  fflt_clz.o(x$fpl$ffltu)
    x$fpl$fmul                               0x080040a8   Section      258  fmul.o(x$fpl$fmul)
    x$fpl$fnaninf                            0x080041aa   Section      140  fnaninf.o(x$fpl$fnaninf)
    x$fpl$fretinf                            0x08004236   Section       10  fretinf.o(x$fpl$fretinf)
    x$fpl$fsub                               0x08004240   Section      234  faddsub_clz.o(x$fpl$fsub)
    _fsub1                                   0x0800424f   Thumb Code     0  faddsub_clz.o(x$fpl$fsub)
    x$fpl$usenofp                            0x0800432a   Section        0  usenofp.o(x$fpl$usenofp)
    .constdata                               0x0800432c   Section       24  malloc.o(.constdata)
    .data                                    0x20000000   Section       28  main.o(.data)
    .data                                    0x2000001c   Section       20  system_stm32f10x.o(.data)
    .data                                    0x20000030   Section       16  types.o(.data)
    .data                                    0x20000040   Section        8  timer.o(.data)
    .data                                    0x20000048   Section        2  key.o(.data)
    key_up                                   0x20000049   Data           1  key.o(.data)
    .data                                    0x2000004a   Section        2  sht3x.o(.data)
    .data                                    0x2000004c   Section        4  delay.o(.data)
    fac_us                                   0x2000004c   Data           1  delay.o(.data)
    fac_ms                                   0x2000004e   Data           2  delay.o(.data)
    .data                                    0x20000050   Section        4  usart.o(.data)
    .data                                    0x20000054   Section        4  usart.o(.data)
    .data                                    0x20000058   Section       20  stm32f10x_rcc.o(.data)
    ADCPrescTable                            0x20000058   Data           4  stm32f10x_rcc.o(.data)
    APBAHBPrescTable                         0x2000005c   Data          16  stm32f10x_rcc.o(.data)
    .data                                    0x2000006c   Section       28  malloc.o(.data)
    .data                                    0x20000088   Section       68  tasks.o(.data)
    uxDeletedTasksWaitingCleanUp             0x2000008c   Data           4  tasks.o(.data)
    uxCurrentNumberOfTasks                   0x20000090   Data           4  tasks.o(.data)
    xTickCount                               0x20000094   Data           4  tasks.o(.data)
    uxTopReadyPriority                       0x20000098   Data           4  tasks.o(.data)
    xSchedulerRunning                        0x2000009c   Data           4  tasks.o(.data)
    uxPendedTicks                            0x200000a0   Data           4  tasks.o(.data)
    xYieldPending                            0x200000a4   Data           4  tasks.o(.data)
    xNumOfOverflows                          0x200000a8   Data           4  tasks.o(.data)
    uxTaskNumber                             0x200000ac   Data           4  tasks.o(.data)
    xNextTaskUnblockTime                     0x200000b0   Data           4  tasks.o(.data)
    xIdleTaskHandle                          0x200000b4   Data           4  tasks.o(.data)
    uxSchedulerSuspended                     0x200000b8   Data           4  tasks.o(.data)
    ulTaskSwitchedInTime                     0x200000bc   Data           4  tasks.o(.data)
    ulTotalRunTime                           0x200000c0   Data           4  tasks.o(.data)
    pxDelayedTaskList                        0x200000c4   Data           4  tasks.o(.data)
    pxOverflowDelayedTaskList                0x200000c8   Data           4  tasks.o(.data)
    .data                                    0x200000cc   Section       20  timers.o(.data)
    xTimerQueue                              0x200000cc   Data           4  timers.o(.data)
    xTimerTaskHandle                         0x200000d0   Data           4  timers.o(.data)
    xLastTime                                0x200000d4   Data           4  timers.o(.data)
    pxCurrentTimerList                       0x200000d8   Data           4  timers.o(.data)
    pxOverflowTimerList                      0x200000dc   Data           4  timers.o(.data)
    .data                                    0x200000e0   Section       24  heap_4.o(.data)
    pxEnd                                    0x200000e0   Data           4  heap_4.o(.data)
    xFreeBytesRemaining                      0x200000e4   Data           4  heap_4.o(.data)
    xMinimumEverFreeBytesRemaining           0x200000e8   Data           4  heap_4.o(.data)
    xBlockAllocatedBit                       0x200000ec   Data           4  heap_4.o(.data)
    xStart                                   0x200000f0   Data           8  heap_4.o(.data)
    .data                                    0x200000f8   Section       24  port.o(.data)
    ucMaxSysCallPriority                     0x200000f8   Data           1  port.o(.data)
    uxCriticalNesting                        0x200000fc   Data           4  port.o(.data)
    ulTimerCountsForOneTick                  0x20000100   Data           4  port.o(.data)
    xMaximumPossibleSuppressedTicks          0x20000104   Data           4  port.o(.data)
    ulStoppedTimerCompensation               0x20000108   Data           4  port.o(.data)
    ulMaxPRIGROUPValue                       0x2000010c   Data           4  port.o(.data)
    .bss                                     0x20000110   Section      151  types.o(.bss)
    .bss                                     0x200001a8   Section     1024  stmflash.o(.bss)
    .bss                                     0x200005a8   Section      400  usart.o(.bss)
    .bss                                     0x20000740   Section    20480  malloc.o(.bss)
    .bss                                     0x20005740   Section     1280  malloc.o(.bss)
    .bss                                     0x20005c40   Section       64  queue.o(.bss)
    .bss                                     0x20005c80   Section      740  tasks.o(.bss)
    pxReadyTasksLists                        0x20005c80   Data         640  tasks.o(.bss)
    xDelayedTaskList1                        0x20005f00   Data          20  tasks.o(.bss)
    xDelayedTaskList2                        0x20005f14   Data          20  tasks.o(.bss)
    xPendingReadyList                        0x20005f28   Data          20  tasks.o(.bss)
    xTasksWaitingTermination                 0x20005f3c   Data          20  tasks.o(.bss)
    xSuspendedTaskList                       0x20005f50   Data          20  tasks.o(.bss)
    .bss                                     0x20005f64   Section       40  timers.o(.bss)
    xActiveTimerList1                        0x20005f64   Data          20  timers.o(.bss)
    xActiveTimerList2                        0x20005f78   Data          20  timers.o(.bss)
    .bss                                     0x20005f8c   Section    20480  heap_4.o(.bss)
    ucHeap                                   0x20005f8c   Data       20480  heap_4.o(.bss)
    .bss                                     0x2000af8c   Section       96  libspace.o(.bss)
    HEAP                                     0x2000aff0   Section      512  startup_stm32f10x_hd.o(HEAP)
    Heap_Mem                                 0x2000aff0   Data         512  startup_stm32f10x_hd.o(HEAP)
    STACK                                    0x2000b1f0   Section     1024  startup_stm32f10x_hd.o(STACK)
    Stack_Mem                                0x2000b1f0   Data        1024  startup_stm32f10x_hd.o(STACK)
    __initial_sp                             0x2000b5f0   Data           0  startup_stm32f10x_hd.o(STACK)
    .ARM.__AT_0x68000000                     0x68000000   Section    983040  malloc.o(.ARM.__AT_0x68000000)
    .ARM.__AT_0x680F0000                     0x680f0000   Section    61440  malloc.o(.ARM.__AT_0x680F0000)

    Global Symbols

    Symbol Name                              Value     Ov Type        Size  Object(Section)

    BuildAttributes$$THM_ISAv4$P$D$K$B$S$PE$A:L22UL41UL21$X:L11$S22US41US21$IEEE1$IW$USESV6$~STKCKD$USESV7$~SHL$OSPACE$ROPI$EBA8$UX$STANDARDLIB$REQ8$PRES8$EABIv2 0x00000000   Number         0  anon$$obj.o ABSOLUTE
    __ARM_use_no_argv                        0x00000000   Number         0  main.o ABSOLUTE
    __ARM_exceptions_init                     - Undefined Weak Reference
    __alloca_initialize                       - Undefined Weak Reference
    __arm_preinit_                            - Undefined Weak Reference
    __cpp_initialize__aeabi_                  - Undefined Weak Reference
    __cxa_finalize                            - Undefined Weak Reference
    __rt_locale                               - Undefined Weak Reference
    __sigvec_lookup                           - Undefined Weak Reference
    _atexit_init                              - Undefined Weak Reference
    _call_atexit_fns                          - Undefined Weak Reference
    _clock_init                               - Undefined Weak Reference
    _fp_trap_init                             - Undefined Weak Reference
    _fp_trap_shutdown                         - Undefined Weak Reference
    _get_lc_collate                           - Undefined Weak Reference
    _get_lc_ctype                             - Undefined Weak Reference
    _get_lc_monetary                          - Undefined Weak Reference
    _get_lc_numeric                           - Undefined Weak Reference
    _get_lc_time                              - Undefined Weak Reference
    _getenv_init                              - Undefined Weak Reference
    _handle_redirection                       - Undefined Weak Reference
    _init_alloc                               - Undefined Weak Reference
    _init_user_alloc                          - Undefined Weak Reference
    _initio                                   - Undefined Weak Reference
    _mutex_acquire                            - Undefined Weak Reference
    _mutex_release                            - Undefined Weak Reference
    _printf_mbtowc                            - Undefined Weak Reference
    _printf_post_padding                      - Undefined Weak Reference
    _printf_pre_padding                       - Undefined Weak Reference
    _printf_truncate_signed                   - Undefined Weak Reference
    _printf_truncate_unsigned                 - Undefined Weak Reference
    _rand_init                                - Undefined Weak Reference
    _signal_finish                            - Undefined Weak Reference
    _signal_init                              - Undefined Weak Reference
    _terminate_alloc                          - Undefined Weak Reference
    _terminate_user_alloc                     - Undefined Weak Reference
    _terminateio                              - Undefined Weak Reference
    __Vectors_Size                           0x00000130   Number         0  startup_stm32f10x_hd.o ABSOLUTE
    __Vectors                                0x08000000   Data           4  startup_stm32f10x_hd.o(RESET)
    __Vectors_End                            0x08000130   Data           0  startup_stm32f10x_hd.o(RESET)
    __main                                   0x08000131   Thumb Code     8  __main.o(!!!main)
    __scatterload                            0x08000139   Thumb Code     0  __scatter.o(!!!scatter)
    __scatterload_rt2                        0x08000139   Thumb Code    44  __scatter.o(!!!scatter)
    __scatterload_rt2_thumb_only             0x08000139   Thumb Code     0  __scatter.o(!!!scatter)
    __scatterload_null                       0x08000147   Thumb Code     0  __scatter.o(!!!scatter)
    __scatterload_copy                       0x0800016d   Thumb Code    26  __scatter_copy.o(!!handler_copy)
    __scatterload_zeroinit                   0x08000189   Thumb Code    28  __scatter_zi.o(!!handler_zi)
    _printf_d                                0x080001a5   Thumb Code     0  _printf_d.o(.ARM.Collect$$_printf_percent$$00000009)
    _printf_percent                          0x080001a5   Thumb Code     0  _printf_percent.o(.ARM.Collect$$_printf_percent$$00000000)
    _printf_s                                0x080001ab   Thumb Code     0  _printf_s.o(.ARM.Collect$$_printf_percent$$00000014)
    _printf_percent_end                      0x080001b1   Thumb Code     0  _printf_percent_end.o(.ARM.Collect$$_printf_percent$$00000017)
    __rt_lib_init                            0x080001b5   Thumb Code     0  libinit.o(.ARM.Collect$$libinit$$00000000)
    __rt_lib_init_alloca_1                   0x080001b7   Thumb Code     0  libinit2.o(.ARM.Collect$$libinit$$0000002E)
    __rt_lib_init_argv_1                     0x080001b7   Thumb Code     0  libinit2.o(.ARM.Collect$$libinit$$0000002C)
    __rt_lib_init_atexit_1                   0x080001b7   Thumb Code     0  libinit2.o(.ARM.Collect$$libinit$$0000001B)
    __rt_lib_init_clock_1                    0x080001b7   Thumb Code     0  libinit2.o(.ARM.Collect$$libinit$$00000021)
    __rt_lib_init_cpp_1                      0x080001b7   Thumb Code     0  libinit2.o(.ARM.Collect$$libinit$$00000032)
    __rt_lib_init_exceptions_1               0x080001b7   Thumb Code     0  libinit2.o(.ARM.Collect$$libinit$$00000030)
    __rt_lib_init_fp_1                       0x080001b7   Thumb Code     0  libinit2.o(.ARM.Collect$$libinit$$00000002)
    __rt_lib_init_fp_trap_1                  0x080001b7   Thumb Code     0  libinit2.o(.ARM.Collect$$libinit$$0000001F)
    __rt_lib_init_getenv_1                   0x080001b7   Thumb Code     0  libinit2.o(.ARM.Collect$$libinit$$00000023)
    __rt_lib_init_heap_1                     0x080001b7   Thumb Code     0  libinit2.o(.ARM.Collect$$libinit$$0000000A)
    __rt_lib_init_lc_collate_1               0x080001b7   Thumb Code     0  libinit2.o(.ARM.Collect$$libinit$$00000011)
    __rt_lib_init_lc_ctype_1                 0x080001b7   Thumb Code     0  libinit2.o(.ARM.Collect$$libinit$$00000013)
    __rt_lib_init_lc_monetary_1              0x080001b7   Thumb Code     0  libinit2.o(.ARM.Collect$$libinit$$00000015)
    __rt_lib_init_lc_numeric_1               0x080001b7   Thumb Code     0  libinit2.o(.ARM.Collect$$libinit$$00000017)
    __rt_lib_init_lc_time_1                  0x080001b7   Thumb Code     0  libinit2.o(.ARM.Collect$$libinit$$00000019)
    __rt_lib_init_preinit_1                  0x080001b7   Thumb Code     0  libinit2.o(.ARM.Collect$$libinit$$00000004)
    __rt_lib_init_rand_1                     0x080001b7   Thumb Code     0  libinit2.o(.ARM.Collect$$libinit$$0000000E)
    __rt_lib_init_return                     0x080001b7   Thumb Code     0  libinit2.o(.ARM.Collect$$libinit$$00000033)
    __rt_lib_init_signal_1                   0x080001b7   Thumb Code     0  libinit2.o(.ARM.Collect$$libinit$$0000001D)
    __rt_lib_init_stdio_1                    0x080001b7   Thumb Code     0  libinit2.o(.ARM.Collect$$libinit$$00000025)
    __rt_lib_init_user_alloc_1               0x080001b7   Thumb Code     0  libinit2.o(.ARM.Collect$$libinit$$0000000C)
    __rt_lib_shutdown                        0x080001b9   Thumb Code     0  libshutdown.o(.ARM.Collect$$libshutdown$$00000000)
    __rt_lib_shutdown_fp_trap_1              0x080001bb   Thumb Code     0  libshutdown2.o(.ARM.Collect$$libshutdown$$00000006)
    __rt_lib_shutdown_heap_1                 0x080001bb   Thumb Code     0  libshutdown2.o(.ARM.Collect$$libshutdown$$0000000E)
    __rt_lib_shutdown_return                 0x080001bb   Thumb Code     0  libshutdown2.o(.ARM.Collect$$libshutdown$$0000000F)
    __rt_lib_shutdown_signal_1               0x080001bb   Thumb Code     0  libshutdown2.o(.ARM.Collect$$libshutdown$$00000009)
    __rt_lib_shutdown_stdio_1                0x080001bb   Thumb Code     0  libshutdown2.o(.ARM.Collect$$libshutdown$$00000003)
    __rt_lib_shutdown_user_alloc_1           0x080001bb   Thumb Code     0  libshutdown2.o(.ARM.Collect$$libshutdown$$0000000B)
    __rt_entry                               0x080001bd   Thumb Code     0  __rtentry.o(.ARM.Collect$$rtentry$$00000000)
    __rt_entry_presh_1                       0x080001bd   Thumb Code     0  __rtentry2.o(.ARM.Collect$$rtentry$$00000002)
    __rt_entry_sh                            0x080001bd   Thumb Code     0  __rtentry4.o(.ARM.Collect$$rtentry$$00000004)
    __rt_entry_li                            0x080001c3   Thumb Code     0  __rtentry2.o(.ARM.Collect$$rtentry$$0000000A)
    __rt_entry_postsh_1                      0x080001c3   Thumb Code     0  __rtentry2.o(.ARM.Collect$$rtentry$$00000009)
    __rt_entry_main                          0x080001c7   Thumb Code     0  __rtentry2.o(.ARM.Collect$$rtentry$$0000000D)
    __rt_entry_postli_1                      0x080001c7   Thumb Code     0  __rtentry2.o(.ARM.Collect$$rtentry$$0000000C)
    __rt_exit                                0x080001cf   Thumb Code     0  rtexit.o(.ARM.Collect$$rtexit$$00000000)
    __rt_exit_ls                             0x080001d1   Thumb Code     0  rtexit2.o(.ARM.Collect$$rtexit$$00000003)
    __rt_exit_prels_1                        0x080001d1   Thumb Code     0  rtexit2.o(.ARM.Collect$$rtexit$$00000002)
    __rt_exit_exit                           0x080001d5   Thumb Code     0  rtexit2.o(.ARM.Collect$$rtexit$$00000004)
    SVC_Handler                              0x080001dd   Thumb Code    32  port.o(.emb_text)
    __asm___6_port_c_39a90d8d__prvStartFirstTask 0x08000201   Thumb Code    28  port.o(.emb_text)
    PendSV_Handler                           0x08000221   Thumb Code    72  port.o(.emb_text)
    vPortGetIPSR                             0x0800026d   Thumb Code     6  port.o(.emb_text)
    Reset_Handler                            0x08000275   Thumb Code     8  startup_stm32f10x_hd.o(.text)
    ADC1_2_IRQHandler                        0x0800028f   Thumb Code     0  startup_stm32f10x_hd.o(.text)
    ADC3_IRQHandler                          0x0800028f   Thumb Code     0  startup_stm32f10x_hd.o(.text)
    CAN1_RX1_IRQHandler                      0x0800028f   Thumb Code     0  startup_stm32f10x_hd.o(.text)
    CAN1_SCE_IRQHandler                      0x0800028f   Thumb Code     0  startup_stm32f10x_hd.o(.text)
    DMA1_Channel1_IRQHandler                 0x0800028f   Thumb Code     0  startup_stm32f10x_hd.o(.text)
    DMA1_Channel2_IRQHandler                 0x0800028f   Thumb Code     0  startup_stm32f10x_hd.o(.text)
    DMA1_Channel3_IRQHandler                 0x0800028f   Thumb Code     0  startup_stm32f10x_hd.o(.text)
    DMA1_Channel4_IRQHandler                 0x0800028f   Thumb Code     0  startup_stm32f10x_hd.o(.text)
    DMA1_Channel5_IRQHandler                 0x0800028f   Thumb Code     0  startup_stm32f10x_hd.o(.text)
    DMA1_Channel6_IRQHandler                 0x0800028f   Thumb Code     0  startup_stm32f10x_hd.o(.text)
    DMA1_Channel7_IRQHandler                 0x0800028f   Thumb Code     0  startup_stm32f10x_hd.o(.text)
    DMA2_Channel1_IRQHandler                 0x0800028f   Thumb Code     0  startup_stm32f10x_hd.o(.text)
    DMA2_Channel2_IRQHandler                 0x0800028f   Thumb Code     0  startup_stm32f10x_hd.o(.text)
    DMA2_Channel3_IRQHandler                 0x0800028f   Thumb Code     0  startup_stm32f10x_hd.o(.text)
    DMA2_Channel4_5_IRQHandler               0x0800028f   Thumb Code     0  startup_stm32f10x_hd.o(.text)
    EXTI0_IRQHandler                         0x0800028f   Thumb Code     0  startup_stm32f10x_hd.o(.text)
    EXTI15_10_IRQHandler                     0x0800028f   Thumb Code     0  startup_stm32f10x_hd.o(.text)
    EXTI1_IRQHandler                         0x0800028f   Thumb Code     0  startup_stm32f10x_hd.o(.text)
    EXTI2_IRQHandler                         0x0800028f   Thumb Code     0  startup_stm32f10x_hd.o(.text)
    EXTI3_IRQHandler                         0x0800028f   Thumb Code     0  startup_stm32f10x_hd.o(.text)
    EXTI4_IRQHandler                         0x0800028f   Thumb Code     0  startup_stm32f10x_hd.o(.text)
    EXTI9_5_IRQHandler                       0x0800028f   Thumb Code     0  startup_stm32f10x_hd.o(.text)
    FLASH_IRQHandler                         0x0800028f   Thumb Code     0  startup_stm32f10x_hd.o(.text)
    FSMC_IRQHandler                          0x0800028f   Thumb Code     0  startup_stm32f10x_hd.o(.text)
    I2C1_ER_IRQHandler                       0x0800028f   Thumb Code     0  startup_stm32f10x_hd.o(.text)
    I2C1_EV_IRQHandler                       0x0800028f   Thumb Code     0  startup_stm32f10x_hd.o(.text)
    I2C2_ER_IRQHandler                       0x0800028f   Thumb Code     0  startup_stm32f10x_hd.o(.text)
    I2C2_EV_IRQHandler                       0x0800028f   Thumb Code     0  startup_stm32f10x_hd.o(.text)
    PVD_IRQHandler                           0x0800028f   Thumb Code     0  startup_stm32f10x_hd.o(.text)
    RCC_IRQHandler                           0x0800028f   Thumb Code     0  startup_stm32f10x_hd.o(.text)
    RTCAlarm_IRQHandler                      0x0800028f   Thumb Code     0  startup_stm32f10x_hd.o(.text)
    RTC_IRQHandler                           0x0800028f   Thumb Code     0  startup_stm32f10x_hd.o(.text)
    SDIO_IRQHandler                          0x0800028f   Thumb Code     0  startup_stm32f10x_hd.o(.text)
    SPI1_IRQHandler                          0x0800028f   Thumb Code     0  startup_stm32f10x_hd.o(.text)
    SPI2_IRQHandler                          0x0800028f   Thumb Code     0  startup_stm32f10x_hd.o(.text)
    SPI3_IRQHandler                          0x0800028f   Thumb Code     0  startup_stm32f10x_hd.o(.text)
    TAMPER_IRQHandler                        0x0800028f   Thumb Code     0  startup_stm32f10x_hd.o(.text)
    TIM1_BRK_IRQHandler                      0x0800028f   Thumb Code     0  startup_stm32f10x_hd.o(.text)
    TIM1_CC_IRQHandler                       0x0800028f   Thumb Code     0  startup_stm32f10x_hd.o(.text)
    TIM1_TRG_COM_IRQHandler                  0x0800028f   Thumb Code     0  startup_stm32f10x_hd.o(.text)
    TIM1_UP_IRQHandler                       0x0800028f   Thumb Code     0  startup_stm32f10x_hd.o(.text)
    TIM2_IRQHandler                          0x0800028f   Thumb Code     0  startup_stm32f10x_hd.o(.text)
    TIM4_IRQHandler                          0x0800028f   Thumb Code     0  startup_stm32f10x_hd.o(.text)
    TIM5_IRQHandler                          0x0800028f   Thumb Code     0  startup_stm32f10x_hd.o(.text)
    TIM6_IRQHandler                          0x0800028f   Thumb Code     0  startup_stm32f10x_hd.o(.text)
    TIM7_IRQHandler                          0x0800028f   Thumb Code     0  startup_stm32f10x_hd.o(.text)
    TIM8_BRK_IRQHandler                      0x0800028f   Thumb Code     0  startup_stm32f10x_hd.o(.text)
    TIM8_CC_IRQHandler                       0x0800028f   Thumb Code     0  startup_stm32f10x_hd.o(.text)
    TIM8_TRG_COM_IRQHandler                  0x0800028f   Thumb Code     0  startup_stm32f10x_hd.o(.text)
    TIM8_UP_IRQHandler                       0x0800028f   Thumb Code     0  startup_stm32f10x_hd.o(.text)
    UART4_IRQHandler                         0x0800028f   Thumb Code     0  startup_stm32f10x_hd.o(.text)
    UART5_IRQHandler                         0x0800028f   Thumb Code     0  startup_stm32f10x_hd.o(.text)
    USART3_IRQHandler                        0x0800028f   Thumb Code     0  startup_stm32f10x_hd.o(.text)
    USBWakeUp_IRQHandler                     0x0800028f   Thumb Code     0  startup_stm32f10x_hd.o(.text)
    USB_HP_CAN1_TX_IRQHandler                0x0800028f   Thumb Code     0  startup_stm32f10x_hd.o(.text)
    USB_LP_CAN1_RX0_IRQHandler               0x0800028f   Thumb Code     0  startup_stm32f10x_hd.o(.text)
    WWDG_IRQHandler                          0x0800028f   Thumb Code     0  startup_stm32f10x_hd.o(.text)
    __user_initial_stackheap                 0x08000291   Thumb Code     0  startup_stm32f10x_hd.o(.text)
    __use_no_semihosting                     0x080002b5   Thumb Code     2  use_no_semi_2.o(.text)
    __2printf                                0x080002b9   Thumb Code    20  noretval__2printf.o(.text)
    __printf                                 0x080002d1   Thumb Code   104  __printf.o(.text)
    _printf_str                              0x08000339   Thumb Code    82  _printf_str.o(.text)
    _printf_int_dec                          0x0800038d   Thumb Code   104  _printf_dec.o(.text)
    __aeabi_memcpy                           0x08000405   Thumb Code     0  rt_memcpy_v6.o(.text)
    __rt_memcpy                              0x08000405   Thumb Code   138  rt_memcpy_v6.o(.text)
    _memcpy_lastbytes                        0x0800046b   Thumb Code     0  rt_memcpy_v6.o(.text)
    __aeabi_memset                           0x0800048f   Thumb Code    16  aeabi_memset.o(.text)
    __aeabi_memclr                           0x0800049f   Thumb Code     0  rt_memclr.o(.text)
    __rt_memclr                              0x0800049f   Thumb Code    68  rt_memclr.o(.text)
    _memset                                  0x080004a3   Thumb Code     0  rt_memclr.o(.text)
    __aeabi_memclr4                          0x080004e3   Thumb Code     0  rt_memclr_w.o(.text)
    __aeabi_memclr8                          0x080004e3   Thumb Code     0  rt_memclr_w.o(.text)
    __rt_memclr_w                            0x080004e3   Thumb Code    78  rt_memclr_w.o(.text)
    _memset_w                                0x080004e7   Thumb Code     0  rt_memclr_w.o(.text)
    __use_two_region_memory                  0x08000531   Thumb Code     2  heapauxi.o(.text)
    __rt_heap_escrow$2region                 0x08000533   Thumb Code     2  heapauxi.o(.text)
    __rt_heap_expand$2region                 0x08000535   Thumb Code     2  heapauxi.o(.text)
    __I$use$semihosting                      0x08000537   Thumb Code     0  use_no_semi.o(.text)
    __use_no_semihosting_swi                 0x08000537   Thumb Code     2  use_no_semi.o(.text)
    _printf_int_common                       0x08000539   Thumb Code   178  _printf_intcommon.o(.text)
    _printf_char_common                      0x080005f7   Thumb Code    32  _printf_char_common.o(.text)
    _printf_cs_common                        0x0800061d   Thumb Code    20  _printf_char.o(.text)
    _printf_char                             0x08000631   Thumb Code    16  _printf_char.o(.text)
    _printf_string                           0x08000641   Thumb Code     8  _printf_char.o(.text)
    _printf_char_file                        0x08000649   Thumb Code    32  _printf_char_file.o(.text)
    __aeabi_memcpy4                          0x0800066d   Thumb Code     0  rt_memcpy_w.o(.text)
    __aeabi_memcpy8                          0x0800066d   Thumb Code     0  rt_memcpy_w.o(.text)
    __rt_memcpy_w                            0x0800066d   Thumb Code   100  rt_memcpy_w.o(.text)
    _memcpy_lastbytes_aligned                0x080006b5   Thumb Code     0  rt_memcpy_w.o(.text)
    ferror                                   0x080006d1   Thumb Code     8  ferror.o(.text)
    __user_setup_stackheap                   0x080006d9   Thumb Code    74  sys_stackheap_outer.o(.text)
    exit                                     0x08000723   Thumb Code    12  exit.o(.text)
    __user_libspace                          0x08000731   Thumb Code     8  libspace.o(.text)
    __user_perproc_libspace                  0x08000731   Thumb Code     0  libspace.o(.text)
    __user_perthread_libspace                0x08000731   Thumb Code     0  libspace.o(.text)
    AutoReloadCallback                       0x08000739   Thumb Code     4  main.o(i.AutoReloadCallback)
    BEEP_Init                                0x0800073d   Thumb Code    50  beep.o(i.BEEP_Init)
    BusFault_Handler                         0x08000775   Thumb Code     2  stm32f10x_it.o(i.BusFault_Handler)
    CommandProcess                           0x08000779   Thumb Code   196  types.o(i.CommandProcess)
    ConfigureTimeForRunTimeStats             0x08000849   Thumb Code    16  timer.o(i.ConfigureTimeForRunTimeStats)
    DebugMon_Handler                         0x0800085d   Thumb Code     2  stm32f10x_it.o(i.DebugMon_Handler)
    FAN_set                                  0x08000861   Thumb Code   118  key.o(i.FAN_set)
    FLASH_ErasePage                          0x080008e5   Thumb Code    56  stm32f10x_flash.o(i.FLASH_ErasePage)
    FLASH_GetBank1Status                     0x08000921   Thumb Code    34  stm32f10x_flash.o(i.FLASH_GetBank1Status)
    FLASH_Lock                               0x08000949   Thumb Code    12  stm32f10x_flash.o(i.FLASH_Lock)
    FLASH_ProgramHalfWord                    0x08000959   Thumb Code    48  stm32f10x_flash.o(i.FLASH_ProgramHalfWord)
    FLASH_Unlock                             0x0800098d   Thumb Code    12  stm32f10x_flash.o(i.FLASH_Unlock)
    FLASH_WaitForLastOperation               0x080009a5   Thumb Code    34  stm32f10x_flash.o(i.FLASH_WaitForLastOperation)
    GPIO_Init                                0x080009c7   Thumb Code   156  stm32f10x_gpio.o(i.GPIO_Init)
    GPIO_ReadInputDataBit                    0x08000a63   Thumb Code    14  stm32f10x_gpio.o(i.GPIO_ReadInputDataBit)
    GPIO_ResetBits                           0x08000a71   Thumb Code     4  stm32f10x_gpio.o(i.GPIO_ResetBits)
    GPIO_SetBits                             0x08000a75   Thumb Code     4  stm32f10x_gpio.o(i.GPIO_SetBits)
    HardFault_Handler                        0x08000a79   Thumb Code     2  stm32f10x_it.o(i.HardFault_Handler)
    I2c_WaitWhileClockStreching              0x08000a7b   Thumb Code    36  sht_3x_i2c.o(i.I2c_WaitWhileClockStreching)
    KEY_Init                                 0x08000aa1   Thumb Code    52  key.o(i.KEY_Init)
    KEY_Scan                                 0x08000add   Thumb Code   190  key.o(i.KEY_Scan)
    KEY_task                                 0x08000ba9   Thumb Code    84  main.o(i.KEY_task)
    LED_Init                                 0x08000c01   Thumb Code   136  led.o(i.LED_Init)
    MemManage_Handler                        0x08000c99   Thumb Code     2  stm32f10x_it.o(i.MemManage_Handler)
    NMI_Handler                              0x08000c9b   Thumb Code     2  stm32f10x_it.o(i.NMI_Handler)
    NVIC_Init                                0x08000c9d   Thumb Code    94  misc.o(i.NVIC_Init)
    NVIC_PriorityGroupConfig                 0x08000d01   Thumb Code    10  misc.o(i.NVIC_PriorityGroupConfig)
    PostSleepProcessing                      0x08000d15   Thumb Code     2  main.o(i.PostSleepProcessing)
    PreSleepProcessing                       0x08000d17   Thumb Code     2  main.o(i.PreSleepProcessing)
    RCC_APB1PeriphClockCmd                   0x08000d19   Thumb Code    18  stm32f10x_rcc.o(i.RCC_APB1PeriphClockCmd)
    RCC_APB2PeriphClockCmd                   0x08000d31   Thumb Code    18  stm32f10x_rcc.o(i.RCC_APB2PeriphClockCmd)
    RCC_GetClocksFreq                        0x08000d49   Thumb Code   132  stm32f10x_rcc.o(i.RCC_GetClocksFreq)
    SHT3X_CalcCrc                            0x08000ddd   Thumb Code    52  sht3x.o(i.SHT3X_CalcCrc)
    SHT3X_CalcHumidity                       0x08000e11   Thumb Code    22  sht3x.o(i.SHT3X_CalcHumidity)
    SHT3X_CalcTemperature                    0x08000e31   Thumb Code    28  sht3x.o(i.SHT3X_CalcTemperature)
    SHT3X_CheckCrc                           0x08000e59   Thumb Code    20  sht3x.o(i.SHT3X_CheckCrc)
    SHT3X_GetTempAndHumi                     0x08000e6d   Thumb Code    32  sht3x.o(i.SHT3X_GetTempAndHumi)
    SHT3X_GetTempAndHumiClkStretch           0x08000e8d   Thumb Code   124  sht3x.o(i.SHT3X_GetTempAndHumiClkStretch)
    SHT3X_GetTempAndHumiPolling              0x08000f09   Thumb Code   156  sht3x.o(i.SHT3X_GetTempAndHumiPolling)
    SHT3X_Init                               0x08000fa5   Thumb Code    60  sht3x.o(i.SHT3X_Init)
    SHT3X_Read2BytesAndCrc                   0x08000fe5   Thumb Code    64  sht3x.o(i.SHT3X_Read2BytesAndCrc)
    SHT3X_SetI2cAdr                          0x08001025   Thumb Code    14  sht3x.o(i.SHT3X_SetI2cAdr)
    SHT3X_StartReadAccess                    0x08001039   Thumb Code    18  sht3x.o(i.SHT3X_StartReadAccess)
    SHT3X_StartWriteAccess                   0x08001051   Thumb Code    18  sht3x.o(i.SHT3X_StartWriteAccess)
    SHT3X_WriteCommand                       0x08001069   Thumb Code    22  sht3x.o(i.SHT3X_WriteCommand)
    SHT_3X_I2C_SCL_OUT                       0x08001081   Thumb Code    32  sht_3x_i2c.o(i.SHT_3X_I2C_SCL_OUT)
    SHT_3X_I2C_SDA_IN                        0x080010a5   Thumb Code    26  sht_3x_i2c.o(i.SHT_3X_I2C_SDA_IN)
    SHT_3X_I2C_SDA_OUT                       0x080010c5   Thumb Code    32  sht_3x_i2c.o(i.SHT_3X_I2C_SDA_OUT)
    SHT_3X_I2c_ReadByte                      0x080010e9   Thumb Code   138  sht_3x_i2c.o(i.SHT_3X_I2c_ReadByte)
    SHT_3X_I2c_StartCondition                0x08001173   Thumb Code    34  sht_3x_i2c.o(i.SHT_3X_I2c_StartCondition)
    SHT_3X_I2c_StopCondition                 0x08001195   Thumb Code    30  sht_3x_i2c.o(i.SHT_3X_I2c_StopCondition)
    SHT_3X_I2c_WriteByte                     0x080011b3   Thumb Code   120  sht_3x_i2c.o(i.SHT_3X_I2c_WriteByte)
    SHT_3X_SCL_HIGH                          0x0800122d   Thumb Code    10  sht_3x_i2c.o(i.SHT_3X_SCL_HIGH)
    SHT_3X_SCL_LOW                           0x0800123d   Thumb Code    10  sht_3x_i2c.o(i.SHT_3X_SCL_LOW)
    SHT_3X_SCL_READ                          0x0800124d   Thumb Code    10  sht_3x_i2c.o(i.SHT_3X_SCL_READ)
    SHT_3X_SDA_HIHG                          0x0800125d   Thumb Code    10  sht_3x_i2c.o(i.SHT_3X_SDA_HIHG)
    SHT_3X_SDA_LOW                           0x0800126d   Thumb Code    10  sht_3x_i2c.o(i.SHT_3X_SDA_LOW)
    SHT_3X_SDA_READ                          0x0800127d   Thumb Code    10  sht_3x_i2c.o(i.SHT_3X_SDA_READ)
    STMFLASH_Read                            0x0800128d   Thumb Code    24  stmflash.o(i.STMFLASH_Read)
    STMFLASH_Write                           0x080012a5   Thumb Code   186  stmflash.o(i.STMFLASH_Write)
    STMFLASH_Write_NoCheck                   0x08001365   Thumb Code    38  stmflash.o(i.STMFLASH_Write_NoCheck)
    Send_data                                0x0800138d   Thumb Code   276  types.o(i.Send_data)
    SysTick_CLKSourceConfig                  0x08001551   Thumb Code    24  misc.o(i.SysTick_CLKSourceConfig)
    SysTick_Handler                          0x08001569   Thumb Code    20  delay.o(i.SysTick_Handler)
    SystemInit                               0x0800157d   Thumb Code    64  system_stm32f10x.o(i.SystemInit)
    TIM3_IRQHandler                          0x080015cd   Thumb Code    44  timer.o(i.TIM3_IRQHandler)
    TIM3_Int_Init                            0x08001601   Thumb Code    88  timer.o(i.TIM3_Int_Init)
    TIM_ClearITPendingBit                    0x0800165d   Thumb Code     6  stm32f10x_tim.o(i.TIM_ClearITPendingBit)
    TIM_Cmd                                  0x08001663   Thumb Code    20  stm32f10x_tim.o(i.TIM_Cmd)
    TIM_GetITStatus                          0x08001677   Thumb Code    24  stm32f10x_tim.o(i.TIM_GetITStatus)
    TIM_ITConfig                             0x0800168f   Thumb Code    16  stm32f10x_tim.o(i.TIM_ITConfig)
    TIM_TimeBaseInit                         0x080016a1   Thumb Code   114  stm32f10x_tim.o(i.TIM_TimeBaseInit)
    UART1_task                               0x0800173d   Thumb Code   100  main.o(i.UART1_task)
    UART2_task                               0x080017ad   Thumb Code    54  main.o(i.UART2_task)
    USART1_IRQHandler                        0x080017f5   Thumb Code   126  usart.o(i.USART1_IRQHandler)
    USART2_IRQHandler                        0x08001889   Thumb Code   124  usart.o(i.USART2_IRQHandler)
    USART_Cmd                                0x08001919   Thumb Code    20  stm32f10x_usart.o(i.USART_Cmd)
    USART_GetFlagStatus                      0x0800192d   Thumb Code    14  stm32f10x_usart.o(i.USART_GetFlagStatus)
    USART_GetITStatus                        0x0800193b   Thumb Code    62  stm32f10x_usart.o(i.USART_GetITStatus)
    USART_ITConfig                           0x08001979   Thumb Code    48  stm32f10x_usart.o(i.USART_ITConfig)
    USART_Init                               0x080019a9   Thumb Code   166  stm32f10x_usart.o(i.USART_Init)
    USART_ReceiveData                        0x08001a55   Thumb Code     8  stm32f10x_usart.o(i.USART_ReceiveData)
    USART_SendData                           0x08001a5d   Thumb Code     8  stm32f10x_usart.o(i.USART_SendData)
    UsageFault_Handler                       0x08001a65   Thumb Code     2  stm32f10x_it.o(i.UsageFault_Handler)
    _sys_exit                                0x08001a67   Thumb Code     2  usart.o(i._sys_exit)
    delay_init                               0x08001a69   Thumb Code    60  delay.o(i.delay_init)
    delay_ms                                 0x08001ab1   Thumb Code    52  delay.o(i.delay_ms)
    delay_us                                 0x08001ae9   Thumb Code    48  delay.o(i.delay_us)
    eTaskConfirmSleepModeStatus              0x08001b1d   Thumb Code    38  tasks.o(i.eTaskConfirmSleepModeStatus)
    f_Sht3xI2cInit                           0x08001b4d   Thumb Code    22  sht_3x_i2c.o(i.f_Sht3xI2cInit)
    fputc                                    0x08001b65   Thumb Code    18  usart.o(i.fputc)
    main                                     0x08001b7d   Thumb Code    94  main.o(i.main)
    my_mem_init                              0x08001bf9   Thumb Code    50  malloc.o(i.my_mem_init)
    my_mem_perused                           0x08001c35   Thumb Code    48  malloc.o(i.my_mem_perused)
    mymemcpy                                 0x08001c6d   Thumb Code    16  malloc.o(i.mymemcpy)
    mymemset                                 0x08001c7d   Thumb Code    12  malloc.o(i.mymemset)
    myuart_init                              0x08001c89   Thumb Code    30  usart.o(i.myuart_init)
    myuart_send                              0x08001ca9   Thumb Code    86  usart.o(i.myuart_send)
    pvPortMalloc                             0x080025fd   Thumb Code   214  heap_4.o(i.pvPortMalloc)
    pvTaskIncrementMutexHeldCount            0x08002711   Thumb Code    18  tasks.o(i.pvTaskIncrementMutexHeldCount)
    pxPortInitialiseStack                    0x08002729   Thumb Code    32  port.o(i.pxPortInitialiseStack)
    start_task                               0x0800274d   Thumb Code   158  main.o(i.start_task)
    uart_init                                0x08002835   Thumb Code   154  usart.o(i.uart_init)
    uart_init2                               0x080028d9   Thumb Code   154  usart.o(i.uart_init2)
    uxListRemove                             0x0800297d   Thumb Code    36  list.o(i.uxListRemove)
    vListInitialise                          0x080029a1   Thumb Code    22  list.o(i.vListInitialise)
    vListInitialiseItem                      0x080029b7   Thumb Code     6  list.o(i.vListInitialiseItem)
    vListInsert                              0x080029bd   Thumb Code    48  list.o(i.vListInsert)
    vListInsertEnd                           0x080029ed   Thumb Code    24  list.o(i.vListInsertEnd)
    vPortEnterCritical                       0x08002a05   Thumb Code    50  port.o(i.vPortEnterCritical)
    vPortExitCritical                        0x08002a7d   Thumb Code    34  port.o(i.vPortExitCritical)
    vPortFree                                0x08002ae1   Thumb Code    94  heap_4.o(i.vPortFree)
    vPortSetupTimerInterrupt                 0x08002b7d   Thumb Code    58  port.o(i.vPortSetupTimerInterrupt)
    vPortSuppressTicksAndSleep               0x08002bc1   Thumb Code   226  port.o(i.vPortSuppressTicksAndSleep)
    vPortValidateInterruptPriority           0x08002ca9   Thumb Code    70  port.o(i.vPortValidateInterruptPriority)
    vQueueAddToRegistry                      0x08002d35   Thumb Code    32  queue.o(i.vQueueAddToRegistry)
    vQueueWaitForMessageRestricted           0x08002d59   Thumb Code    68  queue.o(i.vQueueWaitForMessageRestricted)
    vTaskDelay                               0x08002d9d   Thumb Code    62  tasks.o(i.vTaskDelay)
    vTaskDelete                              0x08002e09   Thumb Code   152  tasks.o(i.vTaskDelete)
    vTaskMissedYield                         0x08002ed5   Thumb Code     8  tasks.o(i.vTaskMissedYield)
    vTaskPlaceOnEventList                    0x08002ee1   Thumb Code    44  tasks.o(i.vTaskPlaceOnEventList)
    vTaskPlaceOnEventListRestricted          0x08002f35   Thumb Code    52  tasks.o(i.vTaskPlaceOnEventListRestricted)
    vTaskPriorityInherit                     0x08002f91   Thumb Code   124  tasks.o(i.vTaskPriorityInherit)
    vTaskSetTimeOutState                     0x08003015   Thumb Code    30  tasks.o(i.vTaskSetTimeOutState)
    vTaskStartScheduler                      0x0800305d   Thumb Code   100  tasks.o(i.vTaskStartScheduler)
    vTaskStepTick                            0x080030f5   Thumb Code    36  tasks.o(i.vTaskStepTick)
    vTaskSuspendAll                          0x08003141   Thumb Code    10  tasks.o(i.vTaskSuspendAll)
    vTaskSwitchContext                       0x08003151   Thumb Code   106  tasks.o(i.vTaskSwitchContext)
    xPortStartScheduler                      0x080031ed   Thumb Code   108  port.o(i.xPortStartScheduler)
    xPortSysTickHandler                      0x08003265   Thumb Code    38  port.o(i.xPortSysTickHandler)
    xQueueGenericCreate                      0x08003291   Thumb Code    82  queue.o(i.xQueueGenericCreate)
    xQueueGenericReceive                     0x08003309   Thumb Code   348  queue.o(i.xQueueGenericReceive)
    xQueueGenericReset                       0x0800348d   Thumb Code   128  queue.o(i.xQueueGenericReset)
    xQueueGenericSend                        0x08003535   Thumb Code   350  queue.o(i.xQueueGenericSend)
    xQueueGenericSendFromISR                 0x080036bd   Thumb Code   188  queue.o(i.xQueueGenericSendFromISR)
    xQueueGiveFromISR                        0x0800379d   Thumb Code   162  queue.o(i.xQueueGiveFromISR)
    xTaskCheckForTimeOut                     0x08003865   Thumb Code    94  tasks.o(i.xTaskCheckForTimeOut)
    xTaskCreate                              0x080038ed   Thumb Code    86  tasks.o(i.xTaskCreate)
    xTaskGetSchedulerState                   0x08003945   Thumb Code    22  tasks.o(i.xTaskGetSchedulerState)
    xTaskGetTickCount                        0x08003961   Thumb Code     6  tasks.o(i.xTaskGetTickCount)
    xTaskIncrementTick                       0x0800396d   Thumb Code   188  tasks.o(i.xTaskIncrementTick)
    xTaskPriorityDisinherit                  0x08003a55   Thumb Code   136  tasks.o(i.xTaskPriorityDisinherit)
    xTaskRemoveFromEventList                 0x08003b09   Thumb Code   108  tasks.o(i.xTaskRemoveFromEventList)
    xTaskResumeAll                           0x08003ba5   Thumb Code   180  tasks.o(i.xTaskResumeAll)
    xTimerCreate                             0x08003c89   Thumb Code    74  timers.o(i.xTimerCreate)
    xTimerCreateTimerTask                    0x08003cfd   Thumb Code    58  timers.o(i.xTimerCreateTimerTask)
    xTimerGenericCommand                     0x08003d71   Thumb Code    98  timers.o(i.xTimerGenericCommand)
    __aeabi_fadd                             0x08003e01   Thumb Code     0  faddsub_clz.o(x$fpl$fadd)
    _fadd                                    0x08003e01   Thumb Code   196  faddsub_clz.o(x$fpl$fadd)
    __aeabi_fdiv                             0x08003ec5   Thumb Code     0  fdiv.o(x$fpl$fdiv)
    _fdiv                                    0x08003ec5   Thumb Code   384  fdiv.o(x$fpl$fdiv)
    __aeabi_f2iz                             0x08004049   Thumb Code     0  ffix.o(x$fpl$ffix)
    _ffix                                    0x08004049   Thumb Code    54  ffix.o(x$fpl$ffix)
    __aeabi_ui2f                             0x08004081   Thumb Code     0  fflt_clz.o(x$fpl$ffltu)
    _ffltu                                   0x08004081   Thumb Code    38  fflt_clz.o(x$fpl$ffltu)
    __aeabi_fmul                             0x080040a9   Thumb Code     0  fmul.o(x$fpl$fmul)
    _fmul                                    0x080040a9   Thumb Code   258  fmul.o(x$fpl$fmul)
    __fpl_fnaninf                            0x080041ab   Thumb Code   140  fnaninf.o(x$fpl$fnaninf)
    __fpl_fretinf                            0x08004237   Thumb Code    10  fretinf.o(x$fpl$fretinf)
    __aeabi_fsub                             0x08004241   Thumb Code     0  faddsub_clz.o(x$fpl$fsub)
    _fsub                                    0x08004241   Thumb Code   234  faddsub_clz.o(x$fpl$fsub)
    __I$use$fp                               0x0800432a   Number         0  usenofp.o(x$fpl$usenofp)
    memtblsize                               0x0800432c   Data           8  malloc.o(.constdata)
    memblksize                               0x08004334   Data           8  malloc.o(.constdata)
    memsize                                  0x0800433c   Data           8  malloc.o(.constdata)
    Region$$Table$$Base                      0x08004344   Number         0  anon$$obj.o(Region$$Table)
    Region$$Table$$Limit                     0x08004364   Number         0  anon$$obj.o(Region$$Table)
    StartTask_Handler                        0x20000000   Data           4  main.o(.data)
    UART1Task_Handler                        0x20000004   Data           4  main.o(.data)
    UART2Task_Handler                        0x20000008   Data           4  main.o(.data)
    KEYTask_Handler                          0x2000000c   Data           4  main.o(.data)
    BinarySemaphore                          0x20000010   Data           4  main.o(.data)
    BinarySemaphore_uart2                    0x20000014   Data           4  main.o(.data)
    AutoReloadTimer_Handle                   0x20000018   Data           4  main.o(.data)
    SystemCoreClock                          0x2000001c   Data           4  system_stm32f10x.o(.data)
    AHBPrescTable                            0x20000020   Data          16  system_stm32f10x.o(.data)
    Head_line                                0x20000030   Data           2  types.o(.data)
    Tail_line                                0x20000032   Data           2  types.o(.data)
    Dataup_line                              0x20000034   Data           2  types.o(.data)
    Power_data                               0x20000036   Data           3  types.o(.data)
    Power_state                              0x20000039   Data           3  types.o(.data)
    DEV_ID                                   0x2000003c   Data           4  types.o(.data)
    FreeRTOSRunTimeTicks                     0x20000040   Data           8  timer.o(.data)
    SYS_STA                                  0x20000048   Data           1  key.o(.data)
    _i2cWriteHeader                          0x2000004a   Data           1  sht3x.o(.data)
    _i2cReadHeader                           0x2000004b   Data           1  sht3x.o(.data)
    USART_RX_STA                             0x20000050   Data           2  usart.o(.data)
    USART2_RX_STA                            0x20000052   Data           2  usart.o(.data)
    __stdout                                 0x20000054   Data           4  usart.o(.data)
    mallco_dev                               0x2000006c   Data          28  malloc.o(.data)
    pxCurrentTCB                             0x20000088   Data           4  tasks.o(.data)
    PM25_data                                0x20000110   Data          32  types.o(.bss)
    DEVCON_data                              0x20000130   Data          24  types.o(.bss)
    DEVIDSET_data                            0x20000148   Data          13  types.o(.bss)
    DEVUP_data                               0x20000155   Data          13  types.o(.bss)
    HEAD_data                                0x20000162   Data          13  types.o(.bss)
    SHT30_data                               0x20000170   Data          24  types.o(.bss)
    DATAUP_data                              0x20000188   Data          31  types.o(.bss)
    STMFLASH_BUF                             0x200001a8   Data        1024  stmflash.o(.bss)
    USART_RX_BUF                             0x200005a8   Data         200  usart.o(.bss)
    USART2_RX_BUF                            0x20000670   Data         200  usart.o(.bss)
    mem1base                                 0x20000740   Data       20480  malloc.o(.bss)
    mem1mapbase                              0x20005740   Data        1280  malloc.o(.bss)
    xQueueRegistry                           0x20005c40   Data          64  queue.o(.bss)
    __libspace_start                         0x2000af8c   Data          96  libspace.o(.bss)
    __temporary_stack_top$libspace           0x2000afec   Data           0  libspace.o(.bss)
    mem2base                                 0x68000000   Data       983040  malloc.o(.ARM.__AT_0x68000000)
    mem2mapbase                              0x680f0000   Data       61440  malloc.o(.ARM.__AT_0x680F0000)



==============================================================================

Memory Map of the image

  Image Entry point : 0x08000275

  Load Region LR_1 (Base: 0x08000000, Size: 0x00004474, Max: 0xffffffff, ABSOLUTE)

    Execution Region ER_RO (Base: 0x08000000, Size: 0x00004364, Max: 0xffffffff, ABSOLUTE)

    Base Addr    Size         Type   Attr      Idx    E Section Name        Object

    0x08000000   0x00000130   Data   RO         1117    RESET               startup_stm32f10x_hd.o
    0x08000130   0x00000008   Code   RO         3900  * !!!main             c_w.l(__main.o)
    0x08000138   0x00000034   Code   RO         4120    !!!scatter          c_w.l(__scatter.o)
    0x0800016c   0x0000001a   Code   RO         4122    !!handler_copy      c_w.l(__scatter_copy.o)
    0x08000186   0x00000002   PAD
    0x08000188   0x0000001c   Code   RO         4124    !!handler_zi        c_w.l(__scatter_zi.o)
    0x080001a4   0x00000000   Code   RO         3885    .ARM.Collect$$_printf_percent$$00000000  c_w.l(_printf_percent.o)
    0x080001a4   0x00000006   Code   RO         3883    .ARM.Collect$$_printf_percent$$00000009  c_w.l(_printf_d.o)
    0x080001aa   0x00000006   Code   RO         3881    .ARM.Collect$$_printf_percent$$00000014  c_w.l(_printf_s.o)
    0x080001b0   0x00000004   Code   RO         3953    .ARM.Collect$$_printf_percent$$00000017  c_w.l(_printf_percent_end.o)
    0x080001b4   0x00000002   Code   RO         3995    .ARM.Collect$$libinit$$00000000  c_w.l(libinit.o)
    0x080001b6   0x00000000   Code   RO         4002    .ARM.Collect$$libinit$$00000002  c_w.l(libinit2.o)
    0x080001b6   0x00000000   Code   RO         4004    .ARM.Collect$$libinit$$00000004  c_w.l(libinit2.o)
    0x080001b6   0x00000000   Code   RO         4007    .ARM.Collect$$libinit$$0000000A  c_w.l(libinit2.o)
    0x080001b6   0x00000000   Code   RO         4009    .ARM.Collect$$libinit$$0000000C  c_w.l(libinit2.o)
    0x080001b6   0x00000000   Code   RO         4011    .ARM.Collect$$libinit$$0000000E  c_w.l(libinit2.o)
    0x080001b6   0x00000000   Code   RO         4014    .ARM.Collect$$libinit$$00000011  c_w.l(libinit2.o)
    0x080001b6   0x00000000   Code   RO         4016    .ARM.Collect$$libinit$$00000013  c_w.l(libinit2.o)
    0x080001b6   0x00000000   Code   RO         4018    .ARM.Collect$$libinit$$00000015  c_w.l(libinit2.o)
    0x080001b6   0x00000000   Code   RO         4020    .ARM.Collect$$libinit$$00000017  c_w.l(libinit2.o)
    0x080001b6   0x00000000   Code   RO         4022    .ARM.Collect$$libinit$$00000019  c_w.l(libinit2.o)
    0x080001b6   0x00000000   Code   RO         4024    .ARM.Collect$$libinit$$0000001B  c_w.l(libinit2.o)
    0x080001b6   0x00000000   Code   RO         4026    .ARM.Collect$$libinit$$0000001D  c_w.l(libinit2.o)
    0x080001b6   0x00000000   Code   RO         4028    .ARM.Collect$$libinit$$0000001F  c_w.l(libinit2.o)
    0x080001b6   0x00000000   Code   RO         4030    .ARM.Collect$$libinit$$00000021  c_w.l(libinit2.o)
    0x080001b6   0x00000000   Code   RO         4032    .ARM.Collect$$libinit$$00000023  c_w.l(libinit2.o)
    0x080001b6   0x00000000   Code   RO         4034    .ARM.Collect$$libinit$$00000025  c_w.l(libinit2.o)
    0x080001b6   0x00000000   Code   RO         4038    .ARM.Collect$$libinit$$0000002C  c_w.l(libinit2.o)
    0x080001b6   0x00000000   Code   RO         4040    .ARM.Collect$$libinit$$0000002E  c_w.l(libinit2.o)
    0x080001b6   0x00000000   Code   RO         4042    .ARM.Collect$$libinit$$00000030  c_w.l(libinit2.o)
    0x080001b6   0x00000000   Code   RO         4044    .ARM.Collect$$libinit$$00000032  c_w.l(libinit2.o)
    0x080001b6   0x00000002   Code   RO         4045    .ARM.Collect$$libinit$$00000033  c_w.l(libinit2.o)
    0x080001b8   0x00000002   Code   RO         4063    .ARM.Collect$$libshutdown$$00000000  c_w.l(libshutdown.o)
    0x080001ba   0x00000000   Code   RO         4074    .ARM.Collect$$libshutdown$$00000003  c_w.l(libshutdown2.o)
    0x080001ba   0x00000000   Code   RO         4077    .ARM.Collect$$libshutdown$$00000006  c_w.l(libshutdown2.o)
    0x080001ba   0x00000000   Code   RO         4080    .ARM.Collect$$libshutdown$$00000009  c_w.l(libshutdown2.o)
    0x080001ba   0x00000000   Code   RO         4082    .ARM.Collect$$libshutdown$$0000000B  c_w.l(libshutdown2.o)
    0x080001ba   0x00000000   Code   RO         4085    .ARM.Collect$$libshutdown$$0000000E  c_w.l(libshutdown2.o)
    0x080001ba   0x00000002   Code   RO         4086    .ARM.Collect$$libshutdown$$0000000F  c_w.l(libshutdown2.o)
    0x080001bc   0x00000000   Code   RO         3942    .ARM.Collect$$rtentry$$00000000  c_w.l(__rtentry.o)
    0x080001bc   0x00000000   Code   RO         3966    .ARM.Collect$$rtentry$$00000002  c_w.l(__rtentry2.o)
    0x080001bc   0x00000006   Code   RO         3978    .ARM.Collect$$rtentry$$00000004  c_w.l(__rtentry4.o)
    0x080001c2   0x00000000   Code   RO         3968    .ARM.Collect$$rtentry$$00000009  c_w.l(__rtentry2.o)
    0x080001c2   0x00000004   Code   RO         3969    .ARM.Collect$$rtentry$$0000000A  c_w.l(__rtentry2.o)
    0x080001c6   0x00000000   Code   RO         3971    .ARM.Collect$$rtentry$$0000000C  c_w.l(__rtentry2.o)
    0x080001c6   0x00000008   Code   RO         3972    .ARM.Collect$$rtentry$$0000000D  c_w.l(__rtentry2.o)
    0x080001ce   0x00000002   Code   RO         3999    .ARM.Collect$$rtexit$$00000000  c_w.l(rtexit.o)
    0x080001d0   0x00000000   Code   RO         4047    .ARM.Collect$$rtexit$$00000002  c_w.l(rtexit2.o)
    0x080001d0   0x00000004   Code   RO         4048    .ARM.Collect$$rtexit$$00000003  c_w.l(rtexit2.o)
    0x080001d4   0x00000006   Code   RO         4049    .ARM.Collect$$rtexit$$00000004  c_w.l(rtexit2.o)
    0x080001da   0x00000002   PAD
    0x080001dc   0x00000096   Code   RO         3738    .emb_text           port.o
    0x08000272   0x00000002   PAD
    0x08000274   0x00000040   Code   RO         1118  * .text               startup_stm32f10x_hd.o
    0x080002b4   0x00000002   Code   RO         3823    .text               c_w.l(use_no_semi_2.o)
    0x080002b6   0x00000002   PAD
    0x080002b8   0x00000018   Code   RO         3829    .text               c_w.l(noretval__2printf.o)
    0x080002d0   0x00000068   Code   RO         3833    .text               c_w.l(__printf.o)
    0x08000338   0x00000052   Code   RO         3835    .text               c_w.l(_printf_str.o)
    0x0800038a   0x00000002   PAD
    0x0800038c   0x00000078   Code   RO         3837    .text               c_w.l(_printf_dec.o)
    0x08000404   0x0000008a   Code   RO         3890    .text               c_w.l(rt_memcpy_v6.o)
    0x0800048e   0x00000010   Code   RO         3892    .text               c_w.l(aeabi_memset.o)
    0x0800049e   0x00000044   Code   RO         3894    .text               c_w.l(rt_memclr.o)
    0x080004e2   0x0000004e   Code   RO         3896    .text               c_w.l(rt_memclr_w.o)
    0x08000530   0x00000006   Code   RO         3898    .text               c_w.l(heapauxi.o)
    0x08000536   0x00000002   Code   RO         3940    .text               c_w.l(use_no_semi.o)
    0x08000538   0x000000b2   Code   RO         3943    .text               c_w.l(_printf_intcommon.o)
    0x080005ea   0x00000002   PAD
    0x080005ec   0x00000030   Code   RO         3945    .text               c_w.l(_printf_char_common.o)
    0x0800061c   0x0000002c   Code   RO         3949    .text               c_w.l(_printf_char.o)
    0x08000648   0x00000024   Code   RO         3951    .text               c_w.l(_printf_char_file.o)
    0x0800066c   0x00000064   Code   RO         3954    .text               c_w.l(rt_memcpy_w.o)
    0x080006d0   0x00000008   Code   RO         3982    .text               c_w.l(ferror.o)
    0x080006d8   0x0000004a   Code   RO         3986    .text               c_w.l(sys_stackheap_outer.o)
    0x08000722   0x0000000c   Code   RO         3988    .text               c_w.l(exit.o)
    0x0800072e   0x00000002   PAD
    0x08000730   0x00000008   Code   RO         3996    .text               c_w.l(libspace.o)
    0x08000738   0x00000004   Code   RO            1    i.AutoReloadCallback  main.o
    0x0800073c   0x00000038   Code   RO          650    i.BEEP_Init         beep.o
    0x08000774   0x00000002   Code   RO          239    i.BusFault_Handler  stm32f10x_it.o
    0x08000776   0x00000002   PAD
    0x08000778   0x000000d0   Code   RO          339    i.CommandProcess    types.o
    0x08000848   0x00000014   Code   RO          382    i.ConfigureTimeForRunTimeStats  timer.o
    0x0800085c   0x00000002   Code   RO          240    i.DebugMon_Handler  stm32f10x_it.o
    0x0800085e   0x00000002   PAD
    0x08000860   0x00000084   Code   RO          616    i.FAN_set           key.o
    0x080008e4   0x0000003c   Code   RO         2388    i.FLASH_ErasePage   stm32f10x_flash.o
    0x08000920   0x00000028   Code   RO         2389    i.FLASH_GetBank1Status  stm32f10x_flash.o
    0x08000948   0x00000010   Code   RO         2398    i.FLASH_Lock        stm32f10x_flash.o
    0x08000958   0x00000034   Code   RO         2401    i.FLASH_ProgramHalfWord  stm32f10x_flash.o
    0x0800098c   0x00000018   Code   RO         2406    i.FLASH_Unlock      stm32f10x_flash.o
    0x080009a4   0x00000022   Code   RO         2410    i.FLASH_WaitForLastOperation  stm32f10x_flash.o
    0x080009c6   0x0000009c   Code   RO         1164    i.GPIO_Init         stm32f10x_gpio.o
    0x08000a62   0x0000000e   Code   RO         1168    i.GPIO_ReadInputDataBit  stm32f10x_gpio.o
    0x08000a70   0x00000004   Code   RO         1171    i.GPIO_ResetBits    stm32f10x_gpio.o
    0x08000a74   0x00000004   Code   RO         1172    i.GPIO_SetBits      stm32f10x_gpio.o
    0x08000a78   0x00000002   Code   RO          241    i.HardFault_Handler  stm32f10x_it.o
    0x08000a7a   0x00000024   Code   RO          700    i.I2c_WaitWhileClockStreching  sht_3x_i2c.o
    0x08000a9e   0x00000002   PAD
    0x08000aa0   0x0000003c   Code   RO          617    i.KEY_Init          key.o
    0x08000adc   0x000000cc   Code   RO          618    i.KEY_Scan          key.o
    0x08000ba8   0x00000058   Code   RO            2    i.KEY_task          main.o
    0x08000c00   0x00000098   Code   RO          370    i.LED_Init          led.o
    0x08000c98   0x00000002   Code   RO          242    i.MemManage_Handler  stm32f10x_it.o
    0x08000c9a   0x00000002   Code   RO          243    i.NMI_Handler       stm32f10x_it.o
    0x08000c9c   0x00000064   Code   RO         1122    i.NVIC_Init         misc.o
    0x08000d00   0x00000014   Code   RO         1123    i.NVIC_PriorityGroupConfig  misc.o
    0x08000d14   0x00000002   Code   RO            3    i.PostSleepProcessing  main.o
    0x08000d16   0x00000002   Code   RO            4    i.PreSleepProcessing  main.o
    0x08000d18   0x00000018   Code   RO         1298    i.RCC_APB1PeriphClockCmd  stm32f10x_rcc.o
    0x08000d30   0x00000018   Code   RO         1300    i.RCC_APB2PeriphClockCmd  stm32f10x_rcc.o
    0x08000d48   0x00000094   Code   RO         1308    i.RCC_GetClocksFreq  stm32f10x_rcc.o
    0x08000ddc   0x00000034   Code   RO          800    i.SHT3X_CalcCrc     sht3x.o
    0x08000e10   0x00000020   Code   RO          801    i.SHT3X_CalcHumidity  sht3x.o
    0x08000e30   0x00000028   Code   RO          804    i.SHT3X_CalcTemperature  sht3x.o
    0x08000e58   0x00000014   Code   RO          805    i.SHT3X_CheckCrc    sht3x.o
    0x08000e6c   0x00000020   Code   RO          809    i.SHT3X_GetTempAndHumi  sht3x.o
    0x08000e8c   0x0000007c   Code   RO          810    i.SHT3X_GetTempAndHumiClkStretch  sht3x.o
    0x08000f08   0x0000009c   Code   RO          811    i.SHT3X_GetTempAndHumiPolling  sht3x.o
    0x08000fa4   0x00000040   Code   RO          812    i.SHT3X_Init        sht3x.o
    0x08000fe4   0x00000040   Code   RO          813    i.SHT3X_Read2BytesAndCrc  sht3x.o
    0x08001024   0x00000014   Code   RO          816    i.SHT3X_SetI2cAdr   sht3x.o
    0x08001038   0x00000018   Code   RO          819    i.SHT3X_StartReadAccess  sht3x.o
    0x08001050   0x00000018   Code   RO          820    i.SHT3X_StartWriteAccess  sht3x.o
    0x08001068   0x00000016   Code   RO          823    i.SHT3X_WriteCommand  sht3x.o
    0x0800107e   0x00000002   PAD
    0x08001080   0x00000024   Code   RO          702    i.SHT_3X_I2C_SCL_OUT  sht_3x_i2c.o
    0x080010a4   0x00000020   Code   RO          703    i.SHT_3X_I2C_SDA_IN  sht_3x_i2c.o
    0x080010c4   0x00000024   Code   RO          704    i.SHT_3X_I2C_SDA_OUT  sht_3x_i2c.o
    0x080010e8   0x0000008a   Code   RO          705    i.SHT_3X_I2c_ReadByte  sht_3x_i2c.o
    0x08001172   0x00000022   Code   RO          706    i.SHT_3X_I2c_StartCondition  sht_3x_i2c.o
    0x08001194   0x0000001e   Code   RO          707    i.SHT_3X_I2c_StopCondition  sht_3x_i2c.o
    0x080011b2   0x00000078   Code   RO          708    i.SHT_3X_I2c_WriteByte  sht_3x_i2c.o
    0x0800122a   0x00000002   PAD
    0x0800122c   0x00000010   Code   RO          709    i.SHT_3X_SCL_HIGH   sht_3x_i2c.o
    0x0800123c   0x00000010   Code   RO          710    i.SHT_3X_SCL_LOW    sht_3x_i2c.o
    0x0800124c   0x00000010   Code   RO          711    i.SHT_3X_SCL_READ   sht_3x_i2c.o
    0x0800125c   0x00000010   Code   RO          712    i.SHT_3X_SDA_HIHG   sht_3x_i2c.o
    0x0800126c   0x00000010   Code   RO          713    i.SHT_3X_SDA_LOW    sht_3x_i2c.o
    0x0800127c   0x00000010   Code   RO          714    i.SHT_3X_SDA_READ   sht_3x_i2c.o
    0x0800128c   0x00000018   Code   RO          662    i.STMFLASH_Read     stmflash.o
    0x080012a4   0x000000c0   Code   RO          664    i.STMFLASH_Write    stmflash.o
    0x08001364   0x00000026   Code   RO          665    i.STMFLASH_Write_NoCheck  stmflash.o
    0x0800138a   0x00000002   PAD
    0x0800138c   0x0000011c   Code   RO          341    i.Send_data         types.o
    0x080014a8   0x000000a8   Code   RO          310    i.SetSysClockTo72   system_stm32f10x.o
    0x08001550   0x00000018   Code   RO         1126    i.SysTick_CLKSourceConfig  misc.o
    0x08001568   0x00000014   Code   RO          958    i.SysTick_Handler   delay.o
    0x0800157c   0x00000050   Code   RO          312    i.SystemInit        system_stm32f10x.o
    0x080015cc   0x00000034   Code   RO          383    i.TIM3_IRQHandler   timer.o
    0x08001600   0x0000005c   Code   RO          384    i.TIM3_Int_Init     timer.o
    0x0800165c   0x00000006   Code   RO         1685    i.TIM_ClearITPendingBit  stm32f10x_tim.o
    0x08001662   0x00000014   Code   RO         1690    i.TIM_Cmd           stm32f10x_tim.o
    0x08001676   0x00000018   Code   RO         1711    i.TIM_GetITStatus   stm32f10x_tim.o
    0x0800168e   0x00000010   Code   RO         1715    i.TIM_ITConfig      stm32f10x_tim.o
    0x0800169e   0x00000002   PAD
    0x080016a0   0x0000009c   Code   RO         1761    i.TIM_TimeBaseInit  stm32f10x_tim.o
    0x0800173c   0x00000070   Code   RO            5    i.UART1_task        main.o
    0x080017ac   0x00000048   Code   RO            6    i.UART2_task        main.o
    0x080017f4   0x00000094   Code   RO         1035    i.USART1_IRQHandler  usart.o
    0x08001888   0x00000090   Code   RO         1036    i.USART2_IRQHandler  usart.o
    0x08001918   0x00000014   Code   RO         1500    i.USART_Cmd         stm32f10x_usart.o
    0x0800192c   0x0000000e   Code   RO         1503    i.USART_GetFlagStatus  stm32f10x_usart.o
    0x0800193a   0x0000003e   Code   RO         1504    i.USART_GetITStatus  stm32f10x_usart.o
    0x08001978   0x00000030   Code   RO         1506    i.USART_ITConfig    stm32f10x_usart.o
    0x080019a8   0x000000ac   Code   RO         1507    i.USART_Init        stm32f10x_usart.o
    0x08001a54   0x00000008   Code   RO         1514    i.USART_ReceiveData  stm32f10x_usart.o
    0x08001a5c   0x00000008   Code   RO         1517    i.USART_SendData    stm32f10x_usart.o
    0x08001a64   0x00000002   Code   RO          244    i.UsageFault_Handler  stm32f10x_it.o
    0x08001a66   0x00000002   Code   RO         1037    i._sys_exit         usart.o
    0x08001a68   0x00000048   Code   RO          959    i.delay_init        delay.o
    0x08001ab0   0x00000038   Code   RO          960    i.delay_ms          delay.o
    0x08001ae8   0x00000034   Code   RO          961    i.delay_us          delay.o
    0x08001b1c   0x00000030   Code   RO         3194    i.eTaskConfirmSleepModeStatus  tasks.o
    0x08001b4c   0x00000016   Code   RO          715    i.f_Sht3xI2cInit    sht_3x_i2c.o
    0x08001b62   0x00000002   PAD
    0x08001b64   0x00000018   Code   RO         1038    i.fputc             usart.o
    0x08001b7c   0x0000007c   Code   RO            7    i.main              main.o
    0x08001bf8   0x0000003c   Code   RO         2760    i.my_mem_init       malloc.o
    0x08001c34   0x00000038   Code   RO         2762    i.my_mem_perused    malloc.o
    0x08001c6c   0x00000010   Code   RO         2765    i.mymemcpy          malloc.o
    0x08001c7c   0x0000000c   Code   RO         2766    i.mymemset          malloc.o
    0x08001c88   0x0000001e   Code   RO         1039    i.myuart_init       usart.o
    0x08001ca6   0x00000002   PAD
    0x08001ca8   0x00000060   Code   RO         1040    i.myuart_send       usart.o
    0x08001d08   0x00000070   Code   RO         3197    i.prvAddCurrentTaskToDelayedList  tasks.o
    0x08001d78   0x000000d0   Code   RO         3198    i.prvAddNewTaskToReadyList  tasks.o
    0x08001e48   0x00000050   Code   RO         3569    i.prvCheckForValidListAndQueue  timers.o
    0x08001e98   0x00000054   Code   RO         3199    i.prvCheckTasksWaitingTermination  tasks.o
    0x08001eec   0x00000026   Code   RO         2978    i.prvCopyDataFromQueue  queue.o
    0x08001f12   0x0000006c   Code   RO         2979    i.prvCopyDataToQueue  queue.o
    0x08001f7e   0x00000014   Code   RO         3200    i.prvDeleteTCB      tasks.o
    0x08001f92   0x00000002   PAD
    0x08001f94   0x00000034   Code   RO         3201    i.prvGetExpectedIdleTime  tasks.o
    0x08001fc8   0x0000004c   Code   RO         3689    i.prvHeapInit       heap_4.o
    0x08002014   0x00000084   Code   RO         3202    i.prvIdleTask       tasks.o
    0x08002098   0x000000c0   Code   RO         3203    i.prvInitialiseNewTask  tasks.o
    0x08002158   0x0000004c   Code   RO         3690    i.prvInsertBlockIntoFreeList  heap_4.o
    0x080021a4   0x00000038   Code   RO         3570    i.prvInsertTimerInActiveList  timers.o
    0x080021dc   0x0000001a   Code   RO         2980    i.prvIsQueueEmpty   queue.o
    0x080021f6   0x00000002   PAD
    0x080021f8   0x00000090   Code   RO         2981    i.prvNotifyQueueSetContainer  queue.o
    0x08002288   0x00000060   Code   RO         3571    i.prvProcessExpiredTimer  timers.o
    0x080022e8   0x000000f0   Code   RO         3572    i.prvProcessReceivedCommands  timers.o
    0x080023d8   0x0000006c   Code   RO         3573    i.prvProcessTimerOrBlockTask  timers.o
    0x08002444   0x00000020   Code   RO         3205    i.prvResetNextTaskUnblockTime  tasks.o
    0x08002464   0x00000028   Code   RO         3574    i.prvSampleTimeNow  timers.o
    0x0800248c   0x0000006c   Code   RO         3575    i.prvSwitchTimerLists  timers.o
    0x080024f8   0x00000064   Code   RO         3739    i.prvTaskExitError  port.o
    0x0800255c   0x00000028   Code   RO         3576    i.prvTimerTask      timers.o
    0x08002584   0x00000078   Code   RO         2982    i.prvUnlockQueue    queue.o
    0x080025fc   0x00000114   Code   RO         3691    i.pvPortMalloc      heap_4.o
    0x08002710   0x00000018   Code   RO         3208    i.pvTaskIncrementMutexHeldCount  tasks.o
    0x08002728   0x00000024   Code   RO         3740    i.pxPortInitialiseStack  port.o
    0x0800274c   0x000000e8   Code   RO            8    i.start_task        main.o
    0x08002834   0x000000a4   Code   RO         1041    i.uart_init         usart.o
    0x080028d8   0x000000a4   Code   RO         1042    i.uart_init2        usart.o
    0x0800297c   0x00000024   Code   RO         2941    i.uxListRemove      list.o
    0x080029a0   0x00000016   Code   RO         2942    i.vListInitialise   list.o
    0x080029b6   0x00000006   Code   RO         2943    i.vListInitialiseItem  list.o
    0x080029bc   0x00000030   Code   RO         2944    i.vListInsert       list.o
    0x080029ec   0x00000018   Code   RO         2945    i.vListInsertEnd    list.o
    0x08002a04   0x00000078   Code   RO         3742    i.vPortEnterCritical  port.o
    0x08002a7c   0x00000064   Code   RO         3743    i.vPortExitCritical  port.o
    0x08002ae0   0x0000009c   Code   RO         3692    i.vPortFree         heap_4.o
    0x08002b7c   0x00000044   Code   RO         3744    i.vPortSetupTimerInterrupt  port.o
    0x08002bc0   0x000000e8   Code   RO         3745    i.vPortSuppressTicksAndSleep  port.o
    0x08002ca8   0x0000008c   Code   RO         3746    i.vPortValidateInterruptPriority  port.o
    0x08002d34   0x00000024   Code   RO         2988    i.vQueueAddToRegistry  queue.o
    0x08002d58   0x00000044   Code   RO         2992    i.vQueueWaitForMessageRestricted  queue.o
    0x08002d9c   0x0000006c   Code   RO         3216    i.vTaskDelay        tasks.o
    0x08002e08   0x000000cc   Code   RO         3218    i.vTaskDelete       tasks.o
    0x08002ed4   0x0000000c   Code   RO         3223    i.vTaskMissedYield  tasks.o
    0x08002ee0   0x00000054   Code   RO         3225    i.vTaskPlaceOnEventList  tasks.o
    0x08002f34   0x0000005c   Code   RO         3226    i.vTaskPlaceOnEventListRestricted  tasks.o
    0x08002f90   0x00000084   Code   RO         3228    i.vTaskPriorityInherit  tasks.o
    0x08003014   0x00000048   Code   RO         3232    i.vTaskSetTimeOutState  tasks.o
    0x0800305c   0x00000098   Code   RO         3233    i.vTaskStartScheduler  tasks.o
    0x080030f4   0x0000004c   Code   RO         3234    i.vTaskStepTick     tasks.o
    0x08003140   0x00000010   Code   RO         3236    i.vTaskSuspendAll   tasks.o
    0x08003150   0x0000009c   Code   RO         3237    i.vTaskSwitchContext  tasks.o
    0x080031ec   0x00000078   Code   RO         3747    i.xPortStartScheduler  port.o
    0x08003264   0x0000002c   Code   RO         3748    i.xPortSysTickHandler  port.o
    0x08003290   0x00000078   Code   RO         2997    i.xQueueGenericCreate  queue.o
    0x08003308   0x00000184   Code   RO         2998    i.xQueueGenericReceive  queue.o
    0x0800348c   0x000000a8   Code   RO         2999    i.xQueueGenericReset  queue.o
    0x08003534   0x00000188   Code   RO         3000    i.xQueueGenericSend  queue.o
    0x080036bc   0x000000e0   Code   RO         3001    i.xQueueGenericSendFromISR  queue.o
    0x0800379c   0x000000c8   Code   RO         3002    i.xQueueGiveFromISR  queue.o
    0x08003864   0x00000088   Code   RO         3238    i.xTaskCheckForTimeOut  tasks.o
    0x080038ec   0x00000056   Code   RO         3239    i.xTaskCreate       tasks.o
    0x08003942   0x00000002   PAD
    0x08003944   0x0000001c   Code   RO         3243    i.xTaskGetSchedulerState  tasks.o
    0x08003960   0x0000000c   Code   RO         3244    i.xTaskGetTickCount  tasks.o
    0x0800396c   0x000000e8   Code   RO         3246    i.xTaskIncrementTick  tasks.o
    0x08003a54   0x000000b4   Code   RO         3249    i.xTaskPriorityDisinherit  tasks.o
    0x08003b08   0x0000009c   Code   RO         3250    i.xTaskRemoveFromEventList  tasks.o
    0x08003ba4   0x000000e4   Code   RO         3252    i.xTaskResumeAll    tasks.o
    0x08003c88   0x00000074   Code   RO         3579    i.xTimerCreate      timers.o
    0x08003cfc   0x00000074   Code   RO         3580    i.xTimerCreateTimerTask  timers.o
    0x08003d70   0x00000090   Code   RO         3581    i.xTimerGenericCommand  timers.o
    0x08003e00   0x000000c4   Code   RO         3914    x$fpl$fadd          fz_ws.l(faddsub_clz.o)
    0x08003ec4   0x00000184   Code   RO         3921    x$fpl$fdiv          fz_ws.l(fdiv.o)
    0x08004048   0x00000036   Code   RO         3924    x$fpl$ffix          fz_ws.l(ffix.o)
    0x0800407e   0x00000002   PAD
    0x08004080   0x00000026   Code   RO         3932    x$fpl$ffltu         fz_ws.l(fflt_clz.o)
    0x080040a6   0x00000002   PAD
    0x080040a8   0x00000102   Code   RO         3938    x$fpl$fmul          fz_ws.l(fmul.o)
    0x080041aa   0x0000008c   Code   RO         3960    x$fpl$fnaninf       fz_ws.l(fnaninf.o)
    0x08004236   0x0000000a   Code   RO         3962    x$fpl$fretinf       fz_ws.l(fretinf.o)
    0x08004240   0x000000ea   Code   RO         3916    x$fpl$fsub          fz_ws.l(faddsub_clz.o)
    0x0800432a   0x00000000   Code   RO         3964    x$fpl$usenofp       fz_ws.l(usenofp.o)
    0x0800432a   0x00000002   PAD
    0x0800432c   0x00000018   Data   RO         2772    .constdata          malloc.o
    0x08004344   0x00000020   Data   RO         4118    Region$$Table       anon$$obj.o


    Execution Region ER_RW (Base: 0x20000000, Size: 0x00000110, Max: 0xffffffff, ABSOLUTE)

    Base Addr    Size         Type   Attr      Idx    E Section Name        Object

    0x20000000   0x0000001c   Data   RW            9    .data               main.o
    0x2000001c   0x00000014   Data   RW          313    .data               system_stm32f10x.o
    0x20000030   0x00000010   Data   RW          343    .data               types.o
    0x20000040   0x00000008   Data   RW          385    .data               timer.o
    0x20000048   0x00000002   Data   RW          619    .data               key.o
    0x2000004a   0x00000002   Data   RW          825    .data               sht3x.o
    0x2000004c   0x00000004   Data   RW          963    .data               delay.o
    0x20000050   0x00000004   Data   RW         1044    .data               usart.o
    0x20000054   0x00000004   Data   RW         1045    .data               usart.o
    0x20000058   0x00000014   Data   RW         1328    .data               stm32f10x_rcc.o
    0x2000006c   0x0000001c   Data   RW         2773    .data               malloc.o
    0x20000088   0x00000044   Data   RW         3255    .data               tasks.o
    0x200000cc   0x00000014   Data   RW         3589    .data               timers.o
    0x200000e0   0x00000018   Data   RW         3697    .data               heap_4.o
    0x200000f8   0x00000018   Data   RW         3749    .data               port.o


    Execution Region ER_ZI (Base: 0x20000110, Size: 0x0000b4e0, Max: 0xffffffff, ABSOLUTE)

    Base Addr    Size         Type   Attr      Idx    E Section Name        Object

    0x20000110   0x00000097   Zero   RW          342    .bss                types.o
    0x200001a7   0x00000001   PAD
    0x200001a8   0x00000400   Zero   RW          667    .bss                stmflash.o
    0x200005a8   0x00000190   Zero   RW         1043    .bss                usart.o
    0x20000738   0x00000008   PAD
    0x20000740   0x00005000   Zero   RW         2770    .bss                malloc.o
    0x20005740   0x00000500   Zero   RW         2771    .bss                malloc.o
    0x20005c40   0x00000040   Zero   RW         3012    .bss                queue.o
    0x20005c80   0x000002e4   Zero   RW         3254    .bss                tasks.o
    0x20005f64   0x00000028   Zero   RW         3588    .bss                timers.o
    0x20005f8c   0x00005000   Zero   RW         3696    .bss                heap_4.o
    0x2000af8c   0x00000060   Zero   RW         3997    .bss                c_w.l(libspace.o)
    0x2000afec   0x00000004   PAD
    0x2000aff0   0x00000200   Zero   RW         1116    HEAP                startup_stm32f10x_hd.o
    0x2000b1f0   0x00000400   Zero   RW         1115    STACK               startup_stm32f10x_hd.o



  Load Region LR$$.ARM.__AT_0x68000000 (Base: 0x68000000, Size: 0x00000000, Max: 0x000f0000, ABSOLUTE)

    Execution Region ER$$.ARM.__AT_0x68000000 (Base: 0x68000000, Size: 0x000f0000, Max: 0x000f0000, ABSOLUTE, UNINIT)

    Base Addr    Size         Type   Attr      Idx    E Section Name        Object

    0x68000000   0x000f0000   Zero   RW         2768    .ARM.__AT_0x68000000  malloc.o



  Load Region LR$$.ARM.__AT_0x680F0000 (Base: 0x680f0000, Size: 0x00000000, Max: 0x0000f000, ABSOLUTE)

    Execution Region ER$$.ARM.__AT_0x680F0000 (Base: 0x680f0000, Size: 0x0000f000, Max: 0x0000f000, ABSOLUTE, UNINIT)

    Base Addr    Size         Type   Attr      Idx    E Section Name        Object

    0x680f0000   0x0000f000   Zero   RW         2769    .ARM.__AT_0x680F0000  malloc.o


==============================================================================

Image component sizes


      Code (inc. data)   RO Data    RW Data    ZI Data      Debug   Object Name

        56          6          0          0          0        476   beep.o
       200         20          0          4          0       2129   delay.o
         0          0          0          0          0       7840   event_groups.o
       584        138          0         24      20480       3495   heap_4.o
       396         36          0          2          0       1910   key.o
         0          0          0          0          0       1452   lcd.o
       152         16          0          0          0        539   led.o
       136          0          0          0          0       2666   list.o
       636        138          0         28          0     279950   main.o
       144         18         24         28    1066240       3407   malloc.o
       144         16          0          0          0       1841   misc.o
      1110        322          0         24          0      10722   port.o
      2032        274          0          0         64      11585   queue.o
       674         44          0          2          0       8164   sht3x.o
       580         50          0          0          0       7791   sht_3x_i2c.o
        64         26        304          0       1536        776   startup_stm32f10x_hd.o
       226         30          0          0          0       4843   stm32f10x_flash.o
       178          0          0          0          0       3188   stm32f10x_gpio.o
        12          0          0          0          0       2305   stm32f10x_it.o
       196         28          0         20          0       4222   stm32f10x_rcc.o
       222         42          0          0          0       3985   stm32f10x_tim.o
       332          6          0          0          0       5449   stm32f10x_usart.o
       254          6          0          0       1024       2637   stmflash.o
         0          0          0          0          0         32   sys.o
       248         24          0         20          0       1617   system_stm32f10x.o
      3066        772          0         68        740      28361   tasks.o
       164         16          0          8          0       1728   timer.o
      1144        260          0         20         40       8206   timers.o
       492         20          0         16        151       5337   types.o
       772         82          0          8        400       6473   usart.o

    ----------------------------------------------------------------------
     14240       2390        360        272    1090684     423126   Object Totals
         0          0         32          0          0          0   (incl. Generated)
        26          0          0          0          9          0   (incl. Padding)

    ----------------------------------------------------------------------

      Code (inc. data)   RO Data    RW Data    ZI Data      Debug   Library Member Name

         8          0          0          0          0         68   __main.o
       104          0          0          0          0         84   __printf.o
         0          0          0          0          0          0   __rtentry.o
        12          0          0          0          0          0   __rtentry2.o
         6          0          0          0          0          0   __rtentry4.o
        52          8          0          0          0          0   __scatter.o
        26          0          0          0          0          0   __scatter_copy.o
        28          0          0          0          0          0   __scatter_zi.o
        44          0          0          0          0        108   _printf_char.o
        48          6          0          0          0         96   _printf_char_common.o
        36          4          0          0          0         80   _printf_char_file.o
         6          0          0          0          0          0   _printf_d.o
       120         16          0          0          0         92   _printf_dec.o
       178          0          0          0          0         88   _printf_intcommon.o
         0          0          0          0          0          0   _printf_percent.o
         4          0          0          0          0          0   _printf_percent_end.o
         6          0          0          0          0          0   _printf_s.o
        82          0          0          0          0         80   _printf_str.o
        16          0          0          0          0         68   aeabi_memset.o
        12          0          0          0          0         72   exit.o
         8          0          0          0          0         68   ferror.o
         6          0          0          0          0        152   heapauxi.o
         2          0          0          0          0          0   libinit.o
         2          0          0          0          0          0   libinit2.o
         2          0          0          0          0          0   libshutdown.o
         2          0          0          0          0          0   libshutdown2.o
         8          4          0          0         96         68   libspace.o
        24          4          0          0          0         84   noretval__2printf.o
        68          0          0          0          0         68   rt_memclr.o
        78          0          0          0          0         80   rt_memclr_w.o
       138          0          0          0          0         68   rt_memcpy_v6.o
       100          0          0          0          0         80   rt_memcpy_w.o
         2          0          0          0          0          0   rtexit.o
        10          0          0          0          0          0   rtexit2.o
        74          0          0          0          0         80   sys_stackheap_outer.o
         2          0          0          0          0         68   use_no_semi.o
         2          0          0          0          0         68   use_no_semi_2.o
       430          8          0          0          0        168   faddsub_clz.o
       388         76          0          0          0         96   fdiv.o
        54          4          0          0          0         84   ffix.o
        38          0          0          0          0         68   fflt_clz.o
       258          4          0          0          0         84   fmul.o
       140          4          0          0          0         84   fnaninf.o
        10          0          0          0          0         68   fretinf.o
         0          0          0          0          0          0   usenofp.o

    ----------------------------------------------------------------------
      2652        138          0          0        100       2372   Library Totals
        18          0          0          0          4          0   (incl. Padding)

    ----------------------------------------------------------------------

      Code (inc. data)   RO Data    RW Data    ZI Data      Debug   Library Name

      1316         42          0          0         96       1720   c_w.l
      1318         96          0          0          0        652   fz_ws.l

    ----------------------------------------------------------------------
      2652        138          0          0        100       2372   Library Totals

    ----------------------------------------------------------------------

==============================================================================


      Code (inc. data)   RO Data    RW Data    ZI Data      Debug   

     16892       2528        360        272    1090784     415458   Grand Totals
     16892       2528        360        272    1090784     415458   ELF Image Totals
     16892       2528        360        272          0          0   ROM Totals

==============================================================================

    Total RO  Size (Code + RO Data)                17252 (  16.85kB)
    Total RW  Size (RW Data + ZI Data)           1091056 (1065.48kB)
    Total ROM Size (Code + RO Data + RW Data)      17524 (  17.11kB)

==============================================================================

