Component: ARM Compiler 5.05 update 1 (build 106) Tool: armlink [4d0efa]

==============================================================================

Section Cross References

    main.o(i.CommandProcess) refers to usart.o(i.myuart_send) for myuart_send
    main.o(i.CommandProcess) refers to malloc.o(i.mymemcpy) for mymemcpy
    main.o(i.CommandProcess) refers to main.o(.bss) for .bss
    main.o(i.UART1_task) refers to queue.o(i.xQueueGenericReceive) for xQueueGenericReceive
    main.o(i.UART1_task) refers to malloc.o(i.mymemcpy) for mymemcpy
    main.o(i.UART1_task) refers to main.o(i.CommandProcess) for CommandProcess
    main.o(i.UART1_task) refers to rt_memclr.o(.text) for __aeabi_memclr
    main.o(i.UART1_task) refers to malloc.o(i.myfree) for myfree
    main.o(i.UART1_task) refers to main.o(.data) for .data
    main.o(i.UART1_task) refers to usart.o(.data) for USART_RX_STA
    main.o(i.UART1_task) refers to usart.o(.bss) for USART_RX_BUF
    main.o(i.UART2_task) refers to queue.o(i.xQueueGenericReceive) for xQueueGenericReceive
    main.o(i.UART2_task) refers to malloc.o(i.mymemcpy) for mymemcpy
    main.o(i.UART2_task) refers to usart.o(i.myuart_send) for myuart_send
    main.o(i.UART2_task) refers to rt_memclr.o(.text) for __aeabi_memclr
    main.o(i.UART2_task) refers to main.o(.data) for .data
    main.o(i.UART2_task) refers to usart.o(.data) for USART2_RX_STA
    main.o(i.UART2_task) refers to usart.o(.bss) for USART2_RX_BUF
    main.o(i.UART2_task) refers to main.o(.bss) for .bss
    main.o(i.main) refers to misc.o(i.NVIC_PriorityGroupConfig) for NVIC_PriorityGroupConfig
    main.o(i.main) refers to delay.o(i.delay_init) for delay_init
    main.o(i.main) refers to usart.o(i.myuart_init) for myuart_init
    main.o(i.main) refers to led.o(i.LED_Init) for LED_Init
    main.o(i.main) refers to key.o(i.KEY_Init) for KEY_Init
    main.o(i.main) refers to beep.o(i.BEEP_Init) for BEEP_Init
    main.o(i.main) refers to malloc.o(i.my_mem_init) for my_mem_init
    main.o(i.main) refers to tasks.o(i.xTaskCreate) for xTaskCreate
    main.o(i.main) refers to tasks.o(i.vTaskStartScheduler) for vTaskStartScheduler
    main.o(i.main) refers to main.o(.data) for .data
    main.o(i.main) refers to main.o(i.start_task) for start_task
    main.o(i.start_task) refers to port.o(i.vPortEnterCritical) for vPortEnterCritical
    main.o(i.start_task) refers to queue.o(i.xQueueGenericCreate) for xQueueGenericCreate
    main.o(i.start_task) refers to tasks.o(i.xTaskCreate) for xTaskCreate
    main.o(i.start_task) refers to tasks.o(i.vTaskDelete) for vTaskDelete
    main.o(i.start_task) refers to port.o(i.vPortExitCritical) for vPortExitCritical
    main.o(i.start_task) refers to main.o(.data) for .data
    main.o(i.start_task) refers to main.o(i.UART2_task) for UART2_task
    main.o(i.start_task) refers to main.o(i.UART1_task) for UART1_task
    system_stm32f10x.o(i.SystemCoreClockUpdate) refers to system_stm32f10x.o(.data) for .data
    system_stm32f10x.o(i.SystemInit) refers to system_stm32f10x.o(i.SetSysClockTo72) for SetSysClockTo72
    led.o(i.LED_Init) refers to stm32f10x_rcc.o(i.RCC_APB2PeriphClockCmd) for RCC_APB2PeriphClockCmd
    led.o(i.LED_Init) refers to stm32f10x_gpio.o(i.GPIO_Init) for GPIO_Init
    led.o(i.LED_Init) refers to stm32f10x_gpio.o(i.GPIO_SetBits) for GPIO_SetBits
    led.o(i.LED_Init) refers to stm32f10x_gpio.o(i.GPIO_ResetBits) for GPIO_ResetBits
    timer.o(i.ConfigureTimeForRunTimeStats) refers to timer.o(i.TIM3_Int_Init) for TIM3_Int_Init
    timer.o(i.ConfigureTimeForRunTimeStats) refers to timer.o(.data) for .data
    timer.o(i.TIM3_IRQHandler) refers to stm32f10x_tim.o(i.TIM_GetITStatus) for TIM_GetITStatus
    timer.o(i.TIM3_IRQHandler) refers to stm32f10x_tim.o(i.TIM_ClearITPendingBit) for TIM_ClearITPendingBit
    timer.o(i.TIM3_IRQHandler) refers to timer.o(.data) for .data
    timer.o(i.TIM3_Int_Init) refers to stm32f10x_rcc.o(i.RCC_APB1PeriphClockCmd) for RCC_APB1PeriphClockCmd
    timer.o(i.TIM3_Int_Init) refers to stm32f10x_tim.o(i.TIM_TimeBaseInit) for TIM_TimeBaseInit
    timer.o(i.TIM3_Int_Init) refers to stm32f10x_tim.o(i.TIM_ITConfig) for TIM_ITConfig
    timer.o(i.TIM3_Int_Init) refers to misc.o(i.NVIC_Init) for NVIC_Init
    timer.o(i.TIM3_Int_Init) refers to stm32f10x_tim.o(i.TIM_Cmd) for TIM_Cmd
    lcd.o(i.LCD_Clear) refers to lcd.o(i.LCD_SetCursor) for LCD_SetCursor
    lcd.o(i.LCD_Clear) refers to lcd.o(i.LCD_WriteRAM_Prepare) for LCD_WriteRAM_Prepare
    lcd.o(i.LCD_Clear) refers to lcd.o(.bss) for .bss
    lcd.o(i.LCD_Color_Fill) refers to lcd.o(i.LCD_SetCursor) for LCD_SetCursor
    lcd.o(i.LCD_Color_Fill) refers to lcd.o(i.LCD_WriteRAM_Prepare) for LCD_WriteRAM_Prepare
    lcd.o(i.LCD_DisplayOff) refers to lcd.o(i.LCD_WriteReg) for LCD_WriteReg
    lcd.o(i.LCD_DisplayOff) refers to lcd.o(.bss) for .bss
    lcd.o(i.LCD_DisplayOn) refers to lcd.o(i.LCD_WriteReg) for LCD_WriteReg
    lcd.o(i.LCD_DisplayOn) refers to lcd.o(.bss) for .bss
[...]
    RESET                                    0x08000000   Section      304  startup_stm32f10x_hd.o(RESET)
    !!!main                                  0x08000130   Section        8  __main.o(!!!main)
    !!!scatter                               0x08000138   Section       52  __scatter.o(!!!scatter)
    !!handler_copy                           0x0800016c   Section       26  __scatter_copy.o(!!handler_copy)
    !!handler_zi                             0x08000188   Section       28  __scatter_zi.o(!!handler_zi)
    .ARM.Collect$$_printf_percent$$00000000  0x080001a4   Section        0  _printf_percent.o(.ARM.Collect$$_printf_percent$$00000000)
    .ARM.Collect$$_printf_percent$$00000009  0x080001a4   Section        6  _printf_d.o(.ARM.Collect$$_printf_percent$$00000009)
    .ARM.Collect$$_printf_percent$$00000014  0x080001aa   Section        6  _printf_s.o(.ARM.Collect$$_printf_percent$$00000014)
    .ARM.Collect$$_printf_percent$$00000017  0x080001b0   Section        4  _printf_percent_end.o(.ARM.Collect$$_printf_percent$$00000017)
    .ARM.Collect$$libinit$$00000000          0x080001b4   Section        2  libinit.o(.ARM.Collect$$libinit$$00000000)
    .ARM.Collect$$libinit$$00000002          0x080001b6   Section        0  libinit2.o(.ARM.Collect$$libinit$$00000002)
    .ARM.Collect$$libinit$$00000004          0x080001b6   Section        0  libinit2.o(.ARM.Collect$$libinit$$00000004)
    .ARM.Collect$$libinit$$0000000A          0x080001b6   Section        0  libinit2.o(.ARM.Collect$$libinit$$0000000A)
    .ARM.Collect$$libinit$$0000000C          0x080001b6   Section        0  libinit2.o(.ARM.Collect$$libinit$$0000000C)
    .ARM.Collect$$libinit$$0000000E          0x080001b6   Section        0  libinit2.o(.ARM.Collect$$libinit$$0000000E)
    .ARM.Collect$$libinit$$00000011          0x080001b6   Section        0  libinit2.o(.ARM.Collect$$libinit$$00000011)
    .ARM.Collect$$libinit$$00000013          0x080001b6   Section        0  libinit2.o(.ARM.Collect$$libinit$$00000013)
    .ARM.Collect$$libinit$$00000015          0x080001b6   Section        0  libinit2.o(.ARM.Collect$$libinit$$00000015)
    .ARM.Collect$$libinit$$00000017          0x080001b6   Section        0  libinit2.o(.ARM.Collect$$libinit$$00000017)
    .ARM.Collect$$libinit$$00000019          0x080001b6   Section        0  libinit2.o(.ARM.Collect$$libinit$$00000019)
    .ARM.Collect$$libinit$$0000001B          0x080001b6   Section        0  libinit2.o(.ARM.Collect$$libinit$$0000001B)
    .ARM.Collect$$libinit$$0000001D          0x080001b6   Section        0  libinit2.o(.ARM.Collect$$libinit$$0000001D)
    .ARM.Collect$$libinit$$0000001F          0x080001b6   Section        0  libinit2.o(.ARM.Collect$$libinit$$0000001F)
    .ARM.Collect$$libinit$$00000021          0x080001b6   Section        0  libinit2.o(.ARM.Collect$$libinit$$00000021)
    .ARM.Collect$$libinit$$00000023          0x080001b6   Section        0  libinit2.o(.ARM.Collect$$libinit$$00000023)
    .ARM.Collect$$libinit$$00000025          0x080001b6   Section        0  libinit2.o(.ARM.Collect$$libinit$$00000025)
    .ARM.Collect$$libinit$$0000002C          0x080001b6   Section        0  libinit2.o(.ARM.Collect$$libinit$$0000002C)
    .ARM.Collect$$libinit$$0000002E          0x080001b6   Section        0  libinit2.o(.ARM.Collect$$libinit$$0000002E)
    .ARM.Collect$$libinit$$00000030          0x080001b6   Section        0  libinit2.o(.ARM.Collect$$libinit$$00000030)
    .ARM.Collect$$libinit$$00000032          0x080001b6   Section        0  libinit2.o(.ARM.Collect$$libinit$$00000032)
    .ARM.Collect$$libinit$$00000033          0x080001b6   Section        2  libinit2.o(.ARM.Collect$$libinit$$00000033)
    .ARM.Collect$$libshutdown$$00000000      0x080001b8   Section        2  libshutdown.o(.ARM.Collect$$libshutdown$$00000000)
    .ARM.Collect$$libshutdown$$00000003      0x080001ba   Section        0  libshutdown2.o(.ARM.Collect$$libshutdown$$00000003)
    .ARM.Collect$$libshutdown$$00000006      0x080001ba   Section        0  libshutdown2.o(.ARM.Collect$$libshutdown$$00000006)
    .ARM.Collect$$libshutdown$$00000009      0x080001ba   Section        0  libshutdown2.o(.ARM.Collect$$libshutdown$$00000009)
    .ARM.Collect$$libshutdown$$0000000B      0x080001ba   Section        0  libshutdown2.o(.ARM.Collect$$libshutdown$$0000000B)
    .ARM.Collect$$libshutdown$$0000000E      0x080001ba   Section        0  libshutdown2.o(.ARM.Collect$$libshutdown$$0000000E)
    .ARM.Collect$$libshutdown$$0000000F      0x080001ba   Section        2  libshutdown2.o(.ARM.Collect$$libshutdown$$0000000F)
    .ARM.Collect$$rtentry$$00000000          0x080001bc   Section        0  __rtentry.o(.ARM.Collect$$rtentry$$00000000)
    .ARM.Collect$$rtentry$$00000002          0x080001bc   Section        0  __rtentry2.o(.ARM.Collect$$rtentry$$00000002)
    .ARM.Collect$$rtentry$$00000004          0x080001bc   Section        6  __rtentry4.o(.ARM.Collect$$rtentry$$00000004)
    .ARM.Collect$$rtentry$$00000009          0x080001c2   Section        0  __rtentry2.o(.ARM.Collect$$rtentry$$00000009)
    .ARM.Collect$$rtentry$$0000000A          0x080001c2   Section        4  __rtentry2.o(.ARM.Collect$$rtentry$$0000000A)
    .ARM.Collect$$rtentry$$0000000C          0x080001c6   Section        0  __rtentry2.o(.ARM.Collect$$rtentry$$0000000C)
    .ARM.Collect$$rtentry$$0000000D          0x080001c6   Section        8  __rtentry2.o(.ARM.Collect$$rtentry$$0000000D)
    .ARM.Collect$$rtexit$$00000000           0x080001ce   Section        2  rtexit.o(.ARM.Collect$$rtexit$$00000000)
    .ARM.Collect$$rtexit$$00000002           0x080001d0   Section        0  rtexit2.o(.ARM.Collect$$rtexit$$00000002)
    .ARM.Collect$$rtexit$$00000003           0x080001d0   Section        4  rtexit2.o(.ARM.Collect$$rtexit$$00000003)
    .ARM.Collect$$rtexit$$00000004           0x080001d4   Section        6  rtexit2.o(.ARM.Collect$$rtexit$$00000004)
    .emb_text                                0x080001dc   Section      150  port.o(.emb_text)
    .text                                    0x08000274   Section       64  startup_stm32f10x_hd.o(.text)
    .text                                    0x080002b4   Section        2  use_no_semi_2.o(.text)
    .text                                    0x080002b8   Section        0  noretval__2printf.o(.text)
    .text                                    0x080002d0   Section        0  __printf.o(.text)
    .text                                    0x08000338   Section        0  _printf_str.o(.text)
    .text                                    0x0800038c   Section        0  _printf_dec.o(.text)
    .text                                    0x08000404   Section      138  rt_memcpy_v6.o(.text)
    .text                                    0x0800048e   Section       16  aeabi_memset.o(.text)
    .text                                    0x0800049e   Section       68  rt_memclr.o(.text)
    .text                                    0x080004e2   Section        0  heapauxi.o(.text)
    .text                                    0x080004e8   Section        2  use_no_semi.o(.text)
    .text                                    0x080004ea   Section        0  _printf_intcommon.o(.text)
    .text                                    0x0800059c   Section        0  _printf_char_common.o(.text)
    _printf_input_char                       0x0800059d   Thumb Code    10  _printf_char_common.o(.text)
    .text                                    0x080005cc   Section        0  _printf_char.o(.text)
    .text                                    0x080005f8   Section        0  _printf_char_file.o(.text)
    .text                                    0x0800061c   Section      100  rt_memcpy_w.o(.text)
    .text                                    0x08000680   Section       78  rt_memclr_w.o(.text)
    .text                                    0x080006ce   Section        0  ferror.o(.text)
    .text                                    0x080006d6   Section       74  sys_stackheap_outer.o(.text)
    .text                                    0x08000720   Section        0  exit.o(.text)
    .text                                    0x0800072c   Section        8  libspace.o(.text)
    i.BEEP_Init                              0x08000734   Section        0  beep.o(i.BEEP_Init)
    i.BusFault_Handler                       0x0800076c   Section        0  stm32f10x_it.o(i.BusFault_Handler)
    i.CommandProcess                         0x08000770   Section        0  main.o(i.CommandProcess)
    i.ConfigureTimeForRunTimeStats           0x08000830   Section        0  timer.o(i.ConfigureTimeForRunTimeStats)
    i.DebugMon_Handler                       0x08000844   Section        0  stm32f10x_it.o(i.DebugMon_Handler)
    i.GPIO_Init                              0x08000846   Section        0  stm32f10x_gpio.o(i.GPIO_Init)
    i.GPIO_ResetBits                         0x080008e2   Section        0  stm32f10x_gpio.o(i.GPIO_ResetBits)
    i.GPIO_SetBits                           0x080008e6   Section        0  stm32f10x_gpio.o(i.GPIO_SetBits)
    i.HardFault_Handler                      0x080008ea   Section        0  stm32f10x_it.o(i.HardFault_Handler)
    i.KEY_Init                               0x080008ec   Section        0  key.o(i.KEY_Init)
    i.LED_Init                               0x08000928   Section        0  led.o(i.LED_Init)
    i.MemManage_Handler                      0x080009b0   Section        0  stm32f10x_it.o(i.MemManage_Handler)
    i.NMI_Handler                            0x080009b2   Section        0  stm32f10x_it.o(i.NMI_Handler)
    i.NVIC_Init                              0x080009b4   Section        0  misc.o(i.NVIC_Init)
    i.NVIC_PriorityGroupConfig               0x08000a18   Section        0  misc.o(i.NVIC_PriorityGroupConfig)
    i.PostSleepProcessing                    0x08000a2c   Section        0  main.o(i.PostSleepProcessing)
    i.PreSleepProcessing                     0x08000a2e   Section        0  main.o(i.PreSleepProcessing)
    i.RCC_APB1PeriphClockCmd                 0x08000a30   Section        0  stm32f10x_rcc.o(i.RCC_APB1PeriphClockCmd)
    i.RCC_APB2PeriphClockCmd                 0x08000a48   Section        0  stm32f10x_rcc.o(i.RCC_APB2PeriphClockCmd)
    i.RCC_GetClocksFreq                      0x08000a60   Section        0  stm32f10x_rcc.o(i.RCC_GetClocksFreq)
    i.SetSysClockTo72                        0x08000af4   Section        0  system_stm32f10x.o(i.SetSysClockTo72)
    SetSysClockTo72                          0x08000af5   Thumb Code   160  system_stm32f10x.o(i.SetSysClockTo72)
    i.SysTick_CLKSourceConfig                0x08000b9c   Section        0  misc.o(i.SysTick_CLKSourceConfig)
    i.SysTick_Handler                        0x08000bb4   Section        0  delay.o(i.SysTick_Handler)
    i.SystemInit                             0x08000bc8   Section        0  system_stm32f10x.o(i.SystemInit)
    i.TIM3_IRQHandler                        0x08000c18   Section        0  timer.o(i.TIM3_IRQHandler)
    i.TIM3_Int_Init                          0x08000c4c   Section        0  timer.o(i.TIM3_Int_Init)
    i.TIM_ClearITPendingBit                  0x08000ca8   Section        0  stm32f10x_tim.o(i.TIM_ClearITPendingBit)
    i.TIM_Cmd                                0x08000cae   Section        0  stm32f10x_tim.o(i.TIM_Cmd)
    i.TIM_GetITStatus                        0x08000cc2   Section        0  stm32f10x_tim.o(i.TIM_GetITStatus)
    i.TIM_ITConfig                           0x08000cda   Section        0  stm32f10x_tim.o(i.TIM_ITConfig)
    i.TIM_TimeBaseInit                       0x08000cec   Section        0  stm32f10x_tim.o(i.TIM_TimeBaseInit)
    i.UART1_task                             0x08000d88   Section        0  main.o(i.UART1_task)
    i.UART2_task                             0x08000dd8   Section        0  main.o(i.UART2_task)
    i.USART1_IRQHandler                      0x08000e24   Section        0  usart.o(i.USART1_IRQHandler)
    i.USART2_IRQHandler                      0x08000eb8   Section        0  usart.o(i.USART2_IRQHandler)
    i.USART_Cmd                              0x08000f48   Section        0  stm32f10x_usart.o(i.USART_Cmd)
    i.USART_GetFlagStatus                    0x08000f5c   Section        0  stm32f10x_usart.o(i.USART_GetFlagStatus)
    i.USART_GetITStatus                      0x08000f6a   Section        0  stm32f10x_usart.o(i.USART_GetITStatus)
    i.USART_ITConfig                         0x08000fa8   Section        0  stm32f10x_usart.o(i.USART_ITConfig)
    i.USART_Init                             0x08000fd8   Section        0  stm32f10x_usart.o(i.USART_Init)
    i.USART_ReceiveData                      0x08001084   Section        0  stm32f10x_usart.o(i.USART_ReceiveData)
    i.USART_SendData                         0x0800108c   Section        0  stm32f10x_usart.o(i.USART_SendData)
    i.UsageFault_Handler                     0x08001094   Section        0  stm32f10x_it.o(i.UsageFault_Handler)
    i._sys_exit                              0x08001096   Section        0  usart.o(i._sys_exit)
    i.delay_init                             0x08001098   Section        0  delay.o(i.delay_init)
    i.eTaskConfirmSleepModeStatus            0x080010e0   Section        0  tasks.o(i.eTaskConfirmSleepModeStatus)
    i.fputc                                  0x08001110   Section        0  usart.o(i.fputc)
    i.main                                   0x08001128   Section        0  main.o(i.main)
    i.my_mem_free                            0x0800118c   Section        0  malloc.o(i.my_mem_free)
    i.my_mem_init                            0x080011e4   Section        0  malloc.o(i.my_mem_init)
    i.my_mem_perused                         0x08001220   Section        0  malloc.o(i.my_mem_perused)
    i.myfree                                 0x08001258   Section        0  malloc.o(i.myfree)
    i.mymemcpy                               0x08001270   Section        0  malloc.o(i.mymemcpy)
    i.mymemset                               0x08001280   Section        0  malloc.o(i.mymemset)
    i.myuart_init                            0x0800128c   Section        0  usart.o(i.myuart_init)
    i.myuart_send                            0x080012ac   Section        0  usart.o(i.myuart_send)
    i.prvAddCurrentTaskToDelayedList         0x0800130c   Section        0  tasks.o(i.prvAddCurrentTaskToDelayedList)
    prvAddCurrentTaskToDelayedList           0x0800130d   Thumb Code   102  tasks.o(i.prvAddCurrentTaskToDelayedList)
    i.prvAddNewTaskToReadyList               0x0800137c   Section        0  tasks.o(i.prvAddNewTaskToReadyList)
    prvAddNewTaskToReadyList                 0x0800137d   Thumb Code   192  tasks.o(i.prvAddNewTaskToReadyList)
    i.prvCheckForValidListAndQueue           0x0800144c   Section        0  timers.o(i.prvCheckForValidListAndQueue)
    prvCheckForValidListAndQueue             0x0800144d   Thumb Code    62  timers.o(i.prvCheckForValidListAndQueue)
    i.prvCheckTasksWaitingTermination        0x0800149c   Section        0  tasks.o(i.prvCheckTasksWaitingTermination)
    prvCheckTasksWaitingTermination          0x0800149d   Thumb Code    74  tasks.o(i.prvCheckTasksWaitingTermination)
    i.prvCopyDataFromQueue                   0x080014f0   Section        0  queue.o(i.prvCopyDataFromQueue)
    prvCopyDataFromQueue                     0x080014f1   Thumb Code    38  queue.o(i.prvCopyDataFromQueue)
    i.prvCopyDataToQueue                     0x08001516   Section        0  queue.o(i.prvCopyDataToQueue)
    prvCopyDataToQueue                       0x08001517   Thumb Code   108  queue.o(i.prvCopyDataToQueue)
    i.prvDeleteTCB                           0x08001582   Section        0  tasks.o(i.prvDeleteTCB)
    prvDeleteTCB                             0x08001583   Thumb Code    20  tasks.o(i.prvDeleteTCB)
    i.prvGetExpectedIdleTime                 0x08001598   Section        0  tasks.o(i.prvGetExpectedIdleTime)
    prvGetExpectedIdleTime                   0x08001599   Thumb Code    42  tasks.o(i.prvGetExpectedIdleTime)
    i.prvHeapInit                            0x080015cc   Section        0  heap_4.o(i.prvHeapInit)
    prvHeapInit                              0x080015cd   Thumb Code    66  heap_4.o(i.prvHeapInit)
    i.prvIdleTask                            0x08001618   Section        0  tasks.o(i.prvIdleTask)
    prvIdleTask                              0x08001619   Thumb Code    82  tasks.o(i.prvIdleTask)
    i.prvInitialiseNewTask                   0x0800169c   Section        0  tasks.o(i.prvInitialiseNewTask)
    prvInitialiseNewTask                     0x0800169d   Thumb Code   156  tasks.o(i.prvInitialiseNewTask)
    i.prvInsertBlockIntoFreeList             0x0800175c   Section        0  heap_4.o(i.prvInsertBlockIntoFreeList)
    prvInsertBlockIntoFreeList               0x0800175d   Thumb Code    72  heap_4.o(i.prvInsertBlockIntoFreeList)
    i.prvInsertTimerInActiveList             0x080017a8   Section        0  timers.o(i.prvInsertTimerInActiveList)
    prvInsertTimerInActiveList               0x080017a9   Thumb Code    52  timers.o(i.prvInsertTimerInActiveList)
    i.prvIsQueueEmpty                        0x080017e0   Section        0  queue.o(i.prvIsQueueEmpty)
    prvIsQueueEmpty                          0x080017e1   Thumb Code    26  queue.o(i.prvIsQueueEmpty)
    i.prvNotifyQueueSetContainer             0x080017fc   Section        0  queue.o(i.prvNotifyQueueSetContainer)
    prvNotifyQueueSetContainer               0x080017fd   Thumb Code   108  queue.o(i.prvNotifyQueueSetContainer)
    i.prvProcessExpiredTimer                 0x0800188c   Section        0  timers.o(i.prvProcessExpiredTimer)
    prvProcessExpiredTimer                   0x0800188d   Thumb Code    86  timers.o(i.prvProcessExpiredTimer)
    i.prvProcessReceivedCommands             0x080018ec   Section        0  timers.o(i.prvProcessReceivedCommands)
    prvProcessReceivedCommands               0x080018ed   Thumb Code   196  timers.o(i.prvProcessReceivedCommands)
    i.prvProcessTimerOrBlockTask             0x080019dc   Section        0  timers.o(i.prvProcessTimerOrBlockTask)
    prvProcessTimerOrBlockTask               0x080019dd   Thumb Code    98  timers.o(i.prvProcessTimerOrBlockTask)
    i.prvResetNextTaskUnblockTime            0x08001a48   Section        0  tasks.o(i.prvResetNextTaskUnblockTime)
    prvResetNextTaskUnblockTime              0x08001a49   Thumb Code    26  tasks.o(i.prvResetNextTaskUnblockTime)
    i.prvSampleTimeNow                       0x08001a68   Section        0  timers.o(i.prvSampleTimeNow)
    prvSampleTimeNow                         0x08001a69   Thumb Code    36  timers.o(i.prvSampleTimeNow)
    i.prvSwitchTimerLists                    0x08001a90   Section        0  timers.o(i.prvSwitchTimerLists)
    prvSwitchTimerLists                      0x08001a91   Thumb Code   100  timers.o(i.prvSwitchTimerLists)
    i.prvTaskExitError                       0x08001afc   Section        0  port.o(i.prvTaskExitError)
    prvTaskExitError                         0x08001afd   Thumb Code    34  port.o(i.prvTaskExitError)
    i.prvTimerTask                           0x08001b60   Section        0  timers.o(i.prvTimerTask)
    prvTimerTask                             0x08001b61   Thumb Code    34  timers.o(i.prvTimerTask)
    i.prvUnlockQueue                         0x08001b88   Section        0  queue.o(i.prvUnlockQueue)
    prvUnlockQueue                           0x08001b89   Thumb Code   120  queue.o(i.prvUnlockQueue)
    i.pvPortMalloc                           0x08001c00   Section        0  heap_4.o(i.pvPortMalloc)
    i.pvTaskIncrementMutexHeldCount          0x08001d14   Section        0  tasks.o(i.pvTaskIncrementMutexHeldCount)
    i.pxPortInitialiseStack                  0x08001d2c   Section        0  port.o(i.pxPortInitialiseStack)
    i.start_task                             0x08001d50   Section        0  main.o(i.start_task)
    i.uart_init                              0x08001dd0   Section        0  usart.o(i.uart_init)
    i.uart_init2                             0x08001e74   Section        0  usart.o(i.uart_init2)
    i.uxListRemove                           0x08001f18   Section        0  list.o(i.uxListRemove)
    i.vListInitialise                        0x08001f3c   Section        0  list.o(i.vListInitialise)
    i.vListInitialiseItem                    0x08001f52   Section        0  list.o(i.vListInitialiseItem)
    i.vListInsert                            0x08001f58   Section        0  list.o(i.vListInsert)
    i.vListInsertEnd                         0x08001f88   Section        0  list.o(i.vListInsertEnd)
    i.vPortEnterCritical                     0x08001fa0   Section        0  port.o(i.vPortEnterCritical)
    i.vPortExitCritical                      0x08002018   Section        0  port.o(i.vPortExitCritical)
    i.vPortFree                              0x0800207c   Section        0  heap_4.o(i.vPortFree)
    i.vPortSetupTimerInterrupt               0x08002118   Section        0  port.o(i.vPortSetupTimerInterrupt)
    i.vPortSuppressTicksAndSleep             0x0800215c   Section        0  port.o(i.vPortSuppressTicksAndSleep)
    i.vPortValidateInterruptPriority         0x08002244   Section        0  port.o(i.vPortValidateInterruptPriority)
    i.vQueueAddToRegistry                    0x080022d0   Section        0  queue.o(i.vQueueAddToRegistry)
    i.vQueueWaitForMessageRestricted         0x080022f4   Section        0  queue.o(i.vQueueWaitForMessageRestricted)
    i.vTaskDelete                            0x08002338   Section        0  tasks.o(i.vTaskDelete)
    i.vTaskMissedYield                       0x08002404   Section        0  tasks.o(i.vTaskMissedYield)
    i.vTaskPlaceOnEventList                  0x08002410   Section        0  tasks.o(i.vTaskPlaceOnEventList)
    i.vTaskPlaceOnEventListRestricted        0x08002464   Section        0  tasks.o(i.vTaskPlaceOnEventListRestricted)
    i.vTaskPriorityInherit                   0x080024c0   Section        0  tasks.o(i.vTaskPriorityInherit)
    i.vTaskSetTimeOutState                   0x08002544   Section        0  tasks.o(i.vTaskSetTimeOutState)
    i.vTaskStartScheduler                    0x0800258c   Section        0  tasks.o(i.vTaskStartScheduler)
    i.vTaskStepTick                          0x08002624   Section        0  tasks.o(i.vTaskStepTick)
    i.vTaskSuspendAll                        0x08002670   Section        0  tasks.o(i.vTaskSuspendAll)
    i.vTaskSwitchContext                     0x08002680   Section        0  tasks.o(i.vTaskSwitchContext)
    i.xPortStartScheduler                    0x0800271c   Section        0  port.o(i.xPortStartScheduler)
    i.xPortSysTickHandler                    0x08002794   Section        0  port.o(i.xPortSysTickHandler)
    i.xQueueGenericCreate                    0x080027c0   Section        0  queue.o(i.xQueueGenericCreate)
    i.xQueueGenericReceive                   0x08002838   Section        0  queue.o(i.xQueueGenericReceive)
    i.xQueueGenericReset                     0x080029bc   Section        0  queue.o(i.xQueueGenericReset)
    i.xQueueGenericSend                      0x08002a64   Section        0  queue.o(i.xQueueGenericSend)
    i.xQueueGenericSendFromISR               0x08002bec   Section        0  queue.o(i.xQueueGenericSendFromISR)
    i.xQueueGiveFromISR                      0x08002ccc   Section        0  queue.o(i.xQueueGiveFromISR)
    i.xTaskCheckForTimeOut                   0x08002d94   Section        0  tasks.o(i.xTaskCheckForTimeOut)
    i.xTaskCreate                            0x08002e1c   Section        0  tasks.o(i.xTaskCreate)
    i.xTaskGetSchedulerState                 0x08002e74   Section        0  tasks.o(i.xTaskGetSchedulerState)
    i.xTaskGetTickCount                      0x08002e90   Section        0  tasks.o(i.xTaskGetTickCount)
    i.xTaskIncrementTick                     0x08002e9c   Section        0  tasks.o(i.xTaskIncrementTick)
    i.xTaskPriorityDisinherit                0x08002f84   Section        0  tasks.o(i.xTaskPriorityDisinherit)
    i.xTaskRemoveFromEventList               0x08003038   Section        0  tasks.o(i.xTaskRemoveFromEventList)
    i.xTaskResumeAll                         0x080030d4   Section        0  tasks.o(i.xTaskResumeAll)
    i.xTimerCreate                           0x080031b8   Section        0  timers.o(i.xTimerCreate)
    i.xTimerCreateTimerTask                  0x0800322c   Section        0  timers.o(i.xTimerCreateTimerTask)
    i.xTimerGenericCommand                   0x080032a0   Section        0  timers.o(i.xTimerGenericCommand)
    .constdata                               0x08003330   Section       24  malloc.o(.constdata)
    .data                                    0x20000000   Section       20  main.o(.data)
    .data                                    0x20000014   Section       20  system_stm32f10x.o(.data)
    .data                                    0x20000028   Section        8  timer.o(.data)
    .data                                    0x20000030   Section        4  delay.o(.data)
    fac_us                                   0x20000030   Data           1  delay.o(.data)
    fac_ms                                   0x20000032   Data           2  delay.o(.data)
    .data                                    0x20000034   Section        4  usart.o(.data)
    .data                                    0x20000038   Section        4  usart.o(.data)
    .data                                    0x2000003c   Section       20  stm32f10x_rcc.o(.data)
    ADCPrescTable                            0x2000003c   Data           4  stm32f10x_rcc.o(.data)
    APBAHBPrescTable                         0x20000040   Data          16  stm32f10x_rcc.o(.data)
    .data                                    0x20000050   Section       28  malloc.o(.data)
    .data                                    0x2000006c   Section       68  tasks.o(.data)
    uxDeletedTasksWaitingCleanUp             0x20000070   Data           4  tasks.o(.data)
    uxCurrentNumberOfTasks                   0x20000074   Data           4  tasks.o(.data)
    xTickCount                               0x20000078   Data           4  tasks.o(.data)
    uxTopReadyPriority                       0x2000007c   Data           4  tasks.o(.data)
    xSchedulerRunning                        0x20000080   Data           4  tasks.o(.data)
    uxPendedTicks                            0x20000084   Data           4  tasks.o(.data)
    xYieldPending                            0x20000088   Data           4  tasks.o(.data)
    xNumOfOverflows                          0x2000008c   Data           4  tasks.o(.data)
    uxTaskNumber                             0x20000090   Data           4  tasks.o(.data)
    xNextTaskUnblockTime                     0x20000094   Data           4  tasks.o(.data)
    xIdleTaskHandle                          0x20000098   Data           4  tasks.o(.data)
    uxSchedulerSuspended                     0x2000009c   Data           4  tasks.o(.data)
    ulTaskSwitchedInTime                     0x200000a0   Data           4  tasks.o(.data)
    ulTotalRunTime                           0x200000a4   Data           4  tasks.o(.data)
    pxDelayedTaskList                        0x200000a8   Data           4  tasks.o(.data)
    pxOverflowDelayedTaskList                0x200000ac   Data           4  tasks.o(.data)
    .data                                    0x200000b0   Section       20  timers.o(.data)
    xTimerQueue                              0x200000b0   Data           4  timers.o(.data)
    xTimerTaskHandle                         0x200000b4   Data           4  timers.o(.data)
    xLastTime                                0x200000b8   Data           4  timers.o(.data)
    pxCurrentTimerList                       0x200000bc   Data           4  timers.o(.data)
    pxOverflowTimerList                      0x200000c0   Data           4  timers.o(.data)
    .data                                    0x200000c4   Section       24  heap_4.o(.data)
    pxEnd                                    0x200000c4   Data           4  heap_4.o(.data)
    xFreeBytesRemaining                      0x200000c8   Data           4  heap_4.o(.data)
    xMinimumEverFreeBytesRemaining           0x200000cc   Data           4  heap_4.o(.data)
    xBlockAllocatedBit                       0x200000d0   Data           4  heap_4.o(.data)
    xStart                                   0x200000d4   Data           8  heap_4.o(.data)
    .data                                    0x200000dc   Section       24  port.o(.data)
    ucMaxSysCallPriority                     0x200000dc   Data           1  port.o(.data)
    uxCriticalNesting                        0x200000e0   Data           4  port.o(.data)
    ulTimerCountsForOneTick                  0x200000e4   Data           4  port.o(.data)
    xMaximumPossibleSuppressedTicks          0x200000e8   Data           4  port.o(.data)
    ulStoppedTimerCompensation               0x200000ec   Data           4  port.o(.data)
    ulMaxPRIGROUPValue                       0x200000f0   Data           4  port.o(.data)
    .bss                                     0x200000f4   Section       82  main.o(.bss)
    .bss                                     0x20000146   Section      400  usart.o(.bss)
    .bss                                     0x200002e0   Section    20480  malloc.o(.bss)
    .bss                                     0x200052e0   Section     1280  malloc.o(.bss)
    .bss                                     0x200057e0   Section       64  queue.o(.bss)
    .bss                                     0x20005820   Section      740  tasks.o(.bss)
    pxReadyTasksLists                        0x20005820   Data         640  tasks.o(.bss)
    xDelayedTaskList1                        0x20005aa0   Data          20  tasks.o(.bss)
    xDelayedTaskList2                        0x20005ab4   Data          20  tasks.o(.bss)
    xPendingReadyList                        0x20005ac8   Data          20  tasks.o(.bss)
    xTasksWaitingTermination                 0x20005adc   Data          20  tasks.o(.bss)
    xSuspendedTaskList                       0x20005af0   Data          20  tasks.o(.bss)
    .bss                                     0x20005b04   Section       40  timers.o(.bss)
    xActiveTimerList1                        0x20005b04   Data          20  timers.o(.bss)
    xActiveTimerList2                        0x20005b18   Data          20  timers.o(.bss)
    .bss                                     0x20005b2c   Section    20480  heap_4.o(.bss)
    ucHeap                                   0x20005b2c   Data       20480  heap_4.o(.bss)
    .bss                                     0x2000ab2c   Section       96  libspace.o(.bss)
    HEAP                                     0x2000ab90   Section      512  startup_stm32f10x_hd.o(HEAP)
    Heap_Mem                                 0x2000ab90   Data         512  startup_stm32f10x_hd.o(HEAP)
    STACK                                    0x2000ad90   Section     1024  startup_stm32f10x_hd.o(STACK)
    Stack_Mem                                0x2000ad90   Data        1024  startup_stm32f10x_hd.o(STACK)
    __initial_sp                             0x2000b190   Data           0  startup_stm32f10x_hd.o(STACK)
    .ARM.__AT_0x68000000                     0x68000000   Section    983040  malloc.o(.ARM.__AT_0x68000000)
    .ARM.__AT_0x680F0000                     0x680f0000   Section    61440  malloc.o(.ARM.__AT_0x680F0000)

    Global Symbols

    Symbol Name                              Value     Ov Type        Size  Object(Section)

    BuildAttributes$$THM_ISAv4$P$D$K$B$S$PE$A:L22UL41UL21$X:L11$S22US41US21$IEEE1$IW$USESV6$~STKCKD$USESV7$~SHL$OSPACE$ROPI$EBA8$UX$STANDARDLIB$REQ8$PRES8$EABIv2 0x00000000   Number         0  anon$$obj.o ABSOLUTE
    __ARM_use_no_argv                        0x00000000   Number         0  main.o ABSOLUTE
    __ARM_exceptions_init                     - Undefined Weak Reference
    __alloca_initialize                       - Undefined Weak Reference
    __arm_preinit_                            - Undefined Weak Reference
    __cpp_initialize__aeabi_                  - Undefined Weak Reference
    __cxa_finalize                            - Undefined Weak Reference
    __rt_locale                               - Undefined Weak Reference
    __sigvec_lookup                           - Undefined Weak Reference
    _atexit_init                              - Undefined Weak Reference
    _call_atexit_fns                          - Undefined Weak Reference
    _clock_init                               - Undefined Weak Reference
    _fp_trap_init                             - Undefined Weak Reference
    _fp_trap_shutdown                         - Undefined Weak Reference
    _get_lc_collate                           - Undefined Weak Reference
    _get_lc_ctype                             - Undefined Weak Reference
    _get_lc_monetary                          - Undefined Weak Reference
    _get_lc_numeric                           - Undefined Weak Reference
    _get_lc_time                              - Undefined Weak Reference
    _getenv_init                              - Undefined Weak Reference
    _handle_redirection                       - Undefined Weak Reference
    _init_alloc                               - Undefined Weak Reference
    _init_user_alloc                          - Undefined Weak Reference
    _initio                                   - Undefined Weak Reference
    _mutex_acquire                            - Undefined Weak Reference
    _mutex_release                            - Undefined Weak Reference
    _printf_mbtowc                            - Undefined Weak Reference
    _printf_post_padding                      - Undefined Weak Reference
    _printf_pre_padding                       - Undefined Weak Reference
    _printf_truncate_signed                   - Undefined Weak Reference
    _printf_truncate_unsigned                 - Undefined Weak Reference
    _rand_init                                - Undefined Weak Reference
    _signal_finish                            - Undefined Weak Reference
    _signal_init                              - Undefined Weak Reference
    _terminate_alloc                          - Undefined Weak Reference
    _terminate_user_alloc                     - Undefined Weak Reference
    _terminateio                              - Undefined Weak Reference
    __Vectors_Size                           0x00000130   Number         0  startup_stm32f10x_hd.o ABSOLUTE
    __Vectors                                0x08000000   Data           4  startup_stm32f10x_hd.o(RESET)
    __Vectors_End                            0x08000130   Data           0  startup_stm32f10x_hd.o(RESET)
    __main                                   0x08000131   Thumb Code     8  __main.o(!!!main)
    __scatterload                            0x08000139   Thumb Code     0  __scatter.o(!!!scatter)
    __scatterload_rt2                        0x08000139   Thumb Code    44  __scatter.o(!!!scatter)
    __scatterload_rt2_thumb_only             0x08000139   Thumb Code     0  __scatter.o(!!!scatter)
    __scatterload_null                       0x08000147   Thumb Code     0  __scatter.o(!!!scatter)
    __scatterload_copy                       0x0800016d   Thumb Code    26  __scatter_copy.o(!!handler_copy)
    __scatterload_zeroinit                   0x08000189   Thumb Code    28  __scatter_zi.o(!!handler_zi)
    _printf_d                                0x080001a5   Thumb Code     0  _printf_d.o(.ARM.Collect$$_printf_percent$$00000009)
    _printf_percent                          0x080001a5   Thumb Code     0  _printf_percent.o(.ARM.Collect$$_printf_percent$$00000000)
    _printf_s                                0x080001ab   Thumb Code     0  _printf_s.o(.ARM.Collect$$_printf_percent$$00000014)
    _printf_percent_end                      0x080001b1   Thumb Code     0  _printf_percent_end.o(.ARM.Collect$$_printf_percent$$00000017)
    __rt_lib_init                            0x080001b5   Thumb Code     0  libinit.o(.ARM.Collect$$libinit$$00000000)
    __rt_lib_init_alloca_1                   0x080001b7   Thumb Code     0  libinit2.o(.ARM.Collect$$libinit$$0000002E)
    __rt_lib_init_argv_1                     0x080001b7   Thumb Code     0  libinit2.o(.ARM.Collect$$libinit$$0000002C)
    __rt_lib_init_atexit_1                   0x080001b7   Thumb Code     0  libinit2.o(.ARM.Collect$$libinit$$0000001B)
    __rt_lib_init_clock_1                    0x080001b7   Thumb Code     0  libinit2.o(.ARM.Collect$$libinit$$00000021)
    __rt_lib_init_cpp_1                      0x080001b7   Thumb Code     0  libinit2.o(.ARM.Collect$$libinit$$00000032)
    __rt_lib_init_exceptions_1               0x080001b7   Thumb Code     0  libinit2.o(.ARM.Collect$$libinit$$00000030)
    __rt_lib_init_fp_1                       0x080001b7   Thumb Code     0  libinit2.o(.ARM.Collect$$libinit$$00000002)
    __rt_lib_init_fp_trap_1                  0x080001b7   Thumb Code     0  libinit2.o(.ARM.Collect$$libinit$$0000001F)
    __rt_lib_init_getenv_1                   0x080001b7   Thumb Code     0  libinit2.o(.ARM.Collect$$libinit$$00000023)
    __rt_lib_init_heap_1                     0x080001b7   Thumb Code     0  libinit2.o(.ARM.Collect$$libinit$$0000000A)
    __rt_lib_init_lc_collate_1               0x080001b7   Thumb Code     0  libinit2.o(.ARM.Collect$$libinit$$00000011)
    __rt_lib_init_lc_ctype_1                 0x080001b7   Thumb Code     0  libinit2.o(.ARM.Collect$$libinit$$00000013)
    __rt_lib_init_lc_monetary_1              0x080001b7   Thumb Code     0  libinit2.o(.ARM.Collect$$libinit$$00000015)
    __rt_lib_init_lc_numeric_1               0x080001b7   Thumb Code     0  libinit2.o(.ARM.Collect$$libinit$$00000017)
    __rt_lib_init_lc_time_1                  0x080001b7   Thumb Code     0  libinit2.o(.ARM.Collect$$libinit$$00000019)
    __rt_lib_init_preinit_1                  0x080001b7   Thumb Code     0  libinit2.o(.ARM.Collect$$libinit$$00000004)
    __rt_lib_init_rand_1                     0x080001b7   Thumb Code     0  libinit2.o(.ARM.Collect$$libinit$$0000000E)
    __rt_lib_init_return                     0x080001b7   Thumb Code     0  libinit2.o(.ARM.Collect$$libinit$$00000033)
    __rt_lib_init_signal_1                   0x080001b7   Thumb Code     0  libinit2.o(.ARM.Collect$$libinit$$0000001D)
    __rt_lib_init_stdio_1                    0x080001b7   Thumb Code     0  libinit2.o(.ARM.Collect$$libinit$$00000025)
    __rt_lib_init_user_alloc_1               0x080001b7   Thumb Code     0  libinit2.o(.ARM.Collect$$libinit$$0000000C)
    __rt_lib_shutdown                        0x080001b9   Thumb Code     0  libshutdown.o(.ARM.Collect$$libshutdown$$00000000)
    __rt_lib_shutdown_fp_trap_1              0x080001bb   Thumb Code     0  libshutdown2.o(.ARM.Collect$$libshutdown$$00000006)
    __rt_lib_shutdown_heap_1                 0x080001bb   Thumb Code     0  libshutdown2.o(.ARM.Collect$$libshutdown$$0000000E)
    __rt_lib_shutdown_return                 0x080001bb   Thumb Code     0  libshutdown2.o(.ARM.Collect$$libshutdown$$0000000F)
    __rt_lib_shutdown_signal_1               0x080001bb   Thumb Code     0  libshutdown2.o(.ARM.Collect$$libshutdown$$00000009)
    __rt_lib_shutdown_stdio_1                0x080001bb   Thumb Code     0  libshutdown2.o(.ARM.Collect$$libshutdown$$00000003)
    __rt_lib_shutdown_user_alloc_1           0x080001bb   Thumb Code     0  libshutdown2.o(.ARM.Collect$$libshutdown$$0000000B)
    __rt_entry                               0x080001bd   Thumb Code     0  __rtentry.o(.ARM.Collect$$rtentry$$00000000)
    __rt_entry_presh_1                       0x080001bd   Thumb Code     0  __rtentry2.o(.ARM.Collect$$rtentry$$00000002)
    __rt_entry_sh                            0x080001bd   Thumb Code     0  __rtentry4.o(.ARM.Collect$$rtentry$$00000004)
    __rt_entry_li                            0x080001c3   Thumb Code     0  __rtentry2.o(.ARM.Collect$$rtentry$$0000000A)
    __rt_entry_postsh_1                      0x080001c3   Thumb Code     0  __rtentry2.o(.ARM.Collect$$rtentry$$00000009)
    __rt_entry_main                          0x080001c7   Thumb Code     0  __rtentry2.o(.ARM.Collect$$rtentry$$0000000D)
    __rt_entry_postli_1                      0x080001c7   Thumb Code     0  __rtentry2.o(.ARM.Collect$$rtentry$$0000000C)
    __rt_exit                                0x080001cf   Thumb Code     0  rtexit.o(.ARM.Collect$$rtexit$$00000000)
    __rt_exit_ls                             0x080001d1   Thumb Code     0  rtexit2.o(.ARM.Collect$$rtexit$$00000003)
    __rt_exit_prels_1                        0x080001d1   Thumb Code     0  rtexit2.o(.ARM.Collect$$rtexit$$00000002)
    __rt_exit_exit                           0x080001d5   Thumb Code     0  rtexit2.o(.ARM.Collect$$rtexit$$00000004)
    SVC_Handler                              0x080001dd   Thumb Code    32  port.o(.emb_text)
    __asm___6_port_c_39a90d8d__prvStartFirstTask 0x08000201   Thumb Code    28  port.o(.emb_text)
    PendSV_Handler                           0x08000221   Thumb Code    72  port.o(.emb_text)
    vPortGetIPSR                             0x0800026d   Thumb Code     6  port.o(.emb_text)
    Reset_Handler                            0x08000275   Thumb Code     8  startup_stm32f10x_hd.o(.text)
    ADC1_2_IRQHandler                        0x0800028f   Thumb Code     0  startup_stm32f10x_hd.o(.text)
    ADC3_IRQHandler                          0x0800028f   Thumb Code     0  startup_stm32f10x_hd.o(.text)
    CAN1_RX1_IRQHandler                      0x0800028f   Thumb Code     0  startup_stm32f10x_hd.o(.text)
    CAN1_SCE_IRQHandler                      0x0800028f   Thumb Code     0  startup_stm32f10x_hd.o(.text)
    DMA1_Channel1_IRQHandler                 0x0800028f   Thumb Code     0  startup_stm32f10x_hd.o(.text)
    DMA1_Channel2_IRQHandler                 0x0800028f   Thumb Code     0  startup_stm32f10x_hd.o(.text)
    DMA1_Channel3_IRQHandler                 0x0800028f   Thumb Code     0  startup_stm32f10x_hd.o(.text)
    DMA1_Channel4_IRQHandler                 0x0800028f   Thumb Code     0  startup_stm32f10x_hd.o(.text)
    DMA1_Channel5_IRQHandler                 0x0800028f   Thumb Code     0  startup_stm32f10x_hd.o(.text)
    DMA1_Channel6_IRQHandler                 0x0800028f   Thumb Code     0  startup_stm32f10x_hd.o(.text)
    DMA1_Channel7_IRQHandler                 0x0800028f   Thumb Code     0  startup_stm32f10x_hd.o(.text)
    DMA2_Channel1_IRQHandler                 0x0800028f   Thumb Code     0  startup_stm32f10x_hd.o(.text)
    DMA2_Channel2_IRQHandler                 0x0800028f   Thumb Code     0  startup_stm32f10x_hd.o(.text)
    DMA2_Channel3_IRQHandler                 0x0800028f   Thumb Code     0  startup_stm32f10x_hd.o(.text)
    DMA2_Channel4_5_IRQHandler               0x0800028f   Thumb Code     0  startup_stm32f10x_hd.o(.text)
    EXTI0_IRQHandler                         0x0800028f   Thumb Code     0  startup_stm32f10x_hd.o(.text)
    EXTI15_10_IRQHandler                     0x0800028f   Thumb Code     0  startup_stm32f10x_hd.o(.text)
    EXTI1_IRQHandler                         0x0800028f   Thumb Code     0  startup_stm32f10x_hd.o(.text)
    EXTI2_IRQHandler                         0x0800028f   Thumb Code     0  startup_stm32f10x_hd.o(.text)
    EXTI3_IRQHandler                         0x0800028f   Thumb Code     0  startup_stm32f10x_hd.o(.text)
    EXTI4_IRQHandler                         0x0800028f   Thumb Code     0  startup_stm32f10x_hd.o(.text)
    EXTI9_5_IRQHandler                       0x0800028f   Thumb Code     0  startup_stm32f10x_hd.o(.text)
    FLASH_IRQHandler                         0x0800028f   Thumb Code     0  startup_stm32f10x_hd.o(.text)
    FSMC_IRQHandler                          0x0800028f   Thumb Code     0  startup_stm32f10x_hd.o(.text)
    I2C1_ER_IRQHandler                       0x0800028f   Thumb Code     0  startup_stm32f10x_hd.o(.text)
    I2C1_EV_IRQHandler                       0x0800028f   Thumb Code     0  startup_stm32f10x_hd.o(.text)
    I2C2_ER_IRQHandler                       0x0800028f   Thumb Code     0  startup_stm32f10x_hd.o(.text)
    I2C2_EV_IRQHandler                       0x0800028f   Thumb Code     0  startup_stm32f10x_hd.o(.text)
    PVD_IRQHandler                           0x0800028f   Thumb Code     0  startup_stm32f10x_hd.o(.text)
    RCC_IRQHandler                           0x0800028f   Thumb Code     0  startup_stm32f10x_hd.o(.text)
    RTCAlarm_IRQHandler                      0x0800028f   Thumb Code     0  startup_stm32f10x_hd.o(.text)
    RTC_IRQHandler                           0x0800028f   Thumb Code     0  startup_stm32f10x_hd.o(.text)
    SDIO_IRQHandler                          0x0800028f   Thumb Code     0  startup_stm32f10x_hd.o(.text)
    SPI1_IRQHandler                          0x0800028f   Thumb Code     0  startup_stm32f10x_hd.o(.text)
    SPI2_IRQHandler                          0x0800028f   Thumb Code     0  startup_stm32f10x_hd.o(.text)
    SPI3_IRQHandler                          0x0800028f   Thumb Code     0  startup_stm32f10x_hd.o(.text)
    TAMPER_IRQHandler                        0x0800028f   Thumb Code     0  startup_stm32f10x_hd.o(.text)
    TIM1_BRK_IRQHandler                      0x0800028f   Thumb Code     0  startup_stm32f10x_hd.o(.text)
    TIM1_CC_IRQHandler                       0x0800028f   Thumb Code     0  startup_stm32f10x_hd.o(.text)
    TIM1_TRG_COM_IRQHandler                  0x0800028f   Thumb Code     0  startup_stm32f10x_hd.o(.text)
    TIM1_UP_IRQHandler                       0x0800028f   Thumb Code     0  startup_stm32f10x_hd.o(.text)
    TIM2_IRQHandler                          0x0800028f   Thumb Code     0  startup_stm32f10x_hd.o(.text)
    TIM4_IRQHandler                          0x0800028f   Thumb Code     0  startup_stm32f10x_hd.o(.text)
    TIM5_IRQHandler                          0x0800028f   Thumb Code     0  startup_stm32f10x_hd.o(.text)
    TIM6_IRQHandler                          0x0800028f   Thumb Code     0  startup_stm32f10x_hd.o(.text)
    TIM7_IRQHandler                          0x0800028f   Thumb Code     0  startup_stm32f10x_hd.o(.text)
    TIM8_BRK_IRQHandler                      0x0800028f   Thumb Code     0  startup_stm32f10x_hd.o(.text)
    TIM8_CC_IRQHandler                       0x0800028f   Thumb Code     0  startup_stm32f10x_hd.o(.text)
    TIM8_TRG_COM_IRQHandler                  0x0800028f   Thumb Code     0  startup_stm32f10x_hd.o(.text)
    TIM8_UP_IRQHandler                       0x0800028f   Thumb Code     0  startup_stm32f10x_hd.o(.text)
    UART4_IRQHandler                         0x0800028f   Thumb Code     0  startup_stm32f10x_hd.o(.text)
    UART5_IRQHandler                         0x0800028f   Thumb Code     0  startup_stm32f10x_hd.o(.text)
    USART3_IRQHandler                        0x0800028f   Thumb Code     0  startup_stm32f10x_hd.o(.text)
    USBWakeUp_IRQHandler                     0x0800028f   Thumb Code     0  startup_stm32f10x_hd.o(.text)
    USB_HP_CAN1_TX_IRQHandler                0x0800028f   Thumb Code     0  startup_stm32f10x_hd.o(.text)
    USB_LP_CAN1_RX0_IRQHandler               0x0800028f   Thumb Code     0  startup_stm32f10x_hd.o(.text)
    WWDG_IRQHandler                          0x0800028f   Thumb Code     0  startup_stm32f10x_hd.o(.text)
    __user_initial_stackheap                 0x08000291   Thumb Code     0  startup_stm32f10x_hd.o(.text)
    __use_no_semihosting                     0x080002b5   Thumb Code     2  use_no_semi_2.o(.text)
    __2printf                                0x080002b9   Thumb Code    20  noretval__2printf.o(.text)
    __printf                                 0x080002d1   Thumb Code   104  __printf.o(.text)
    _printf_str                              0x08000339   Thumb Code    82  _printf_str.o(.text)
    _printf_int_dec                          0x0800038d   Thumb Code   104  _printf_dec.o(.text)
    __aeabi_memcpy                           0x08000405   Thumb Code     0  rt_memcpy_v6.o(.text)
    __rt_memcpy                              0x08000405   Thumb Code   138  rt_memcpy_v6.o(.text)
    _memcpy_lastbytes                        0x0800046b   Thumb Code     0  rt_memcpy_v6.o(.text)
    __aeabi_memset                           0x0800048f   Thumb Code    16  aeabi_memset.o(.text)
    __aeabi_memclr                           0x0800049f   Thumb Code     0  rt_memclr.o(.text)
    __rt_memclr                              0x0800049f   Thumb Code    68  rt_memclr.o(.text)
    _memset                                  0x080004a3   Thumb Code     0  rt_memclr.o(.text)
    __use_two_region_memory                  0x080004e3   Thumb Code     2  heapauxi.o(.text)
    __rt_heap_escrow$2region                 0x080004e5   Thumb Code     2  heapauxi.o(.text)
    __rt_heap_expand$2region                 0x080004e7   Thumb Code     2  heapauxi.o(.text)
    __I$use$semihosting                      0x080004e9   Thumb Code     0  use_no_semi.o(.text)
    __use_no_semihosting_swi                 0x080004e9   Thumb Code     2  use_no_semi.o(.text)
    _printf_int_common                       0x080004eb   Thumb Code   178  _printf_intcommon.o(.text)
    _printf_char_common                      0x080005a7   Thumb Code    32  _printf_char_common.o(.text)
    _printf_cs_common                        0x080005cd   Thumb Code    20  _printf_char.o(.text)
    _printf_char                             0x080005e1   Thumb Code    16  _printf_char.o(.text)
    _printf_string                           0x080005f1   Thumb Code     8  _printf_char.o(.text)
    _printf_char_file                        0x080005f9   Thumb Code    32  _printf_char_file.o(.text)
    __aeabi_memcpy4                          0x0800061d   Thumb Code     0  rt_memcpy_w.o(.text)
    __aeabi_memcpy8                          0x0800061d   Thumb Code     0  rt_memcpy_w.o(.text)
    __rt_memcpy_w                            0x0800061d   Thumb Code   100  rt_memcpy_w.o(.text)
    _memcpy_lastbytes_aligned                0x08000665   Thumb Code     0  rt_memcpy_w.o(.text)
    __aeabi_memclr4                          0x08000681   Thumb Code     0  rt_memclr_w.o(.text)
    __aeabi_memclr8                          0x08000681   Thumb Code     0  rt_memclr_w.o(.text)
    __rt_memclr_w                            0x08000681   Thumb Code    78  rt_memclr_w.o(.text)
    _memset_w                                0x08000685   Thumb Code     0  rt_memclr_w.o(.text)
    ferror                                   0x080006cf   Thumb Code     8  ferror.o(.text)
    __user_setup_stackheap                   0x080006d7   Thumb Code    74  sys_stackheap_outer.o(.text)
    exit                                     0x08000721   Thumb Code    12  exit.o(.text)
    __user_libspace                          0x0800072d   Thumb Code     8  libspace.o(.text)
    __user_perproc_libspace                  0x0800072d   Thumb Code     0  libspace.o(.text)
    __user_perthread_libspace                0x0800072d   Thumb Code     0  libspace.o(.text)
    BEEP_Init                                0x08000735   Thumb Code    50  beep.o(i.BEEP_Init)
    BusFault_Handler                         0x0800076d   Thumb Code     2  stm32f10x_it.o(i.BusFault_Handler)
    CommandProcess                           0x08000771   Thumb Code   180  main.o(i.CommandProcess)
    ConfigureTimeForRunTimeStats             0x08000831   Thumb Code    16  timer.o(i.ConfigureTimeForRunTimeStats)
    DebugMon_Handler                         0x08000845   Thumb Code     2  stm32f10x_it.o(i.DebugMon_Handler)
    GPIO_Init                                0x08000847   Thumb Code   156  stm32f10x_gpio.o(i.GPIO_Init)
    GPIO_ResetBits                           0x080008e3   Thumb Code     4  stm32f10x_gpio.o(i.GPIO_ResetBits)
    GPIO_SetBits                             0x080008e7   Thumb Code     4  stm32f10x_gpio.o(i.GPIO_SetBits)
    HardFault_Handler                        0x080008eb   Thumb Code     2  stm32f10x_it.o(i.HardFault_Handler)
    KEY_Init                                 0x080008ed   Thumb Code    52  key.o(i.KEY_Init)
    LED_Init                                 0x08000929   Thumb Code   120  led.o(i.LED_Init)
    MemManage_Handler                        0x080009b1   Thumb Code     2  stm32f10x_it.o(i.MemManage_Handler)
    NMI_Handler                              0x080009b3   Thumb Code     2  stm32f10x_it.o(i.NMI_Handler)
    NVIC_Init                                0x080009b5   Thumb Code    94  misc.o(i.NVIC_Init)
    NVIC_PriorityGroupConfig                 0x08000a19   Thumb Code    10  misc.o(i.NVIC_PriorityGroupConfig)
    PostSleepProcessing                      0x08000a2d   Thumb Code     2  main.o(i.PostSleepProcessing)
    PreSleepProcessing                       0x08000a2f   Thumb Code     2  main.o(i.PreSleepProcessing)
    RCC_APB1PeriphClockCmd                   0x08000a31   Thumb Code    18  stm32f10x_rcc.o(i.RCC_APB1PeriphClockCmd)
    RCC_APB2PeriphClockCmd                   0x08000a49   Thumb Code    18  stm32f10x_rcc.o(i.RCC_APB2PeriphClockCmd)
    RCC_GetClocksFreq                        0x08000a61   Thumb Code   132  stm32f10x_rcc.o(i.RCC_GetClocksFreq)
    SysTick_CLKSourceConfig                  0x08000b9d   Thumb Code    24  misc.o(i.SysTick_CLKSourceConfig)
    SysTick_Handler                          0x08000bb5   Thumb Code    20  delay.o(i.SysTick_Handler)
    SystemInit                               0x08000bc9   Thumb Code    64  system_stm32f10x.o(i.SystemInit)
    TIM3_IRQHandler                          0x08000c19   Thumb Code    44  timer.o(i.TIM3_IRQHandler)
    TIM3_Int_Init                            0x08000c4d   Thumb Code    88  timer.o(i.TIM3_Int_Init)
    TIM_ClearITPendingBit                    0x08000ca9   Thumb Code     6  stm32f10x_tim.o(i.TIM_ClearITPendingBit)
    TIM_Cmd                                  0x08000caf   Thumb Code    20  stm32f10x_tim.o(i.TIM_Cmd)
    TIM_GetITStatus                          0x08000cc3   Thumb Code    24  stm32f10x_tim.o(i.TIM_GetITStatus)
    TIM_ITConfig                             0x08000cdb   Thumb Code    16  stm32f10x_tim.o(i.TIM_ITConfig)
    TIM_TimeBaseInit                         0x08000ced   Thumb Code   114  stm32f10x_tim.o(i.TIM_TimeBaseInit)
    UART1_task                               0x08000d89   Thumb Code    68  main.o(i.UART1_task)
    UART2_task                               0x08000dd9   Thumb Code    60  main.o(i.UART2_task)
    USART1_IRQHandler                        0x08000e25   Thumb Code   126  usart.o(i.USART1_IRQHandler)
    USART2_IRQHandler                        0x08000eb9   Thumb Code   124  usart.o(i.USART2_IRQHandler)
    USART_Cmd                                0x08000f49   Thumb Code    20  stm32f10x_usart.o(i.USART_Cmd)
    USART_GetFlagStatus                      0x08000f5d   Thumb Code    14  stm32f10x_usart.o(i.USART_GetFlagStatus)
    USART_GetITStatus                        0x08000f6b   Thumb Code    62  stm32f10x_usart.o(i.USART_GetITStatus)
    USART_ITConfig                           0x08000fa9   Thumb Code    48  stm32f10x_usart.o(i.USART_ITConfig)
    USART_Init                               0x08000fd9   Thumb Code   166  stm32f10x_usart.o(i.USART_Init)
    USART_ReceiveData                        0x08001085   Thumb Code     8  stm32f10x_usart.o(i.USART_ReceiveData)
    USART_SendData                           0x0800108d   Thumb Code     8  stm32f10x_usart.o(i.USART_SendData)
    UsageFault_Handler                       0x08001095   Thumb Code     2  stm32f10x_it.o(i.UsageFault_Handler)
    _sys_exit                                0x08001097   Thumb Code     2  usart.o(i._sys_exit)
    delay_init                               0x08001099   Thumb Code    60  delay.o(i.delay_init)
    eTaskConfirmSleepModeStatus              0x080010e1   Thumb Code    38  tasks.o(i.eTaskConfirmSleepModeStatus)
    fputc                                    0x08001111   Thumb Code    18  usart.o(i.fputc)
    main                                     0x08001129   Thumb Code    80  main.o(i.main)
    my_mem_free                              0x0800118d   Thumb Code    78  malloc.o(i.my_mem_free)
    my_mem_init                              0x080011e5   Thumb Code    50  malloc.o(i.my_mem_init)
    my_mem_perused                           0x08001221   Thumb Code    48  malloc.o(i.my_mem_perused)
    myfree                                   0x08001259   Thumb Code    20  malloc.o(i.myfree)
    mymemcpy                                 0x08001271   Thumb Code    16  malloc.o(i.mymemcpy)
    mymemset                                 0x08001281   Thumb Code    12  malloc.o(i.mymemset)
    myuart_init                              0x0800128d   Thumb Code    30  usart.o(i.myuart_init)
    myuart_send                              0x080012ad   Thumb Code    86  usart.o(i.myuart_send)
    pvPortMalloc                             0x08001c01   Thumb Code   214  heap_4.o(i.pvPortMalloc)
    pvTaskIncrementMutexHeldCount            0x08001d15   Thumb Code    18  tasks.o(i.pvTaskIncrementMutexHeldCount)
    pxPortInitialiseStack                    0x08001d2d   Thumb Code    32  port.o(i.pxPortInitialiseStack)
    start_task                               0x08001d51   Thumb Code    92  main.o(i.start_task)
    uart_init                                0x08001dd1   Thumb Code   154  usart.o(i.uart_init)
    uart_init2                               0x08001e75   Thumb Code   154  usart.o(i.uart_init2)
    uxListRemove                             0x08001f19   Thumb Code    36  list.o(i.uxListRemove)
    vListInitialise                          0x08001f3d   Thumb Code    22  list.o(i.vListInitialise)
    vListInitialiseItem                      0x08001f53   Thumb Code     6  list.o(i.vListInitialiseItem)
    vListInsert                              0x08001f59   Thumb Code    48  list.o(i.vListInsert)
    vListInsertEnd                           0x08001f89   Thumb Code    24  list.o(i.vListInsertEnd)
    vPortEnterCritical                       0x08001fa1   Thumb Code    50  port.o(i.vPortEnterCritical)
    vPortExitCritical                        0x08002019   Thumb Code    34  port.o(i.vPortExitCritical)
    vPortFree                                0x0800207d   Thumb Code    94  heap_4.o(i.vPortFree)
    vPortSetupTimerInterrupt                 0x08002119   Thumb Code    58  port.o(i.vPortSetupTimerInterrupt)
    vPortSuppressTicksAndSleep               0x0800215d   Thumb Code   226  port.o(i.vPortSuppressTicksAndSleep)
    vPortValidateInterruptPriority           0x08002245   Thumb Code    70  port.o(i.vPortValidateInterruptPriority)
    vQueueAddToRegistry                      0x080022d1   Thumb Code    32  queue.o(i.vQueueAddToRegistry)
    vQueueWaitForMessageRestricted           0x080022f5   Thumb Code    68  queue.o(i.vQueueWaitForMessageRestricted)
    vTaskDelete                              0x08002339   Thumb Code   152  tasks.o(i.vTaskDelete)
    vTaskMissedYield                         0x08002405   Thumb Code     8  tasks.o(i.vTaskMissedYield)
    vTaskPlaceOnEventList                    0x08002411   Thumb Code    44  tasks.o(i.vTaskPlaceOnEventList)
    vTaskPlaceOnEventListRestricted          0x08002465   Thumb Code    52  tasks.o(i.vTaskPlaceOnEventListRestricted)
    vTaskPriorityInherit                     0x080024c1   Thumb Code   124  tasks.o(i.vTaskPriorityInherit)
    vTaskSetTimeOutState                     0x08002545   Thumb Code    30  tasks.o(i.vTaskSetTimeOutState)
    vTaskStartScheduler                      0x0800258d   Thumb Code   100  tasks.o(i.vTaskStartScheduler)
    vTaskStepTick                            0x08002625   Thumb Code    36  tasks.o(i.vTaskStepTick)
    vTaskSuspendAll                          0x08002671   Thumb Code    10  tasks.o(i.vTaskSuspendAll)
    vTaskSwitchContext                       0x08002681   Thumb Code   106  tasks.o(i.vTaskSwitchContext)
    xPortStartScheduler                      0x0800271d   Thumb Code   108  port.o(i.xPortStartScheduler)
    xPortSysTickHandler                      0x08002795   Thumb Code    38  port.o(i.xPortSysTickHandler)
    xQueueGenericCreate                      0x080027c1   Thumb Code    82  queue.o(i.xQueueGenericCreate)
    xQueueGenericReceive                     0x08002839   Thumb Code   348  queue.o(i.xQueueGenericReceive)
    xQueueGenericReset                       0x080029bd   Thumb Code   128  queue.o(i.xQueueGenericReset)
    xQueueGenericSend                        0x08002a65   Thumb Code   350  queue.o(i.xQueueGenericSend)
    xQueueGenericSendFromISR                 0x08002bed   Thumb Code   188  queue.o(i.xQueueGenericSendFromISR)
    xQueueGiveFromISR                        0x08002ccd   Thumb Code   162  queue.o(i.xQueueGiveFromISR)
    xTaskCheckForTimeOut                     0x08002d95   Thumb Code    94  tasks.o(i.xTaskCheckForTimeOut)
    xTaskCreate                              0x08002e1d   Thumb Code    86  tasks.o(i.xTaskCreate)
    xTaskGetSchedulerState                   0x08002e75   Thumb Code    22  tasks.o(i.xTaskGetSchedulerState)
    xTaskGetTickCount                        0x08002e91   Thumb Code     6  tasks.o(i.xTaskGetTickCount)
    xTaskIncrementTick                       0x08002e9d   Thumb Code   188  tasks.o(i.xTaskIncrementTick)
    xTaskPriorityDisinherit                  0x08002f85   Thumb Code   136  tasks.o(i.xTaskPriorityDisinherit)
    xTaskRemoveFromEventList                 0x08003039   Thumb Code   108  tasks.o(i.xTaskRemoveFromEventList)
    xTaskResumeAll                           0x080030d5   Thumb Code   180  tasks.o(i.xTaskResumeAll)
    xTimerCreate                             0x080031b9   Thumb Code    74  timers.o(i.xTimerCreate)
    xTimerCreateTimerTask                    0x0800322d   Thumb Code    58  timers.o(i.xTimerCreateTimerTask)
    xTimerGenericCommand                     0x080032a1   Thumb Code    98  timers.o(i.xTimerGenericCommand)
    memtblsize                               0x08003330   Data           8  malloc.o(.constdata)
    memblksize                               0x08003338   Data           8  malloc.o(.constdata)
    memsize                                  0x08003340   Data           8  malloc.o(.constdata)
    Region$$Table$$Base                      0x08003348   Number         0  anon$$obj.o(Region$$Table)
    Region$$Table$$Limit                     0x08003368   Number         0  anon$$obj.o(Region$$Table)
    StartTask_Handler                        0x20000000   Data           4  main.o(.data)
    UART1_Handler                            0x20000004   Data           4  main.o(.data)
    UART2Task_Handler                        0x20000008   Data           4  main.o(.data)
    BinarySemaphore                          0x2000000c   Data           4  main.o(.data)
    BinarySemaphore_uart2                    0x20000010   Data           4  main.o(.data)
    SystemCoreClock                          0x20000014   Data           4  system_stm32f10x.o(.data)
    AHBPrescTable                            0x20000018   Data          16  system_stm32f10x.o(.data)
    FreeRTOSRunTimeTicks                     0x20000028   Data           8  timer.o(.data)
    USART_RX_STA                             0x20000034   Data           2  usart.o(.data)
    USART2_RX_STA                            0x20000036   Data           2  usart.o(.data)
    __stdout                                 0x20000038   Data           4  usart.o(.data)
    mallco_dev                               0x20000050   Data          28  malloc.o(.data)
    pxCurrentTCB                             0x2000006c   Data           4  tasks.o(.data)
    PM25_data                                0x200000f4   Data          32  main.o(.bss)
    DEVCON_data                              0x20000114   Data          24  main.o(.bss)
    DEVIDSET_data                            0x2000012c   Data          13  main.o(.bss)
    HEAD_data                                0x20000139   Data          13  main.o(.bss)
    USART_RX_BUF                             0x20000146   Data         200  usart.o(.bss)
    USART2_RX_BUF                            0x2000020e   Data         200  usart.o(.bss)
    mem1base                                 0x200002e0   Data       20480  malloc.o(.bss)
    mem1mapbase                              0x200052e0   Data        1280  malloc.o(.bss)
    xQueueRegistry                           0x200057e0   Data          64  queue.o(.bss)
    __libspace_start                         0x2000ab2c   Data          96  libspace.o(.bss)
    __temporary_stack_top$libspace           0x2000ab8c   Data           0  libspace.o(.bss)
    mem2base                                 0x68000000   Data       983040  malloc.o(.ARM.__AT_0x68000000)
    mem2mapbase                              0x680f0000   Data       61440  malloc.o(.ARM.__AT_0x680F0000)



==============================================================================

Memory Map of the image

  Image Entry point : 0x08000275

  Load Region LR_1 (Base: 0x08000000, Size: 0x0000345c, Max: 0xffffffff, ABSOLUTE)

    Execution Region ER_RO (Base: 0x08000000, Size: 0x00003368, Max: 0xffffffff, ABSOLUTE)

    Base Addr    Size         Type   Attr      Idx    E Section Name        Object

    0x08000000   0x00000130   Data   RO          763    RESET               startup_stm32f10x_hd.o
    0x08000130   0x00000008   Code   RO         3171  * !!!main             c_w.l(__main.o)
    0x08000138   0x00000034   Code   RO         3363    !!!scatter          c_w.l(__scatter.o)
    0x0800016c   0x0000001a   Code   RO         3365    !!handler_copy      c_w.l(__scatter_copy.o)
    0x08000186   0x00000002   PAD
    0x08000188   0x0000001c   Code   RO         3367    !!handler_zi        c_w.l(__scatter_zi.o)
    0x080001a4   0x00000000   Code   RO         3158    .ARM.Collect$$_printf_percent$$00000000  c_w.l(_printf_percent.o)
    0x080001a4   0x00000006   Code   RO         3156    .ARM.Collect$$_printf_percent$$00000009  c_w.l(_printf_d.o)
    0x080001aa   0x00000006   Code   RO         3154    .ARM.Collect$$_printf_percent$$00000014  c_w.l(_printf_s.o)
    0x080001b0   0x00000004   Code   RO         3198    .ARM.Collect$$_printf_percent$$00000017  c_w.l(_printf_percent_end.o)
    0x080001b4   0x00000002   Code   RO         3238    .ARM.Collect$$libinit$$00000000  c_w.l(libinit.o)
    0x080001b6   0x00000000   Code   RO         3245    .ARM.Collect$$libinit$$00000002  c_w.l(libinit2.o)
    0x080001b6   0x00000000   Code   RO         3247    .ARM.Collect$$libinit$$00000004  c_w.l(libinit2.o)
    0x080001b6   0x00000000   Code   RO         3250    .ARM.Collect$$libinit$$0000000A  c_w.l(libinit2.o)
    0x080001b6   0x00000000   Code   RO         3252    .ARM.Collect$$libinit$$0000000C  c_w.l(libinit2.o)
    0x080001b6   0x00000000   Code   RO         3254    .ARM.Collect$$libinit$$0000000E  c_w.l(libinit2.o)
    0x080001b6   0x00000000   Code   RO         3257    .ARM.Collect$$libinit$$00000011  c_w.l(libinit2.o)
    0x080001b6   0x00000000   Code   RO         3259    .ARM.Collect$$libinit$$00000013  c_w.l(libinit2.o)
    0x080001b6   0x00000000   Code   RO         3261    .ARM.Collect$$libinit$$00000015  c_w.l(libinit2.o)
    0x080001b6   0x00000000   Code   RO         3263    .ARM.Collect$$libinit$$00000017  c_w.l(libinit2.o)
    0x080001b6   0x00000000   Code   RO         3265    .ARM.Collect$$libinit$$00000019  c_w.l(libinit2.o)
    0x080001b6   0x00000000   Code   RO         3267    .ARM.Collect$$libinit$$0000001B  c_w.l(libinit2.o)
    0x080001b6   0x00000000   Code   RO         3269    .ARM.Collect$$libinit$$0000001D  c_w.l(libinit2.o)
    0x080001b6   0x00000000   Code   RO         3271    .ARM.Collect$$libinit$$0000001F  c_w.l(libinit2.o)
    0x080001b6   0x00000000   Code   RO         3273    .ARM.Collect$$libinit$$00000021  c_w.l(libinit2.o)
    0x080001b6   0x00000000   Code   RO         3275    .ARM.Collect$$libinit$$00000023  c_w.l(libinit2.o)
    0x080001b6   0x00000000   Code   RO         3277    .ARM.Collect$$libinit$$00000025  c_w.l(libinit2.o)
    0x080001b6   0x00000000   Code   RO         3281    .ARM.Collect$$libinit$$0000002C  c_w.l(libinit2.o)
    0x080001b6   0x00000000   Code   RO         3283    .ARM.Collect$$libinit$$0000002E  c_w.l(libinit2.o)
    0x080001b6   0x00000000   Code   RO         3285    .ARM.Collect$$libinit$$00000030  c_w.l(libinit2.o)
    0x080001b6   0x00000000   Code   RO         3287    .ARM.Collect$$libinit$$00000032  c_w.l(libinit2.o)
    0x080001b6   0x00000002   Code   RO         3288    .ARM.Collect$$libinit$$00000033  c_w.l(libinit2.o)
    0x080001b8   0x00000002   Code   RO         3306    .ARM.Collect$$libshutdown$$00000000  c_w.l(libshutdown.o)
    0x080001ba   0x00000000   Code   RO         3317    .ARM.Collect$$libshutdown$$00000003  c_w.l(libshutdown2.o)
    0x080001ba   0x00000000   Code   RO         3320    .ARM.Collect$$libshutdown$$00000006  c_w.l(libshutdown2.o)
    0x080001ba   0x00000000   Code   RO         3323    .ARM.Collect$$libshutdown$$00000009  c_w.l(libshutdown2.o)
    0x080001ba   0x00000000   Code   RO         3325    .ARM.Collect$$libshutdown$$0000000B  c_w.l(libshutdown2.o)
    0x080001ba   0x00000000   Code   RO         3328    .ARM.Collect$$libshutdown$$0000000E  c_w.l(libshutdown2.o)
    0x080001ba   0x00000002   Code   RO         3329    .ARM.Collect$$libshutdown$$0000000F  c_w.l(libshutdown2.o)
    0x080001bc   0x00000000   Code   RO         3187    .ARM.Collect$$rtentry$$00000000  c_w.l(__rtentry.o)
    0x080001bc   0x00000000   Code   RO         3209    .ARM.Collect$$rtentry$$00000002  c_w.l(__rtentry2.o)
    0x080001bc   0x00000006   Code   RO         3221    .ARM.Collect$$rtentry$$00000004  c_w.l(__rtentry4.o)
    0x080001c2   0x00000000   Code   RO         3211    .ARM.Collect$$rtentry$$00000009  c_w.l(__rtentry2.o)
    0x080001c2   0x00000004   Code   RO         3212    .ARM.Collect$$rtentry$$0000000A  c_w.l(__rtentry2.o)
    0x080001c6   0x00000000   Code   RO         3214    .ARM.Collect$$rtentry$$0000000C  c_w.l(__rtentry2.o)
    0x080001c6   0x00000008   Code   RO         3215    .ARM.Collect$$rtentry$$0000000D  c_w.l(__rtentry2.o)
    0x080001ce   0x00000002   Code   RO         3242    .ARM.Collect$$rtexit$$00000000  c_w.l(rtexit.o)
    0x080001d0   0x00000000   Code   RO         3290    .ARM.Collect$$rtexit$$00000002  c_w.l(rtexit2.o)
    0x080001d0   0x00000004   Code   RO         3291    .ARM.Collect$$rtexit$$00000003  c_w.l(rtexit2.o)
    0x080001d4   0x00000006   Code   RO         3292    .ARM.Collect$$rtexit$$00000004  c_w.l(rtexit2.o)
    0x080001da   0x00000002   PAD
    0x080001dc   0x00000096   Code   RO         3011    .emb_text           port.o
    0x08000272   0x00000002   PAD
    0x08000274   0x00000040   Code   RO          764  * .text               startup_stm32f10x_hd.o
    0x080002b4   0x00000002   Code   RO         3096    .text               c_w.l(use_no_semi_2.o)
    0x080002b6   0x00000002   PAD
    0x080002b8   0x00000018   Code   RO         3102    .text               c_w.l(noretval__2printf.o)
    0x080002d0   0x00000068   Code   RO         3106    .text               c_w.l(__printf.o)
    0x08000338   0x00000052   Code   RO         3108    .text               c_w.l(_printf_str.o)
    0x0800038a   0x00000002   PAD
    0x0800038c   0x00000078   Code   RO         3110    .text               c_w.l(_printf_dec.o)
    0x08000404   0x0000008a   Code   RO         3163    .text               c_w.l(rt_memcpy_v6.o)
    0x0800048e   0x00000010   Code   RO         3165    .text               c_w.l(aeabi_memset.o)
    0x0800049e   0x00000044   Code   RO         3167    .text               c_w.l(rt_memclr.o)
    0x080004e2   0x00000006   Code   RO         3169    .text               c_w.l(heapauxi.o)
    0x080004e8   0x00000002   Code   RO         3185    .text               c_w.l(use_no_semi.o)
    0x080004ea   0x000000b2   Code   RO         3188    .text               c_w.l(_printf_intcommon.o)
    0x0800059c   0x00000030   Code   RO         3190    .text               c_w.l(_printf_char_common.o)
    0x080005cc   0x0000002c   Code   RO         3194    .text               c_w.l(_printf_char.o)
    0x080005f8   0x00000024   Code   RO         3196    .text               c_w.l(_printf_char_file.o)
    0x0800061c   0x00000064   Code   RO         3199    .text               c_w.l(rt_memcpy_w.o)
    0x08000680   0x0000004e   Code   RO         3201    .text               c_w.l(rt_memclr_w.o)
    0x080006ce   0x00000008   Code   RO         3225    .text               c_w.l(ferror.o)
    0x080006d6   0x0000004a   Code   RO         3229    .text               c_w.l(sys_stackheap_outer.o)
    0x08000720   0x0000000c   Code   RO         3231    .text               c_w.l(exit.o)
    0x0800072c   0x00000008   Code   RO         3239    .text               c_w.l(libspace.o)
    0x08000734   0x00000038   Code   RO          592    i.BEEP_Init         beep.o
    0x0800076c   0x00000002   Code   RO          227    i.BusFault_Handler  stm32f10x_it.o
    0x0800076e   0x00000002   PAD
    0x08000770   0x000000c0   Code   RO            1    i.CommandProcess    main.o
    0x08000830   0x00000014   Code   RO          339    i.ConfigureTimeForRunTimeStats  timer.o
    0x08000844   0x00000002   Code   RO          228    i.DebugMon_Handler  stm32f10x_it.o
    0x08000846   0x0000009c   Code   RO          810    i.GPIO_Init         stm32f10x_gpio.o
    0x080008e2   0x00000004   Code   RO          817    i.GPIO_ResetBits    stm32f10x_gpio.o
    0x080008e6   0x00000004   Code   RO          818    i.GPIO_SetBits      stm32f10x_gpio.o
    0x080008ea   0x00000002   Code   RO          229    i.HardFault_Handler  stm32f10x_it.o
    0x080008ec   0x0000003c   Code   RO          573    i.KEY_Init          key.o
    0x08000928   0x00000088   Code   RO          327    i.LED_Init          led.o
    0x080009b0   0x00000002   Code   RO          230    i.MemManage_Handler  stm32f10x_it.o
    0x080009b2   0x00000002   Code   RO          231    i.NMI_Handler       stm32f10x_it.o
    0x080009b4   0x00000064   Code   RO          768    i.NVIC_Init         misc.o
    0x08000a18   0x00000014   Code   RO          769    i.NVIC_PriorityGroupConfig  misc.o
    0x08000a2c   0x00000002   Code   RO            3    i.PostSleepProcessing  main.o
    0x08000a2e   0x00000002   Code   RO            4    i.PreSleepProcessing  main.o
    0x08000a30   0x00000018   Code   RO          944    i.RCC_APB1PeriphClockCmd  stm32f10x_rcc.o
    0x08000a48   0x00000018   Code   RO          946    i.RCC_APB2PeriphClockCmd  stm32f10x_rcc.o
    0x08000a60   0x00000094   Code   RO          954    i.RCC_GetClocksFreq  stm32f10x_rcc.o
    0x08000af4   0x000000a8   Code   RO          298    i.SetSysClockTo72   system_stm32f10x.o
    0x08000b9c   0x00000018   Code   RO          772    i.SysTick_CLKSourceConfig  misc.o
    0x08000bb4   0x00000014   Code   RO          604    i.SysTick_Handler   delay.o
    0x08000bc8   0x00000050   Code   RO          300    i.SystemInit        system_stm32f10x.o
    0x08000c18   0x00000034   Code   RO          340    i.TIM3_IRQHandler   timer.o
    0x08000c4c   0x0000005c   Code   RO          341    i.TIM3_Int_Init     timer.o
    0x08000ca8   0x00000006   Code   RO         1331    i.TIM_ClearITPendingBit  stm32f10x_tim.o
    0x08000cae   0x00000014   Code   RO         1336    i.TIM_Cmd           stm32f10x_tim.o
    0x08000cc2   0x00000018   Code   RO         1357    i.TIM_GetITStatus   stm32f10x_tim.o
    0x08000cda   0x00000010   Code   RO         1361    i.TIM_ITConfig      stm32f10x_tim.o
    0x08000cea   0x00000002   PAD
    0x08000cec   0x0000009c   Code   RO         1407    i.TIM_TimeBaseInit  stm32f10x_tim.o
    0x08000d88   0x00000050   Code   RO            5    i.UART1_task        main.o
    0x08000dd8   0x0000004c   Code   RO            6    i.UART2_task        main.o
    0x08000e24   0x00000094   Code   RO          681    i.USART1_IRQHandler  usart.o
    0x08000eb8   0x00000090   Code   RO          682    i.USART2_IRQHandler  usart.o
    0x08000f48   0x00000014   Code   RO         1146    i.USART_Cmd         stm32f10x_usart.o
    0x08000f5c   0x0000000e   Code   RO         1149    i.USART_GetFlagStatus  stm32f10x_usart.o
    0x08000f6a   0x0000003e   Code   RO         1150    i.USART_GetITStatus  stm32f10x_usart.o
    0x08000fa8   0x00000030   Code   RO         1152    i.USART_ITConfig    stm32f10x_usart.o
    0x08000fd8   0x000000ac   Code   RO         1153    i.USART_Init        stm32f10x_usart.o
    0x08001084   0x00000008   Code   RO         1160    i.USART_ReceiveData  stm32f10x_usart.o
    0x0800108c   0x00000008   Code   RO         1163    i.USART_SendData    stm32f10x_usart.o
    0x08001094   0x00000002   Code   RO          232    i.UsageFault_Handler  stm32f10x_it.o
    0x08001096   0x00000002   Code   RO          683    i._sys_exit         usart.o
    0x08001098   0x00000048   Code   RO          605    i.delay_init        delay.o
    0x080010e0   0x00000030   Code   RO         2467    i.eTaskConfirmSleepModeStatus  tasks.o
    0x08001110   0x00000018   Code   RO          684    i.fputc             usart.o
    0x08001128   0x00000064   Code   RO            7    i.main              main.o
    0x0800118c   0x00000058   Code   RO         2029    i.my_mem_free       malloc.o
    0x080011e4   0x0000003c   Code   RO         2030    i.my_mem_init       malloc.o
    0x08001220   0x00000038   Code   RO         2032    i.my_mem_perused    malloc.o
    0x08001258   0x00000018   Code   RO         2033    i.myfree            malloc.o
    0x08001270   0x00000010   Code   RO         2035    i.mymemcpy          malloc.o
    0x08001280   0x0000000c   Code   RO         2036    i.mymemset          malloc.o
    0x0800128c   0x0000001e   Code   RO          685    i.myuart_init       usart.o
    0x080012aa   0x00000002   PAD
    0x080012ac   0x00000060   Code   RO          686    i.myuart_send       usart.o
    0x0800130c   0x00000070   Code   RO         2470    i.prvAddCurrentTaskToDelayedList  tasks.o
    0x0800137c   0x000000d0   Code   RO         2471    i.prvAddNewTaskToReadyList  tasks.o
    0x0800144c   0x00000050   Code   RO         2842    i.prvCheckForValidListAndQueue  timers.o
    0x0800149c   0x00000054   Code   RO         2472    i.prvCheckTasksWaitingTermination  tasks.o
    0x080014f0   0x00000026   Code   RO         2251    i.prvCopyDataFromQueue  queue.o
    0x08001516   0x0000006c   Code   RO         2252    i.prvCopyDataToQueue  queue.o
    0x08001582   0x00000014   Code   RO         2473    i.prvDeleteTCB      tasks.o
    0x08001596   0x00000002   PAD
    0x08001598   0x00000034   Code   RO         2474    i.prvGetExpectedIdleTime  tasks.o
    0x080015cc   0x0000004c   Code   RO         2962    i.prvHeapInit       heap_4.o
    0x08001618   0x00000084   Code   RO         2475    i.prvIdleTask       tasks.o
    0x0800169c   0x000000c0   Code   RO         2476    i.prvInitialiseNewTask  tasks.o
    0x0800175c   0x0000004c   Code   RO         2963    i.prvInsertBlockIntoFreeList  heap_4.o
    0x080017a8   0x00000038   Code   RO         2843    i.prvInsertTimerInActiveList  timers.o
    0x080017e0   0x0000001a   Code   RO         2253    i.prvIsQueueEmpty   queue.o
    0x080017fa   0x00000002   PAD
    0x080017fc   0x00000090   Code   RO         2254    i.prvNotifyQueueSetContainer  queue.o
    0x0800188c   0x00000060   Code   RO         2844    i.prvProcessExpiredTimer  timers.o
    0x080018ec   0x000000f0   Code   RO         2845    i.prvProcessReceivedCommands  timers.o
    0x080019dc   0x0000006c   Code   RO         2846    i.prvProcessTimerOrBlockTask  timers.o
    0x08001a48   0x00000020   Code   RO         2478    i.prvResetNextTaskUnblockTime  tasks.o
    0x08001a68   0x00000028   Code   RO         2847    i.prvSampleTimeNow  timers.o
    0x08001a90   0x0000006c   Code   RO         2848    i.prvSwitchTimerLists  timers.o
    0x08001afc   0x00000064   Code   RO         3012    i.prvTaskExitError  port.o
    0x08001b60   0x00000028   Code   RO         2849    i.prvTimerTask      timers.o
    0x08001b88   0x00000078   Code   RO         2255    i.prvUnlockQueue    queue.o
    0x08001c00   0x00000114   Code   RO         2964    i.pvPortMalloc      heap_4.o
    0x08001d14   0x00000018   Code   RO         2481    i.pvTaskIncrementMutexHeldCount  tasks.o
    0x08001d2c   0x00000024   Code   RO         3013    i.pxPortInitialiseStack  port.o
    0x08001d50   0x00000080   Code   RO            8    i.start_task        main.o
    0x08001dd0   0x000000a4   Code   RO          687    i.uart_init         usart.o
    0x08001e74   0x000000a4   Code   RO          688    i.uart_init2        usart.o
    0x08001f18   0x00000024   Code   RO         2214    i.uxListRemove      list.o
    0x08001f3c   0x00000016   Code   RO         2215    i.vListInitialise   list.o
    0x08001f52   0x00000006   Code   RO         2216    i.vListInitialiseItem  list.o
    0x08001f58   0x00000030   Code   RO         2217    i.vListInsert       list.o
    0x08001f88   0x00000018   Code   RO         2218    i.vListInsertEnd    list.o
    0x08001fa0   0x00000078   Code   RO         3015    i.vPortEnterCritical  port.o
    0x08002018   0x00000064   Code   RO         3016    i.vPortExitCritical  port.o
    0x0800207c   0x0000009c   Code   RO         2965    i.vPortFree         heap_4.o
    0x08002118   0x00000044   Code   RO         3017    i.vPortSetupTimerInterrupt  port.o
    0x0800215c   0x000000e8   Code   RO         3018    i.vPortSuppressTicksAndSleep  port.o
    0x08002244   0x0000008c   Code   RO         3019    i.vPortValidateInterruptPriority  port.o
    0x080022d0   0x00000024   Code   RO         2261    i.vQueueAddToRegistry  queue.o
    0x080022f4   0x00000044   Code   RO         2265    i.vQueueWaitForMessageRestricted  queue.o
    0x08002338   0x000000cc   Code   RO         2491    i.vTaskDelete       tasks.o
    0x08002404   0x0000000c   Code   RO         2496    i.vTaskMissedYield  tasks.o
    0x08002410   0x00000054   Code   RO         2498    i.vTaskPlaceOnEventList  tasks.o
    0x08002464   0x0000005c   Code   RO         2499    i.vTaskPlaceOnEventListRestricted  tasks.o
    0x080024c0   0x00000084   Code   RO         2501    i.vTaskPriorityInherit  tasks.o
    0x08002544   0x00000048   Code   RO         2505    i.vTaskSetTimeOutState  tasks.o
    0x0800258c   0x00000098   Code   RO         2506    i.vTaskStartScheduler  tasks.o
    0x08002624   0x0000004c   Code   RO         2507    i.vTaskStepTick     tasks.o
    0x08002670   0x00000010   Code   RO         2509    i.vTaskSuspendAll   tasks.o
    0x08002680   0x0000009c   Code   RO         2510    i.vTaskSwitchContext  tasks.o
    0x0800271c   0x00000078   Code   RO         3020    i.xPortStartScheduler  port.o
    0x08002794   0x0000002c   Code   RO         3021    i.xPortSysTickHandler  port.o
    0x080027c0   0x00000078   Code   RO         2270    i.xQueueGenericCreate  queue.o
    0x08002838   0x00000184   Code   RO         2271    i.xQueueGenericReceive  queue.o
    0x080029bc   0x000000a8   Code   RO         2272    i.xQueueGenericReset  queue.o
    0x08002a64   0x00000188   Code   RO         2273    i.xQueueGenericSend  queue.o
    0x08002bec   0x000000e0   Code   RO         2274    i.xQueueGenericSendFromISR  queue.o
    0x08002ccc   0x000000c8   Code   RO         2275    i.xQueueGiveFromISR  queue.o
    0x08002d94   0x00000088   Code   RO         2511    i.xTaskCheckForTimeOut  tasks.o
    0x08002e1c   0x00000056   Code   RO         2512    i.xTaskCreate       tasks.o
    0x08002e72   0x00000002   PAD
    0x08002e74   0x0000001c   Code   RO         2516    i.xTaskGetSchedulerState  tasks.o
    0x08002e90   0x0000000c   Code   RO         2517    i.xTaskGetTickCount  tasks.o
    0x08002e9c   0x000000e8   Code   RO         2519    i.xTaskIncrementTick  tasks.o
    0x08002f84   0x000000b4   Code   RO         2522    i.xTaskPriorityDisinherit  tasks.o
    0x08003038   0x0000009c   Code   RO         2523    i.xTaskRemoveFromEventList  tasks.o
    0x080030d4   0x000000e4   Code   RO         2525    i.xTaskResumeAll    tasks.o
    0x080031b8   0x00000074   Code   RO         2852    i.xTimerCreate      timers.o
    0x0800322c   0x00000074   Code   RO         2853    i.xTimerCreateTimerTask  timers.o
    0x080032a0   0x00000090   Code   RO         2854    i.xTimerGenericCommand  timers.o
    0x08003330   0x00000018   Data   RO         2042    .constdata          malloc.o
    0x08003348   0x00000020   Data   RO         3361    Region$$Table       anon$$obj.o


    Execution Region ER_RW (Base: 0x20000000, Size: 0x000000f4, Max: 0xffffffff, ABSOLUTE)

    Base Addr    Size         Type   Attr      Idx    E Section Name        Object

    0x20000000   0x00000014   Data   RW           10    .data               main.o
    0x20000014   0x00000014   Data   RW          301    .data               system_stm32f10x.o
    0x20000028   0x00000008   Data   RW          342    .data               timer.o
    0x20000030   0x00000004   Data   RW          609    .data               delay.o
    0x20000034   0x00000004   Data   RW          690    .data               usart.o
    0x20000038   0x00000004   Data   RW          691    .data               usart.o
    0x2000003c   0x00000014   Data   RW          974    .data               stm32f10x_rcc.o
    0x20000050   0x0000001c   Data   RW         2043    .data               malloc.o
    0x2000006c   0x00000044   Data   RW         2528    .data               tasks.o
    0x200000b0   0x00000014   Data   RW         2862    .data               timers.o
    0x200000c4   0x00000018   Data   RW         2970    .data               heap_4.o
    0x200000dc   0x00000018   Data   RW         3022    .data               port.o


    Execution Region ER_ZI (Base: 0x200000f4, Size: 0x0000b09c, Max: 0xffffffff, ABSOLUTE)

    Base Addr    Size         Type   Attr      Idx    E Section Name        Object

    0x200000f4   0x00000052   Zero   RW            9    .bss                main.o
    0x20000146   0x00000190   Zero   RW          689    .bss                usart.o
    0x200002d6   0x0000000a   PAD
    0x200002e0   0x00005000   Zero   RW         2040    .bss                malloc.o
    0x200052e0   0x00000500   Zero   RW         2041    .bss                malloc.o
    0x200057e0   0x00000040   Zero   RW         2285    .bss                queue.o
    0x20005820   0x000002e4   Zero   RW         2527    .bss                tasks.o
    0x20005b04   0x00000028   Zero   RW         2861    .bss                timers.o
    0x20005b2c   0x00005000   Zero   RW         2969    .bss                heap_4.o
    0x2000ab2c   0x00000060   Zero   RW         3240    .bss                c_w.l(libspace.o)
    0x2000ab8c   0x00000004   PAD
    0x2000ab90   0x00000200   Zero   RW          762    HEAP                startup_stm32f10x_hd.o
    0x2000ad90   0x00000400   Zero   RW          761    STACK               startup_stm32f10x_hd.o



  Load Region LR$$.ARM.__AT_0x68000000 (Base: 0x68000000, Size: 0x00000000, Max: 0x000f0000, ABSOLUTE)

    Execution Region ER$$.ARM.__AT_0x68000000 (Base: 0x68000000, Size: 0x000f0000, Max: 0x000f0000, ABSOLUTE, UNINIT)

    Base Addr    Size         Type   Attr      Idx    E Section Name        Object

    0x68000000   0x000f0000   Zero   RW         2038    .ARM.__AT_0x68000000  malloc.o



  Load Region LR$$.ARM.__AT_0x680F0000 (Base: 0x680f0000, Size: 0x00000000, Max: 0x0000f000, ABSOLUTE)

    Execution Region ER$$.ARM.__AT_0x680F0000 (Base: 0x680f0000, Size: 0x0000f000, Max: 0x0000f000, ABSOLUTE, UNINIT)

    Base Addr    Size         Type   Attr      Idx    E Section Name        Object

    0x680f0000   0x0000f000   Zero   RW         2039    .ARM.__AT_0x680F0000  malloc.o


==============================================================================

Image component sizes


      Code (inc. data)   RO Data    RW Data    ZI Data      Debug   Object Name

        56          6          0          0          0        476   beep.o
        92         12          0          4          0       1119   delay.o
         0          0          0          0          0      10228   event_groups.o
       584        138          0         24      20480       3495   heap_4.o
        60          8          0          0          0        467   key.o
         0          0          0          0          0       1452   lcd.o
       136         16          0          0          0        511   led.o
       136          0          0          0          0       2666   list.o
       580         96          0         20         82     274130   main.o
       256         32         24         28    1066240       4425   malloc.o
       144         16          0          0          0       1841   misc.o
      1110        322          0         24          0      10722   port.o
      2032        274          0          0         64      11585   queue.o
        64         26        304          0       1536        776   startup_stm32f10x_hd.o
       164          0          0          0          0       2644   stm32f10x_gpio.o
        12          0          0          0          0       2305   stm32f10x_it.o
       196         28          0         20          0       4222   stm32f10x_rcc.o
       222         42          0          0          0       3985   stm32f10x_tim.o
       332          6          0          0          0       5449   stm32f10x_usart.o
         0          0          0          0          0         32   sys.o
       248         24          0         20          0       1617   system_stm32f10x.o
      2958        726          0         68        740      27864   tasks.o
       164         16          0          8          0       1728   timer.o
      1144        260          0         20         40       8206   timers.o
       772         82          0          8        400       6473   usart.o

    ----------------------------------------------------------------------
     11476       2130        360        244    1089592     388418   Object Totals
         0          0         32          0          0          0   (incl. Generated)
        14          0          0          0         10          0   (incl. Padding)

    ----------------------------------------------------------------------

      Code (inc. data)   RO Data    RW Data    ZI Data      Debug   Library Member Name

         8          0          0          0          0         68   __main.o
       104          0          0          0          0         84   __printf.o
         0          0          0          0          0          0   __rtentry.o
        12          0          0          0          0          0   __rtentry2.o
         6          0          0          0          0          0   __rtentry4.o
        52          8          0          0          0          0   __scatter.o
        26          0          0          0          0          0   __scatter_copy.o
        28          0          0          0          0          0   __scatter_zi.o
        44          0          0          0          0        108   _printf_char.o
        48          6          0          0          0         96   _printf_char_common.o
        36          4          0          0          0         80   _printf_char_file.o
         6          0          0          0          0          0   _printf_d.o
       120         16          0          0          0         92   _printf_dec.o
       178          0          0          0          0         88   _printf_intcommon.o
         0          0          0          0          0          0   _printf_percent.o
         4          0          0          0          0          0   _printf_percent_end.o
         6          0          0          0          0          0   _printf_s.o
        82          0          0          0          0         80   _printf_str.o
        16          0          0          0          0         68   aeabi_memset.o
        12          0          0          0          0         72   exit.o
         8          0          0          0          0         68   ferror.o
         6          0          0          0          0        152   heapauxi.o
         2          0          0          0          0          0   libinit.o
         2          0          0          0          0          0   libinit2.o
         2          0          0          0          0          0   libshutdown.o
         2          0          0          0          0          0   libshutdown2.o
         8          4          0          0         96         68   libspace.o
        24          4          0          0          0         84   noretval__2printf.o
        68          0          0          0          0         68   rt_memclr.o
        78          0          0          0          0         80   rt_memclr_w.o
       138          0          0          0          0         68   rt_memcpy_v6.o
       100          0          0          0          0         80   rt_memcpy_w.o
         2          0          0          0          0          0   rtexit.o
        10          0          0          0          0          0   rtexit2.o
        74          0          0          0          0         80   sys_stackheap_outer.o
         2          0          0          0          0         68   use_no_semi.o
         2          0          0          0          0         68   use_no_semi_2.o

    ----------------------------------------------------------------------
      1324         42          0          0        100       1720   Library Totals
         8          0          0          0          4          0   (incl. Padding)

    ----------------------------------------------------------------------

      Code (inc. data)   RO Data    RW Data    ZI Data      Debug   Library Name

      1316         42          0          0         96       1720   c_w.l

    ----------------------------------------------------------------------
      1324         42          0          0        100       1720   Library Totals

    ----------------------------------------------------------------------

==============================================================================


      Code (inc. data)   RO Data    RW Data    ZI Data      Debug   

     12800       2172        360        244    1089692     382802   Grand Totals
     12800       2172        360        244    1089692     382802   ELF Image Totals
     12800       2172        360        244          0          0   ROM Totals

==============================================================================

    Total RO  Size (Code + RO Data)                13160 (  12.85kB)
    Total RW  Size (RW Data + ZI Data)           1089936 (1064.39kB)
    Total ROM Size (Code + RO Data + RW Data)      13404 (  13.09kB)

==============================================================================

